Component: ARM Compiler 5.06 update 6 (build 750) Tool: armlink [4d35ed]

==============================================================================

Section Cross References

    startup_stm32f10x_hd.o(RESET) refers to startup_stm32f10x_hd.o(STACK) for __initial_sp
    startup_stm32f10x_hd.o(RESET) refers to startup_stm32f10x_hd.o(.text) for Reset_Handler
    startup_stm32f10x_hd.o(RESET) refers to stm32f10x_it.o(i.NMI_Handler) for NMI_Handler
    startup_stm32f10x_hd.o(RESET) refers to stm32f10x_it.o(i.HardFault_Handler) for HardFault_Handler
    startup_stm32f10x_hd.o(RESET) refers to stm32f10x_it.o(i.MemManage_Handler) for MemManage_Handler
    startup_stm32f10x_hd.o(RESET) refers to stm32f10x_it.o(i.BusFault_Handler) for BusFault_Handler
    startup_stm32f10x_hd.o(RESET) refers to stm32f10x_it.o(i.UsageFault_Handler) for UsageFault_Handler
    startup_stm32f10x_hd.o(RESET) refers to stm32f10x_it.o(i.SVC_Handler) for SVC_Handler
    startup_stm32f10x_hd.o(RESET) refers to stm32f10x_it.o(i.DebugMon_Handler) for DebugMon_Handler
    startup_stm32f10x_hd.o(RESET) refers to stm32f10x_it.o(i.PendSV_Handler) for PendSV_Handler
    startup_stm32f10x_hd.o(RESET) refers to delay.o(i.SysTick_Handler) for SysTick_Handler
    startup_stm32f10x_hd.o(RESET) refers to timer.o(i.TIM3_IRQHandler) for TIM3_IRQHandler
    startup_stm32f10x_hd.o(RESET) refers to usart1.o(i.USART1_IRQHandler) for USART1_IRQHandler
    startup_stm32f10x_hd.o(.text) refers to system_stm32f10x.o(i.SystemInit) for SystemInit
    startup_stm32f10x_hd.o(.text) refers to entry.o(.ARM.Collect$$$$00000000) for __main
    system_stm32f10x.o(i.SetSysClock) refers to system_stm32f10x.o(i.SetSysClockTo72) for SetSysClockTo72
    system_stm32f10x.o(i.SystemCoreClockUpdate) refers to system_stm32f10x.o(.data) for SystemCoreClock
    system_stm32f10x.o(i.SystemInit) refers to system_stm32f10x.o(i.SetSysClock) for SetSysClock
    main.o(i.BreatheLed) refers to stm32f10x_gpio.o(i.GPIO_WriteBit) for GPIO_WriteBit
    main.o(i.BreatheLed) refers to main.o(.data) for B_Reverse
    main.o(i.main) refers to led.o(i.LED_Config) for LED_Config
    main.o(i.main) refers to led.o(i.RGB_Config) for RGB_Config
    main.o(i.main) refers to beep.o(i.BEEP_Config) for BEEP_Config
    main.o(i.main) refers to bsp_lcd.o(i.TFTLCD_Init) for TFTLCD_Init
    main.o(i.main) refers to rtc.o(i.RTC_Configuration) for RTC_Configuration
    main.o(i.main) refers to usart1.o(i.USART1_Config) for USART1_Config
    main.o(i.main) refers to daiji1.o(i.DaiJi) for DaiJi
    main.o(i.main) refers to main.o(i.BreatheLed) for BreatheLed
    main.o(i.main) refers to biaopan1.o(i.showbiaopan) for showbiaopan
    main.o(i.main) refers to delay.o(.data) for LED1_TIME
    led.o(i.LED_Config) refers to stm32f10x_rcc.o(i.RCC_APB2PeriphClockCmd) for RCC_APB2PeriphClockCmd
    led.o(i.LED_Config) refers to stm32f10x_gpio.o(i.GPIO_Init) for GPIO_Init
    led.o(i.LED_Config) refers to stm32f10x_gpio.o(i.GPIO_WriteBit) for GPIO_WriteBit
    led.o(i.RGB_Config) refers to stm32f10x_rcc.o(i.RCC_APB2PeriphClockCmd) for RCC_APB2PeriphClockCmd
    led.o(i.RGB_Config) refers to stm32f10x_gpio.o(i.GPIO_Init) for GPIO_Init
    led.o(i.RGB_Config) refers to stm32f10x_gpio.o(i.GPIO_WriteBit) for GPIO_WriteBit
    delay.o(i.Delay_ms) refers to delay.o(i.Delay_us) for Delay_us
    delay.o(i.Delay_us) refers to delay.o(i.Delay_lus) for Delay_lus
    delay.o(i.KEY_Check_Plus) refers to stm32f10x_gpio.o(i.GPIO_ReadInputDataBit) for GPIO_ReadInputDataBit
    delay.o(i.KEY_Check_Plus) refers to delay.o(.data) for key_time
    delay.o(i.SysTick_Handler) refers to delay.o(i.KEY_Check_Plus) for KEY_Check_Plus
    delay.o(i.SysTick_Handler) refers to delay.o(.data) for LED1_TIME
    key.o(i.KET_Config) refers to stm32f10x_rcc.o(i.RCC_APB2PeriphClockCmd) for RCC_APB2PeriphClockCmd
    key.o(i.KET_Config) refers to stm32f10x_gpio.o(i.GPIO_Init) for GPIO_Init
    key.o(i.KEY_Check) refers to stm32f10x_gpio.o(i.GPIO_ReadInputDataBit) for GPIO_ReadInputDataBit
    key.o(i.KEY_Check) refers to delay.o(i.Delay_ms) for Delay_ms
    beep.o(i.BEEP_Config) refers to stm32f10x_rcc.o(i.RCC_APB2PeriphClockCmd) for RCC_APB2PeriphClockCmd
    beep.o(i.BEEP_Config) refers to stm32f10x_gpio.o(i.GPIO_Init) for GPIO_Init
    usart1.o(i.USART1_Config) refers to stm32f10x_rcc.o(i.RCC_APB2PeriphClockCmd) for RCC_APB2PeriphClockCmd
    usart1.o(i.USART1_Config) refers to stm32f10x_gpio.o(i.GPIO_Init) for GPIO_Init
    usart1.o(i.USART1_Config) refers to stm32f10x_usart.o(i.USART_Init) for USART_Init
    usart1.o(i.USART1_Config) refers to stm32f10x_usart.o(i.USART_Cmd) for USART_Cmd
    usart1.o(i.USART1_Config) refers to stm32f10x_usart.o(i.USART_ITConfig) for USART_ITConfig
    usart1.o(i.USART1_Config) refers to misc.o(i.NVIC_Init) for NVIC_Init
    usart1.o(i.USART1_IRQHandler) refers to stm32f10x_usart.o(i.USART_GetITStatus) for USART_GetITStatus
    usart1.o(i.USART1_IRQHandler) refers to usart1.o(.data) for recv
[...]
    Removing stm32f10x_rcc.o(i.RCC_USBCLKConfig), (12 bytes).
    Removing stm32f10x_rcc.o(i.RCC_WaitForHSEStartUp), (56 bytes).
    Removing stm32f10x_rtc.o(.rev16_text), (4 bytes).
    Removing stm32f10x_rtc.o(.revsh_text), (4 bytes).
    Removing stm32f10x_rtc.o(.rrx_text), (6 bytes).
    Removing stm32f10x_rtc.o(i.RTC_ClearFlag), (16 bytes).
    Removing stm32f10x_rtc.o(i.RTC_ClearITPendingBit), (16 bytes).
    Removing stm32f10x_rtc.o(i.RTC_GetDivider), (24 bytes).
    Removing stm32f10x_rtc.o(i.RTC_GetFlagStatus), (24 bytes).
    Removing stm32f10x_rtc.o(i.RTC_GetITStatus), (36 bytes).
    Removing stm32f10x_rtc.o(i.RTC_SetAlarm), (28 bytes).
    Removing stm32f10x_rtc.o(i.RTC_SetCounter), (28 bytes).
    Removing stm32f10x_sdio.o(.rev16_text), (4 bytes).
    Removing stm32f10x_sdio.o(.revsh_text), (4 bytes).
    Removing stm32f10x_sdio.o(.rrx_text), (6 bytes).
    Removing stm32f10x_sdio.o(i.SDIO_CEATAITCmd), (16 bytes).
    Removing stm32f10x_sdio.o(i.SDIO_ClearFlag), (12 bytes).
    Removing stm32f10x_sdio.o(i.SDIO_ClearITPendingBit), (12 bytes).
    Removing stm32f10x_sdio.o(i.SDIO_ClockCmd), (12 bytes).
    Removing stm32f10x_sdio.o(i.SDIO_CmdStructInit), (14 bytes).
    Removing stm32f10x_sdio.o(i.SDIO_CommandCompletionCmd), (12 bytes).
    Removing stm32f10x_sdio.o(i.SDIO_DMACmd), (12 bytes).
    Removing stm32f10x_sdio.o(i.SDIO_DataConfig), (48 bytes).
    Removing stm32f10x_sdio.o(i.SDIO_DataStructInit), (20 bytes).
    Removing stm32f10x_sdio.o(i.SDIO_DeInit), (36 bytes).
    Removing stm32f10x_sdio.o(i.SDIO_GetCommandResponse), (12 bytes).
    Removing stm32f10x_sdio.o(i.SDIO_GetDataCounter), (12 bytes).
    Removing stm32f10x_sdio.o(i.SDIO_GetFIFOCount), (12 bytes).
    Removing stm32f10x_sdio.o(i.SDIO_GetFlagStatus), (24 bytes).
    Removing stm32f10x_sdio.o(i.SDIO_GetITStatus), (24 bytes).
    Removing stm32f10x_sdio.o(i.SDIO_GetPowerState), (16 bytes).
    Removing stm32f10x_sdio.o(i.SDIO_GetResponse), (24 bytes).
    Removing stm32f10x_sdio.o(i.SDIO_ITConfig), (32 bytes).
    Removing stm32f10x_sdio.o(i.SDIO_Init), (48 bytes).
    Removing stm32f10x_sdio.o(i.SDIO_ReadData), (12 bytes).
    Removing stm32f10x_sdio.o(i.SDIO_SendCEATACmd), (12 bytes).
    Removing stm32f10x_sdio.o(i.SDIO_SendCommand), (44 bytes).
    Removing stm32f10x_sdio.o(i.SDIO_SendSDIOSuspendCmd), (12 bytes).
    Removing stm32f10x_sdio.o(i.SDIO_SetPowerState), (28 bytes).
    Removing stm32f10x_sdio.o(i.SDIO_SetSDIOOperation), (12 bytes).
    Removing stm32f10x_sdio.o(i.SDIO_SetSDIOReadWaitMode), (12 bytes).
    Removing stm32f10x_sdio.o(i.SDIO_StartSDIOReadWait), (12 bytes).
    Removing stm32f10x_sdio.o(i.SDIO_StopSDIOReadWait), (12 bytes).
    Removing stm32f10x_sdio.o(i.SDIO_StructInit), (16 bytes).
    Removing stm32f10x_sdio.o(i.SDIO_WriteData), (12 bytes).
    Removing stm32f10x_spi.o(.rev16_text), (4 bytes).
    Removing stm32f10x_spi.o(.revsh_text), (4 bytes).
    Removing stm32f10x_spi.o(.rrx_text), (6 bytes).
    Removing stm32f10x_spi.o(i.I2S_Cmd), (24 bytes).
    Removing stm32f10x_spi.o(i.I2S_Init), (232 bytes).
    Removing stm32f10x_spi.o(i.I2S_StructInit), (20 bytes).
    Removing stm32f10x_spi.o(i.SPI_BiDirectionalLineConfig), (28 bytes).
    Removing stm32f10x_spi.o(i.SPI_CalculateCRC), (24 bytes).
    Removing stm32f10x_spi.o(i.SPI_Cmd), (24 bytes).
    Removing stm32f10x_spi.o(i.SPI_DataSizeConfig), (18 bytes).
    Removing stm32f10x_spi.o(i.SPI_GetCRC), (16 bytes).
    Removing stm32f10x_spi.o(i.SPI_GetCRCPolynomial), (6 bytes).
    Removing stm32f10x_spi.o(i.SPI_I2S_ClearFlag), (6 bytes).
    Removing stm32f10x_spi.o(i.SPI_I2S_ClearITPendingBit), (20 bytes).
    Removing stm32f10x_spi.o(i.SPI_I2S_DMACmd), (18 bytes).
    Removing stm32f10x_spi.o(i.SPI_I2S_DeInit), (88 bytes).
    Removing stm32f10x_spi.o(i.SPI_I2S_GetFlagStatus), (18 bytes).
    Removing stm32f10x_spi.o(i.SPI_I2S_GetITStatus), (52 bytes).
    Removing stm32f10x_spi.o(i.SPI_I2S_ITConfig), (32 bytes).
    Removing stm32f10x_spi.o(i.SPI_I2S_ReceiveData), (6 bytes).
    Removing stm32f10x_spi.o(i.SPI_I2S_SendData), (4 bytes).
    Removing stm32f10x_spi.o(i.SPI_Init), (60 bytes).
    Removing stm32f10x_spi.o(i.SPI_NSSInternalSoftwareConfig), (30 bytes).
    Removing stm32f10x_spi.o(i.SPI_SSOutputCmd), (24 bytes).
    Removing stm32f10x_spi.o(i.SPI_StructInit), (24 bytes).
    Removing stm32f10x_spi.o(i.SPI_TransmitCRC), (10 bytes).
    Removing stm32f10x_tim.o(.rev16_text), (4 bytes).
    Removing stm32f10x_tim.o(.revsh_text), (4 bytes).
    Removing stm32f10x_tim.o(.rrx_text), (6 bytes).
    Removing stm32f10x_tim.o(i.TI1_Config), (128 bytes).
    Removing stm32f10x_tim.o(i.TI2_Config), (152 bytes).
    Removing stm32f10x_tim.o(i.TI3_Config), (144 bytes).
    Removing stm32f10x_tim.o(i.TI4_Config), (152 bytes).
    Removing stm32f10x_tim.o(i.TIM_ARRPreloadConfig), (24 bytes).
    Removing stm32f10x_tim.o(i.TIM_BDTRConfig), (32 bytes).
    Removing stm32f10x_tim.o(i.TIM_BDTRStructInit), (18 bytes).
    Removing stm32f10x_tim.o(i.TIM_CCPreloadControl), (24 bytes).
    Removing stm32f10x_tim.o(i.TIM_CCxCmd), (30 bytes).
    Removing stm32f10x_tim.o(i.TIM_CCxNCmd), (30 bytes).
    Removing stm32f10x_tim.o(i.TIM_ClearFlag), (6 bytes).
    Removing stm32f10x_tim.o(i.TIM_ClearOC1Ref), (18 bytes).
    Removing stm32f10x_tim.o(i.TIM_ClearOC2Ref), (24 bytes).
    Removing stm32f10x_tim.o(i.TIM_ClearOC3Ref), (18 bytes).
    Removing stm32f10x_tim.o(i.TIM_ClearOC4Ref), (24 bytes).
    Removing stm32f10x_tim.o(i.TIM_Cmd), (24 bytes).
    Removing stm32f10x_tim.o(i.TIM_CounterModeConfig), (18 bytes).
    Removing stm32f10x_tim.o(i.TIM_CtrlPWMOutputs), (30 bytes).
    Removing stm32f10x_tim.o(i.TIM_DMACmd), (18 bytes).
    Removing stm32f10x_tim.o(i.TIM_DMAConfig), (10 bytes).
    Removing stm32f10x_tim.o(i.TIM_DeInit), (488 bytes).
    Removing stm32f10x_tim.o(i.TIM_ETRClockMode1Config), (54 bytes).
    Removing stm32f10x_tim.o(i.TIM_ETRClockMode2Config), (32 bytes).
    Removing stm32f10x_tim.o(i.TIM_ETRConfig), (28 bytes).
    Removing stm32f10x_tim.o(i.TIM_EncoderInterfaceConfig), (66 bytes).
    Removing stm32f10x_tim.o(i.TIM_ForcedOC1Config), (18 bytes).
    Removing stm32f10x_tim.o(i.TIM_ForcedOC2Config), (26 bytes).
    Removing stm32f10x_tim.o(i.TIM_ForcedOC3Config), (18 bytes).
    Removing stm32f10x_tim.o(i.TIM_ForcedOC4Config), (26 bytes).
    Removing stm32f10x_tim.o(i.TIM_GenerateEvent), (4 bytes).
    Removing stm32f10x_tim.o(i.TIM_GetCapture1), (6 bytes).
    Removing stm32f10x_tim.o(i.TIM_GetCapture2), (6 bytes).
    Removing stm32f10x_tim.o(i.TIM_GetCapture3), (6 bytes).
    Removing stm32f10x_tim.o(i.TIM_GetCapture4), (8 bytes).
    Removing stm32f10x_tim.o(i.TIM_GetCounter), (6 bytes).
    Removing stm32f10x_tim.o(i.TIM_GetFlagStatus), (18 bytes).
    Removing stm32f10x_tim.o(i.TIM_GetPrescaler), (6 bytes).
    Removing stm32f10x_tim.o(i.TIM_ICInit), (172 bytes).
    Removing stm32f10x_tim.o(i.TIM_ICStructInit), (18 bytes).
    Removing stm32f10x_tim.o(i.TIM_ITConfig), (18 bytes).
    Removing stm32f10x_tim.o(i.TIM_ITRxExternalClockConfig), (24 bytes).
    Removing stm32f10x_tim.o(i.TIM_InternalClockConfig), (12 bytes).
    Removing stm32f10x_tim.o(i.TIM_OC1FastConfig), (18 bytes).
    Removing stm32f10x_tim.o(i.TIM_OC1Init), (152 bytes).
    Removing stm32f10x_tim.o(i.TIM_OC1NPolarityConfig), (18 bytes).
    Removing stm32f10x_tim.o(i.TIM_OC1PolarityConfig), (18 bytes).
    Removing stm32f10x_tim.o(i.TIM_OC1PreloadConfig), (18 bytes).
    Removing stm32f10x_tim.o(i.TIM_OC2FastConfig), (26 bytes).
    Removing stm32f10x_tim.o(i.TIM_OC2Init), (164 bytes).
    Removing stm32f10x_tim.o(i.TIM_OC2NPolarityConfig), (26 bytes).
    Removing stm32f10x_tim.o(i.TIM_OC2PolarityConfig), (26 bytes).
    Removing stm32f10x_tim.o(i.TIM_OC2PreloadConfig), (26 bytes).
    Removing stm32f10x_tim.o(i.TIM_OC3FastConfig), (18 bytes).
    Removing stm32f10x_tim.o(i.TIM_OC3Init), (160 bytes).
    Removing stm32f10x_tim.o(i.TIM_OC3NPolarityConfig), (26 bytes).
    Removing stm32f10x_tim.o(i.TIM_OC3PolarityConfig), (26 bytes).
    Removing stm32f10x_tim.o(i.TIM_OC3PreloadConfig), (18 bytes).
    Removing stm32f10x_tim.o(i.TIM_OC4FastConfig), (26 bytes).
    Removing stm32f10x_tim.o(i.TIM_OC4Init), (124 bytes).
    Removing stm32f10x_tim.o(i.TIM_OC4PolarityConfig), (26 bytes).
    Removing stm32f10x_tim.o(i.TIM_OC4PreloadConfig), (26 bytes).
    Removing stm32f10x_tim.o(i.TIM_OCStructInit), (20 bytes).
    Removing stm32f10x_tim.o(i.TIM_PWMIConfig), (124 bytes).
    Removing stm32f10x_tim.o(i.TIM_PrescalerConfig), (6 bytes).
    Removing stm32f10x_tim.o(i.TIM_SelectCCDMA), (24 bytes).
    Removing stm32f10x_tim.o(i.TIM_SelectCOM), (24 bytes).
    Removing stm32f10x_tim.o(i.TIM_SelectHallSensor), (24 bytes).
    Removing stm32f10x_tim.o(i.TIM_SelectInputTrigger), (18 bytes).
    Removing stm32f10x_tim.o(i.TIM_SelectMasterSlaveMode), (18 bytes).
    Removing stm32f10x_tim.o(i.TIM_SelectOCxM), (82 bytes).
    Removing stm32f10x_tim.o(i.TIM_SelectOnePulseMode), (18 bytes).
    Removing stm32f10x_tim.o(i.TIM_SelectOutputTrigger), (18 bytes).
    Removing stm32f10x_tim.o(i.TIM_SelectSlaveMode), (18 bytes).
    Removing stm32f10x_tim.o(i.TIM_SetAutoreload), (4 bytes).
    Removing stm32f10x_tim.o(i.TIM_SetClockDivision), (18 bytes).
    Removing stm32f10x_tim.o(i.TIM_SetCompare1), (4 bytes).
    Removing stm32f10x_tim.o(i.TIM_SetCompare2), (4 bytes).
    Removing stm32f10x_tim.o(i.TIM_SetCompare3), (4 bytes).
    Removing stm32f10x_tim.o(i.TIM_SetCompare4), (6 bytes).
    Removing stm32f10x_tim.o(i.TIM_SetCounter), (4 bytes).
    Removing stm32f10x_tim.o(i.TIM_SetIC1Prescaler), (18 bytes).
    Removing stm32f10x_tim.o(i.TIM_SetIC2Prescaler), (26 bytes).
    Removing stm32f10x_tim.o(i.TIM_SetIC3Prescaler), (18 bytes).
    Removing stm32f10x_tim.o(i.TIM_SetIC4Prescaler), (26 bytes).
    Removing stm32f10x_tim.o(i.TIM_TIxExternalClockConfig), (62 bytes).
    Removing stm32f10x_tim.o(i.TIM_TimeBaseInit), (164 bytes).
    Removing stm32f10x_tim.o(i.TIM_TimeBaseStructInit), (18 bytes).
    Removing stm32f10x_tim.o(i.TIM_UpdateDisableConfig), (24 bytes).
    Removing stm32f10x_tim.o(i.TIM_UpdateRequestConfig), (24 bytes).
    Removing stm32f10x_usart.o(.rev16_text), (4 bytes).
    Removing stm32f10x_usart.o(.revsh_text), (4 bytes).
    Removing stm32f10x_usart.o(.rrx_text), (6 bytes).
    Removing stm32f10x_usart.o(i.USART_ClearFlag), (18 bytes).
    Removing stm32f10x_usart.o(i.USART_ClearITPendingBit), (30 bytes).
    Removing stm32f10x_usart.o(i.USART_ClockInit), (34 bytes).
    Removing stm32f10x_usart.o(i.USART_ClockStructInit), (12 bytes).
    Removing stm32f10x_usart.o(i.USART_DMACmd), (18 bytes).
    Removing stm32f10x_usart.o(i.USART_DeInit), (156 bytes).
    Removing stm32f10x_usart.o(i.USART_GetFlagStatus), (26 bytes).
    Removing stm32f10x_usart.o(i.USART_HalfDuplexCmd), (24 bytes).
    Removing stm32f10x_usart.o(i.USART_IrDACmd), (24 bytes).
    Removing stm32f10x_usart.o(i.USART_IrDAConfig), (18 bytes).
    Removing stm32f10x_usart.o(i.USART_LINBreakDetectLengthConfig), (18 bytes).
    Removing stm32f10x_usart.o(i.USART_LINCmd), (24 bytes).
    Removing stm32f10x_usart.o(i.USART_OneBitMethodCmd), (24 bytes).
    Removing stm32f10x_usart.o(i.USART_OverSampling8Cmd), (22 bytes).
    Removing stm32f10x_usart.o(i.USART_ReceiveData), (10 bytes).
    Removing stm32f10x_usart.o(i.USART_ReceiverWakeUpCmd), (24 bytes).
    Removing stm32f10x_usart.o(i.USART_SendBreak), (10 bytes).
    Removing stm32f10x_usart.o(i.USART_SendData), (8 bytes).
    Removing stm32f10x_usart.o(i.USART_SetAddress), (18 bytes).
    Removing stm32f10x_usart.o(i.USART_SetGuardTime), (16 bytes).
    Removing stm32f10x_usart.o(i.USART_SetPrescaler), (16 bytes).
    Removing stm32f10x_usart.o(i.USART_SmartCardCmd), (24 bytes).
    Removing stm32f10x_usart.o(i.USART_SmartCardNACKCmd), (24 bytes).
    Removing stm32f10x_usart.o(i.USART_StructInit), (24 bytes).
    Removing stm32f10x_usart.o(i.USART_WakeUpConfig), (18 bytes).
    Removing stm32f10x_wwdg.o(.rev16_text), (4 bytes).
    Removing stm32f10x_wwdg.o(.revsh_text), (4 bytes).
    Removing stm32f10x_wwdg.o(.rrx_text), (6 bytes).
    Removing stm32f10x_wwdg.o(i.WWDG_ClearFlag), (12 bytes).
    Removing stm32f10x_wwdg.o(i.WWDG_DeInit), (22 bytes).
    Removing stm32f10x_wwdg.o(i.WWDG_Enable), (16 bytes).
    Removing stm32f10x_wwdg.o(i.WWDG_EnableIT), (12 bytes).
    Removing stm32f10x_wwdg.o(i.WWDG_GetFlagStatus), (12 bytes).
    Removing stm32f10x_wwdg.o(i.WWDG_SetCounter), (16 bytes).
    Removing stm32f10x_wwdg.o(i.WWDG_SetPrescaler), (24 bytes).
    Removing stm32f10x_wwdg.o(i.WWDG_SetWindowValue), (40 bytes).
    Removing fmul.o(.text), (100 bytes).
    Removing ffixi.o(.text), (50 bytes).
    Removing d2f.o(.text), (56 bytes).
    Removing fepilogue.o(.text), (110 bytes).
    Removing dfixul.o(.text), (48 bytes).
    Removing cdrcmple.o(.text), (48 bytes).

648 unused section(s) (total 210714 bytes) removed from the image.

==============================================================================

Image Symbol Table

    Local Symbols

    Symbol Name                              Value     Ov Type        Size  Object(Section)

    ../clib/microlib/division.c              0x00000000   Number         0  uidiv.o ABSOLUTE
    ../clib/microlib/division.c              0x00000000   Number         0  uldiv.o ABSOLUTE
    ../clib/microlib/errno.c                 0x00000000   Number         0  errno.o ABSOLUTE
    ../clib/microlib/init/entry.s            0x00000000   Number         0  entry7a.o ABSOLUTE
    ../clib/microlib/init/entry.s            0x00000000   Number         0  entry7b.o ABSOLUTE
    ../clib/microlib/init/entry.s            0x00000000   Number         0  entry8a.o ABSOLUTE
    ../clib/microlib/init/entry.s            0x00000000   Number         0  entry8b.o ABSOLUTE
    ../clib/microlib/init/entry.s            0x00000000   Number         0  entry9b.o ABSOLUTE
    ../clib/microlib/init/entry.s            0x00000000   Number         0  entry10a.o ABSOLUTE
    ../clib/microlib/init/entry.s            0x00000000   Number         0  entry10b.o ABSOLUTE
    ../clib/microlib/init/entry.s            0x00000000   Number         0  entry9a.o ABSOLUTE
    ../clib/microlib/init/entry.s            0x00000000   Number         0  entry11a.o ABSOLUTE
    ../clib/microlib/init/entry.s            0x00000000   Number         0  entry11b.o ABSOLUTE
    ../clib/microlib/init/entry.s            0x00000000   Number         0  entry2.o ABSOLUTE
    ../clib/microlib/init/entry.s            0x00000000   Number         0  entry.o ABSOLUTE
    ../clib/microlib/init/entry.s            0x00000000   Number         0  entry5.o ABSOLUTE
    ../clib/microlib/longlong.c              0x00000000   Number         0  llsshr.o ABSOLUTE
    ../clib/microlib/longlong.c              0x00000000   Number         0  llushr.o ABSOLUTE
    ../clib/microlib/longlong.c              0x00000000   Number         0  llshl.o ABSOLUTE
    ../clib/microlib/printf/printf.c         0x00000000   Number         0  printf8.o ABSOLUTE
    ../clib/microlib/printf/printf.c         0x00000000   Number         0  printf7.o ABSOLUTE
    ../clib/microlib/printf/printf.c         0x00000000   Number         0  printf6.o ABSOLUTE
    ../clib/microlib/printf/printf.c         0x00000000   Number         0  printf5.o ABSOLUTE
    ../clib/microlib/printf/printf.c         0x00000000   Number         0  printf4.o ABSOLUTE
    ../clib/microlib/printf/printf.c         0x00000000   Number         0  printf3.o ABSOLUTE
    ../clib/microlib/printf/printf.c         0x00000000   Number         0  printf2.o ABSOLUTE
    ../clib/microlib/printf/printf.c         0x00000000   Number         0  printf1.o ABSOLUTE
    ../clib/microlib/printf/printf.c         0x00000000   Number         0  printfb.o ABSOLUTE
    ../clib/microlib/printf/printf.c         0x00000000   Number         0  printf0.o ABSOLUTE
    ../clib/microlib/printf/printf.c         0x00000000   Number         0  printfa.o ABSOLUTE
    ../clib/microlib/printf/stubs.s          0x00000000   Number         0  stubs.o ABSOLUTE
    ../clib/microlib/stdio/streams.c         0x00000000   Number         0  stdout.o ABSOLUTE
    ../clib/microlib/string/memcpy.c         0x00000000   Number         0  memcpyb.o ABSOLUTE
    ../clib/microlib/string/memcpy.c         0x00000000   Number         0  memcpya.o ABSOLUTE
    ../clib/microlib/string/memset.c         0x00000000   Number         0  memseta.o ABSOLUTE
    ../clib/microlib/string/strcmp.c         0x00000000   Number         0  strcmp.o ABSOLUTE
    ../clib/microlib/stubs.s                 0x00000000   Number         0  iusefp.o ABSOLUTE
    ../clib/microlib/time/localtime.c        0x00000000   Number         0  localtime.o ABSOLUTE
    ../clib/microlib/time/localtime.c        0x00000000   Number         0  localtime_i.o ABSOLUTE
    ../clib/microlib/time/localtime.c        0x00000000   Number         0  localtime_w.o ABSOLUTE
    ../clib/microlib/time/mktime.c           0x00000000   Number         0  mktime.o ABSOLUTE
    ../fplib/microlib/d2f.c                  0x00000000   Number         0  d2f.o ABSOLUTE
    ../fplib/microlib/fpadd.c                0x00000000   Number         0  dadd.o ABSOLUTE
    ../fplib/microlib/fpdiv.c                0x00000000   Number         0  ddiv.o ABSOLUTE
    ../fplib/microlib/fpepilogue.c           0x00000000   Number         0  fepilogue.o ABSOLUTE
    ../fplib/microlib/fpepilogue.c           0x00000000   Number         0  depilogue.o ABSOLUTE
    ../fplib/microlib/fpfix.c                0x00000000   Number         0  ffixi.o ABSOLUTE
    ../fplib/microlib/fpfix.c                0x00000000   Number         0  dfixul.o ABSOLUTE
    ../fplib/microlib/fpfix.c                0x00000000   Number         0  dfixi.o ABSOLUTE
    ../fplib/microlib/fpfix.c                0x00000000   Number         0  dfixui.o ABSOLUTE
    ../fplib/microlib/fpflt.c                0x00000000   Number         0  dfltui.o ABSOLUTE
    ../fplib/microlib/fpflt.c                0x00000000   Number         0  dflti.o ABSOLUTE
    ../fplib/microlib/fpmul.c                0x00000000   Number         0  dmul.o ABSOLUTE
    ../fplib/microlib/fpmul.c                0x00000000   Number         0  fmul.o ABSOLUTE
    ../fplib/microlib/fpscalb.c              0x00000000   Number         0  dscalb.o ABSOLUTE
    ../mathlib/cos.c                         0x00000000   Number         0  cos_x.o ABSOLUTE
    ../mathlib/cos.c                         0x00000000   Number         0  cos.o ABSOLUTE
    ../mathlib/cos_i.c                       0x00000000   Number         0  cos_i.o ABSOLUTE
    ../mathlib/dunder.c                      0x00000000   Number         0  dunder.o ABSOLUTE
    ../mathlib/fpclassify.c                  0x00000000   Number         0  fpclassify.o ABSOLUTE
    ../mathlib/poly.c                        0x00000000   Number         0  poly.o ABSOLUTE
    ../mathlib/rred.c                        0x00000000   Number         0  rred.o ABSOLUTE
    ../mathlib/sin.c                         0x00000000   Number         0  sin.o ABSOLUTE
    ../mathlib/sin.c                         0x00000000   Number         0  sin_x.o ABSOLUTE
    ../mathlib/sin_i.c                       0x00000000   Number         0  sin_i.o ABSOLUTE
    ../mathlib/sin_i.c                       0x00000000   Number         0  sin_i_x.o ABSOLUTE
    ..\\lib\\src\\misc.c                     0x00000000   Number         0  misc.o ABSOLUTE
    ..\\lib\\src\\stm32f10x_adc.c            0x00000000   Number         0  stm32f10x_adc.o ABSOLUTE
    ..\\lib\\src\\stm32f10x_bkp.c            0x00000000   Number         0  stm32f10x_bkp.o ABSOLUTE
    ..\\lib\\src\\stm32f10x_can.c            0x00000000   Number         0  stm32f10x_can.o ABSOLUTE
    ..\\lib\\src\\stm32f10x_cec.c            0x00000000   Number         0  stm32f10x_cec.o ABSOLUTE
    ..\\lib\\src\\stm32f10x_crc.c            0x00000000   Number         0  stm32f10x_crc.o ABSOLUTE
    ..\\lib\\src\\stm32f10x_dac.c            0x00000000   Number         0  stm32f10x_dac.o ABSOLUTE
    ..\\lib\\src\\stm32f10x_dbgmcu.c         0x00000000   Number         0  stm32f10x_dbgmcu.o ABSOLUTE
    ..\\lib\\src\\stm32f10x_dma.c            0x00000000   Number         0  stm32f10x_dma.o ABSOLUTE
    ..\\lib\\src\\stm32f10x_exti.c           0x00000000   Number         0  stm32f10x_exti.o ABSOLUTE
    ..\\lib\\src\\stm32f10x_flash.c          0x00000000   Number         0  stm32f10x_flash.o ABSOLUTE
    ..\\lib\\src\\stm32f10x_fsmc.c           0x00000000   Number         0  stm32f10x_fsmc.o ABSOLUTE
    ..\\lib\\src\\stm32f10x_gpio.c           0x00000000   Number         0  stm32f10x_gpio.o ABSOLUTE
    ..\\lib\\src\\stm32f10x_i2c.c            0x00000000   Number         0  stm32f10x_i2c.o ABSOLUTE
    ..\\lib\\src\\stm32f10x_iwdg.c           0x00000000   Number         0  stm32f10x_iwdg.o ABSOLUTE
    ..\\lib\\src\\stm32f10x_pwr.c            0x00000000   Number         0  stm32f10x_pwr.o ABSOLUTE
    ..\\lib\\src\\stm32f10x_rcc.c            0x00000000   Number         0  stm32f10x_rcc.o ABSOLUTE
    ..\\lib\\src\\stm32f10x_rtc.c            0x00000000   Number         0  stm32f10x_rtc.o ABSOLUTE
    ..\\lib\\src\\stm32f10x_sdio.c           0x00000000   Number         0  stm32f10x_sdio.o ABSOLUTE
    ..\\lib\\src\\stm32f10x_spi.c            0x00000000   Number         0  stm32f10x_spi.o ABSOLUTE
    ..\\lib\\src\\stm32f10x_tim.c            0x00000000   Number         0  stm32f10x_tim.o ABSOLUTE
    ..\\lib\\src\\stm32f10x_usart.c          0x00000000   Number         0  stm32f10x_usart.o ABSOLUTE
    ..\\lib\\src\\stm32f10x_wwdg.c           0x00000000   Number         0  stm32f10x_wwdg.o ABSOLUTE
    ..\\user\\api\\ADC2.c                    0x00000000   Number         0  adc2.o ABSOLUTE
    ..\\user\\api\\StepCount.c               0x00000000   Number         0  stepcount.o ABSOLUTE
    ..\\user\\api\\adc.c                     0x00000000   Number         0  adc.o ABSOLUTE
    ..\\user\\api\\beep.c                    0x00000000   Number         0  beep.o ABSOLUTE
    ..\\user\\api\\biaopan1.c                0x00000000   Number         0  biaopan1.o ABSOLUTE
    ..\\user\\api\\bsp_lcd.c                 0x00000000   Number         0  bsp_lcd.o ABSOLUTE
    ..\\user\\api\\daiji1.c                  0x00000000   Number         0  daiji1.o ABSOLUTE
    ..\\user\\api\\delay.c                   0x00000000   Number         0  delay.o ABSOLUTE
    ..\\user\\api\\dht11.c                   0x00000000   Number         0  dht11.o ABSOLUTE
    ..\\user\\api\\draw.c                    0x00000000   Number         0  draw.o ABSOLUTE
    ..\\user\\api\\key.c                     0x00000000   Number         0  key.o ABSOLUTE
    ..\\user\\api\\led.c                     0x00000000   Number         0  led.o ABSOLUTE
    ..\\user\\api\\mpu6050.c                 0x00000000   Number         0  mpu6050.o ABSOLUTE
    ..\\user\\api\\rtc.c                     0x00000000   Number         0  rtc.o ABSOLUTE
    ..\\user\\api\\timer.c                   0x00000000   Number         0  timer.o ABSOLUTE
    ..\\user\\api\\usart1.c                  0x00000000   Number         0  usart1.o ABSOLUTE
    ..\\user\\api\\xinlv.c                   0x00000000   Number         0  xinlv.o ABSOLUTE
    ..\\user\\api\\yemian1.c                 0x00000000   Number         0  yemian1.o ABSOLUTE
    ..\\user\\main.c                         0x00000000   Number         0  main.o ABSOLUTE
    ..\\user\\stm32f10x_it.c                 0x00000000   Number         0  stm32f10x_it.o ABSOLUTE
    ..\\user\\system_stm32f10x.c             0x00000000   Number         0  system_stm32f10x.o ABSOLUTE
    ..\lib\src\misc.c                        0x00000000   Number         0  misc.o ABSOLUTE
    ..\lib\src\stm32f10x_adc.c               0x00000000   Number         0  stm32f10x_adc.o ABSOLUTE
    ..\lib\src\stm32f10x_bkp.c               0x00000000   Number         0  stm32f10x_bkp.o ABSOLUTE
    ..\lib\src\stm32f10x_can.c               0x00000000   Number         0  stm32f10x_can.o ABSOLUTE
    ..\lib\src\stm32f10x_cec.c               0x00000000   Number         0  stm32f10x_cec.o ABSOLUTE
    ..\lib\src\stm32f10x_crc.c               0x00000000   Number         0  stm32f10x_crc.o ABSOLUTE
    ..\lib\src\stm32f10x_dac.c               0x00000000   Number         0  stm32f10x_dac.o ABSOLUTE
    ..\lib\src\stm32f10x_dbgmcu.c            0x00000000   Number         0  stm32f10x_dbgmcu.o ABSOLUTE
    ..\lib\src\stm32f10x_dma.c               0x00000000   Number         0  stm32f10x_dma.o ABSOLUTE
    ..\lib\src\stm32f10x_exti.c              0x00000000   Number         0  stm32f10x_exti.o ABSOLUTE
    ..\lib\src\stm32f10x_flash.c             0x00000000   Number         0  stm32f10x_flash.o ABSOLUTE
    ..\lib\src\stm32f10x_fsmc.c              0x00000000   Number         0  stm32f10x_fsmc.o ABSOLUTE
    ..\lib\src\stm32f10x_gpio.c              0x00000000   Number         0  stm32f10x_gpio.o ABSOLUTE
    ..\lib\src\stm32f10x_i2c.c               0x00000000   Number         0  stm32f10x_i2c.o ABSOLUTE
    ..\lib\src\stm32f10x_iwdg.c              0x00000000   Number         0  stm32f10x_iwdg.o ABSOLUTE
    ..\lib\src\stm32f10x_pwr.c               0x00000000   Number         0  stm32f10x_pwr.o ABSOLUTE
    ..\lib\src\stm32f10x_rcc.c               0x00000000   Number         0  stm32f10x_rcc.o ABSOLUTE
    ..\lib\src\stm32f10x_rtc.c               0x00000000   Number         0  stm32f10x_rtc.o ABSOLUTE
    ..\lib\src\stm32f10x_sdio.c              0x00000000   Number         0  stm32f10x_sdio.o ABSOLUTE
    ..\lib\src\stm32f10x_spi.c               0x00000000   Number         0  stm32f10x_spi.o ABSOLUTE
    ..\lib\src\stm32f10x_tim.c               0x00000000   Number         0  stm32f10x_tim.o ABSOLUTE
    ..\lib\src\stm32f10x_usart.c             0x00000000   Number         0  stm32f10x_usart.o ABSOLUTE
    ..\lib\src\stm32f10x_wwdg.c              0x00000000   Number         0  stm32f10x_wwdg.o ABSOLUTE
    ..\startup\startup_stm32f10x_hd.s        0x00000000   Number         0  startup_stm32f10x_hd.o ABSOLUTE
    ..\user\api\ADC2.c                       0x00000000   Number         0  adc2.o ABSOLUTE
    ..\user\api\StepCount.c                  0x00000000   Number         0  stepcount.o ABSOLUTE
    ..\user\api\adc.c                        0x00000000   Number         0  adc.o ABSOLUTE
    ..\user\api\beep.c                       0x00000000   Number         0  beep.o ABSOLUTE
    ..\user\api\biaopan1.c                   0x00000000   Number         0  biaopan1.o ABSOLUTE
    ..\user\api\bsp_lcd.c                    0x00000000   Number         0  bsp_lcd.o ABSOLUTE
    ..\user\api\daiji.c                      0x00000000   Number         0  daiji.o ABSOLUTE
    ..\user\api\daiji1.c                     0x00000000   Number         0  daiji1.o ABSOLUTE
    ..\user\api\delay.c                      0x00000000   Number         0  delay.o ABSOLUTE
    ..\user\api\dht11.c                      0x00000000   Number         0  dht11.o ABSOLUTE
    ..\user\api\draw.c                       0x00000000   Number         0  draw.o ABSOLUTE
    ..\user\api\key.c                        0x00000000   Number         0  key.o ABSOLUTE
    ..\user\api\led.c                        0x00000000   Number         0  led.o ABSOLUTE
    ..\user\api\mpu6050.c                    0x00000000   Number         0  mpu6050.o ABSOLUTE
    ..\user\api\rtc.c                        0x00000000   Number         0  rtc.o ABSOLUTE
    ..\user\api\timer.c                      0x00000000   Number         0  timer.o ABSOLUTE
    ..\user\api\usart1.c                     0x00000000   Number         0  usart1.o ABSOLUTE
    ..\user\api\xinlv.c                      0x00000000   Number         0  xinlv.o ABSOLUTE
    ..\user\api\yemian1.c                    0x00000000   Number         0  yemian1.o ABSOLUTE
    ..\user\api\zhuye.c                      0x00000000   Number         0  zhuye.o ABSOLUTE
    ..\user\main.c                           0x00000000   Number         0  main.o ABSOLUTE
    ..\user\stm32f10x_it.c                   0x00000000   Number         0  stm32f10x_it.o ABSOLUTE
    ..\user\system_stm32f10x.c               0x00000000   Number         0  system_stm32f10x.o ABSOLUTE
    cdrcmple.s                               0x00000000   Number         0  cdrcmple.o ABSOLUTE
    dc.s                                     0x00000000   Number         0  dc.o ABSOLUTE
    handlers.s                               0x00000000   Number         0  handlers.o ABSOLUTE
    init.s                                   0x00000000   Number         0  init.o ABSOLUTE
    RESET                                    0x08000000   Section      304  startup_stm32f10x_hd.o(RESET)
    .ARM.Collect$$$$00000000                 0x08000130   Section        0  entry.o(.ARM.Collect$$$$00000000)
    .ARM.Collect$$$$00000001                 0x08000130   Section        4  entry2.o(.ARM.Collect$$$$00000001)
    .ARM.Collect$$$$00000004                 0x08000134   Section        4  entry5.o(.ARM.Collect$$$$00000004)
    .ARM.Collect$$$$00000008                 0x08000138   Section        0  entry7b.o(.ARM.Collect$$$$00000008)
    .ARM.Collect$$$$0000000A                 0x08000138   Section        0  entry8b.o(.ARM.Collect$$$$0000000A)
    .ARM.Collect$$$$0000000B                 0x08000138   Section        8  entry9a.o(.ARM.Collect$$$$0000000B)
    .ARM.Collect$$$$0000000D                 0x08000140   Section        0  entry10a.o(.ARM.Collect$$$$0000000D)
    .ARM.Collect$$$$0000000F                 0x08000140   Section        0  entry11a.o(.ARM.Collect$$$$0000000F)
    .ARM.Collect$$$$00002712                 0x08000140   Section        4  entry2.o(.ARM.Collect$$$$00002712)
    __lit__00000000                          0x08000140   Data           4  entry2.o(.ARM.Collect$$$$00002712)
    .text                                    0x08000144   Section       36  startup_stm32f10x_hd.o(.text)
    .text                                    0x08000168   Section        0  memcpya.o(.text)
    .text                                    0x0800018c   Section        0  dadd.o(.text)
    .text                                    0x080002da   Section        0  dmul.o(.text)
    .text                                    0x080003be   Section        0  ddiv.o(.text)
    .text                                    0x0800049c   Section        0  dflti.o(.text)
    .text                                    0x080004be   Section        0  dfltui.o(.text)
    .text                                    0x080004d8   Section        0  dfixi.o(.text)
    .text                                    0x08000516   Section        0  dfixui.o(.text)
    .text                                    0x08000548   Section        0  llshl.o(.text)
    .text                                    0x08000566   Section        0  llushr.o(.text)
    .text                                    0x08000586   Section        0  llsshr.o(.text)
    .text                                    0x080005ac   Section        0  localtime_w.o(.text)
    .text                                    0x080005b8   Section        0  localtime_i.o(.text)
    .text                                    0x08000644   Section        0  iusefp.o(.text)
    .text                                    0x08000644   Section        0  depilogue.o(.text)
    .text                                    0x08000700   Section       36  init.o(.text)
    .text                                    0x08000724   Section        0  dscalb.o(.text)
    i.ADC_GetConversionValue                 0x08000752   Section        0  stm32f10x_adc.o(i.ADC_GetConversionValue)
    i.BEEP_Config                            0x0800075c   Section        0  beep.o(i.BEEP_Config)
    i.BKP_DeInit                             0x08000788   Section        0  stm32f10x_bkp.o(i.BKP_DeInit)
    i.BreatheLed                             0x08000798   Section        0  main.o(i.BreatheLed)
    i.BusFault_Handler                       0x0800083c   Section        0  stm32f10x_it.o(i.BusFault_Handler)
    i.DaiJi                                  0x08000840   Section        0  daiji1.o(i.DaiJi)
    i.DebugMon_Handler                       0x0800093c   Section        0  stm32f10x_it.o(i.DebugMon_Handler)
    i.Delay_lus                              0x0800093e   Section        0  delay.o(i.Delay_lus)
    i.Delay_ms                               0x080009d0   Section        0  delay.o(i.Delay_ms)
    i.Delay_us                               0x080009e8   Section        0  delay.o(i.Delay_us)
    i.FSMC_NORSRAMCmd                        0x080009fc   Section        0  stm32f10x_fsmc.o(i.FSMC_NORSRAMCmd)
    i.FSMC_NORSRAMInit                       0x08000a30   Section        0  stm32f10x_fsmc.o(i.FSMC_NORSRAMInit)
    i.GPIO_Init                              0x08000b16   Section        0  stm32f10x_gpio.o(i.GPIO_Init)
    i.GPIO_ReadInputDataBit                  0x08000c2c   Section        0  stm32f10x_gpio.o(i.GPIO_ReadInputDataBit)
    i.GPIO_SetBits                           0x08000c3e   Section        0  stm32f10x_gpio.o(i.GPIO_SetBits)
    i.GPIO_WriteBit                          0x08000c42   Section        0  stm32f10x_gpio.o(i.GPIO_WriteBit)
    i.HardFault_Handler                      0x08000c4c   Section        0  stm32f10x_it.o(i.HardFault_Handler)
    i.KEY_Check_Plus                         0x08000c50   Section        0  delay.o(i.KEY_Check_Plus)
    i.LCD_Clear                              0x08000ca8   Section        0  bsp_lcd.o(i.LCD_Clear)
    i.LCD_Display_Dir                        0x08000d14   Section        0  bsp_lcd.o(i.LCD_Display_Dir)
    i.LCD_DrawLine                           0x08000f08   Section        0  bsp_lcd.o(i.LCD_DrawLine)
    i.LCD_DrawPoint                          0x08000fc4   Section        0  bsp_lcd.o(i.LCD_DrawPoint)
    i.LCD_Draw_Circle                        0x08000fe8   Section        0  bsp_lcd.o(i.LCD_Draw_Circle)
    i.LCD_Fast_DrawPoint                     0x08001094   Section        0  bsp_lcd.o(i.LCD_Fast_DrawPoint)
    i.LCD_RD_DATA                            0x080010b4   Section        0  bsp_lcd.o(i.LCD_RD_DATA)
    i.LCD_ReadReg                            0x080010c8   Section        0  bsp_lcd.o(i.LCD_ReadReg)
    i.LCD_SSD_BackLightSet                   0x080010e0   Section        0  bsp_lcd.o(i.LCD_SSD_BackLightSet)
    i.LCD_Scan_Dir                           0x08001134   Section        0  bsp_lcd.o(i.LCD_Scan_Dir)
    i.LCD_SetCursor                          0x0800142c   Section        0  bsp_lcd.o(i.LCD_SetCursor)
    i.LCD_ShowPicture                        0x0800163c   Section        0  bsp_lcd.o(i.LCD_ShowPicture)
    i.LCD_WR_DATA                            0x080016a4   Section        0  bsp_lcd.o(i.LCD_WR_DATA)
    i.LCD_WR_REG                             0x080016bc   Section        0  bsp_lcd.o(i.LCD_WR_REG)
    i.LCD_WriteRAM_Prepare                   0x080016d4   Section        0  bsp_lcd.o(i.LCD_WriteRAM_Prepare)
    i.LCD_WriteReg                           0x080016e8   Section        0  bsp_lcd.o(i.LCD_WriteReg)
    i.LED_Config                             0x080016f8   Section        0  led.o(i.LED_Config)
    i.MemManage_Handler                      0x0800174c   Section        0  stm32f10x_it.o(i.MemManage_Handler)
    i.NMI_Handler                            0x08001750   Section        0  stm32f10x_it.o(i.NMI_Handler)
    i.NVIC_Init                              0x08001754   Section        0  misc.o(i.NVIC_Init)
    i.PWR_BackupAccessCmd                    0x080017c4   Section        0  stm32f10x_pwr.o(i.PWR_BackupAccessCmd)
    i.PendSV_Handler                         0x080017d0   Section        0  stm32f10x_it.o(i.PendSV_Handler)
    i.RCC_AHBPeriphClockCmd                  0x080017d4   Section        0  stm32f10x_rcc.o(i.RCC_AHBPeriphClockCmd)
    i.RCC_APB1PeriphClockCmd                 0x080017f4   Section        0  stm32f10x_rcc.o(i.RCC_APB1PeriphClockCmd)
    i.RCC_APB2PeriphClockCmd                 0x08001814   Section        0  stm32f10x_rcc.o(i.RCC_APB2PeriphClockCmd)
    i.RCC_BackupResetCmd                     0x08001834   Section        0  stm32f10x_rcc.o(i.RCC_BackupResetCmd)
    i.RCC_GetClocksFreq                      0x08001840   Section        0  stm32f10x_rcc.o(i.RCC_GetClocksFreq)
    i.RCC_GetFlagStatus                      0x08001914   Section        0  stm32f10x_rcc.o(i.RCC_GetFlagStatus)
    i.RCC_LSEConfig                          0x08001950   Section        0  stm32f10x_rcc.o(i.RCC_LSEConfig)
    i.RCC_RTCCLKCmd                          0x08001984   Section        0  stm32f10x_rcc.o(i.RCC_RTCCLKCmd)
    i.RCC_RTCCLKConfig                       0x08001990   Section        0  stm32f10x_rcc.o(i.RCC_RTCCLKConfig)
    i.RGB_Config                             0x080019a0   Section        0  led.o(i.RGB_Config)
    i.RTC_Configuration                      0x080019ec   Section        0  rtc.o(i.RTC_Configuration)
    i.RTC_EnterConfigMode                    0x08001a44   Section        0  stm32f10x_rtc.o(i.RTC_EnterConfigMode)
    i.RTC_ExitConfigMode                     0x08001a58   Section        0  stm32f10x_rtc.o(i.RTC_ExitConfigMode)
    i.RTC_GetCounter                         0x08001a6c   Section        0  stm32f10x_rtc.o(i.RTC_GetCounter)
    i.RTC_ITConfig                           0x08001a80   Section        0  stm32f10x_rtc.o(i.RTC_ITConfig)
    i.RTC_SetPrescaler                       0x08001aa0   Section        0  stm32f10x_rtc.o(i.RTC_SetPrescaler)
    i.RTC_WaitForLastTask                    0x08001ac0   Section        0  stm32f10x_rtc.o(i.RTC_WaitForLastTask)
    i.RTC_WaitForSynchro                     0x08001ad4   Section        0  stm32f10x_rtc.o(i.RTC_WaitForSynchro)
    i.SVC_Handler                            0x08001af8   Section        0  stm32f10x_it.o(i.SVC_Handler)
    i.SetSysClock                            0x08001afa   Section        0  system_stm32f10x.o(i.SetSysClock)
    SetSysClock                              0x08001afb   Thumb Code     8  system_stm32f10x.o(i.SetSysClock)
    i.SetSysClockTo72                        0x08001b04   Section        0  system_stm32f10x.o(i.SetSysClockTo72)
    SetSysClockTo72                          0x08001b05   Thumb Code   214  system_stm32f10x.o(i.SetSysClockTo72)
    i.SysTick_Handler                        0x08001be4   Section        0  delay.o(i.SysTick_Handler)
    i.SystemInit                             0x08001c80   Section        0  system_stm32f10x.o(i.SystemInit)
    i.TFTLCD_Init                            0x08001ce0   Section        0  bsp_lcd.o(i.TFTLCD_Init)
    i.TIM3_IRQHandler                        0x080056bc   Section        0  timer.o(i.TIM3_IRQHandler)
    i.TIM_ClearITPendingBit                  0x080058d8   Section        0  stm32f10x_tim.o(i.TIM_ClearITPendingBit)
    i.TIM_GetITStatus                        0x080058de   Section        0  stm32f10x_tim.o(i.TIM_GetITStatus)
    i.USART1_Config                          0x08005900   Section        0  usart1.o(i.USART1_Config)
    i.USART1_IRQHandler                      0x080059a8   Section        0  usart1.o(i.USART1_IRQHandler)
    i.USART_Cmd                              0x080059d8   Section        0  stm32f10x_usart.o(i.USART_Cmd)
    i.USART_GetITStatus                      0x080059f0   Section        0  stm32f10x_usart.o(i.USART_GetITStatus)
    i.USART_ITConfig                         0x08005a44   Section        0  stm32f10x_usart.o(i.USART_ITConfig)
    i.USART_Init                             0x08005a90   Section        0  stm32f10x_usart.o(i.USART_Init)
    i.UsageFault_Handler                     0x08005b68   Section        0  stm32f10x_it.o(i.UsageFault_Handler)
    i.__ARM_fpclassify                       0x08005b6c   Section        0  fpclassify.o(i.__ARM_fpclassify)
    i.__ieee754_rem_pio2                     0x08005b94   Section        0  rred.o(i.__ieee754_rem_pio2)
    i.__kernel_cos                           0x08005f1c   Section        0  cos_i.o(i.__kernel_cos)
    i.__kernel_poly                          0x08006018   Section        0  poly.o(i.__kernel_poly)
    i.__kernel_sin                           0x080060c4   Section        0  sin_i.o(i.__kernel_sin)
    i.__mathlib_dbl_infnan                   0x080061b0   Section        0  dunder.o(i.__mathlib_dbl_infnan)
    i.__mathlib_dbl_invalid                  0x080061b6   Section        0  dunder.o(i.__mathlib_dbl_invalid)
    i.__mathlib_dbl_underflow                0x080061c4   Section        0  dunder.o(i.__mathlib_dbl_underflow)
    i.__scatterload_copy                     0x080061d4   Section       14  handlers.o(i.__scatterload_copy)
    i.__scatterload_null                     0x080061e2   Section        2  handlers.o(i.__scatterload_null)
    i.__scatterload_zeroinit                 0x080061e4   Section       14  handlers.o(i.__scatterload_zeroinit)
    i.__set_errno                            0x080061f4   Section        0  errno.o(i.__set_errno)
    i.cos                                    0x08006200   Section        0  cos.o(i.cos)
    i.get_points_on_concentric_circles       0x0800629c   Section        0  draw.o(i.get_points_on_concentric_circles)
    i.main                                   0x08006358   Section        0  main.o(i.main)
    i.portion_to_radians                     0x080063fc   Section        0  draw.o(i.portion_to_radians)
    i.showbiaopan                            0x08006448   Section        0  biaopan1.o(i.showbiaopan)
    i.sin                                    0x08006754   Section        0  sin.o(i.sin)
    .constdata                               0x080067f4   Section    153600  daiji.o(.constdata)
    .constdata                               0x0802bff8   Section       48  cos_i.o(.constdata)
    C                                        0x0802bff8   Data          48  cos_i.o(.constdata)
    .constdata                               0x0802c028   Section      200  rred.o(.constdata)
    pio2s                                    0x0802c028   Data          48  rred.o(.constdata)
    twooverpi                                0x0802c058   Data         152  rred.o(.constdata)
    .constdata                               0x0802c0f0   Section       40  sin_i.o(.constdata)
    S                                        0x0802c0f0   Data          40  sin_i.o(.constdata)
    .constdata                               0x0802c118   Section       12  localtime_i.o(.constdata)
    monlen                                   0x0802c118   Data          12  localtime_i.o(.constdata)
    .data                                    0x20000000   Section       12  main.o(.data)
    B_Reverse                                0x20000000   Data           1  main.o(.data)
    Low_Time                                 0x20000004   Data           4  main.o(.data)
    tem                                      0x20000008   Data           4  main.o(.data)
    .data                                    0x2000000c   Section       52  delay.o(.data)
    key_time                                 0x2000003c   Data           4  delay.o(.data)
    .data                                    0x20000040   Section        1  usart1.o(.data)
    .data                                    0x20000042   Section        4  bsp_lcd.o(.data)
    .data                                    0x20000048   Section       42  timer.o(.data)
    .data                                    0x20000072   Section       20  stm32f10x_rcc.o(.data)
    APBAHBPrescTable                         0x20000072   Data          16  stm32f10x_rcc.o(.data)
    ADCPrescTable                            0x20000082   Data           4  stm32f10x_rcc.o(.data)
    .data                                    0x20000088   Section        4  errno.o(.data)
    _errno                                   0x20000088   Data           4  errno.o(.data)
    .bss                                     0x2000008c   Section       14  bsp_lcd.o(.bss)
    .bss                                     0x2000009c   Section       44  rtc.o(.bss)
    .bss                                     0x200000c8   Section       40  timer.o(.bss)
    .bss                                     0x200000f0   Section       44  localtime_w.o(.bss)
    _tms                                     0x200000f0   Data          44  localtime_w.o(.bss)
    STACK                                    0x20000120   Section     1024  startup_stm32f10x_hd.o(STACK)

    Global Symbols

    Symbol Name                              Value     Ov Type        Size  Object(Section)

    BuildAttributes$$THM_ISAv4$P$D$K$B$S$PE$A:L22UL41UL21$X:L11$S22US41US21$IEEE1$IW$USESV6$~STKCKD$USESV7$~SHL$OTIME$ROPI$IEEEX$EBA8$MICROLIB$REQ8$PRES8$EABIv2 0x00000000   Number         0  anon$$obj.o ABSOLUTE
    __ARM_use_no_argv                        0x00000000   Number         0  main.o ABSOLUTE
    _printf_a                                0x00000000   Number         0  stubs.o ABSOLUTE
    _printf_c                                0x00000000   Number         0  stubs.o ABSOLUTE
    _printf_charcount                        0x00000000   Number         0  stubs.o ABSOLUTE
    _printf_d                                0x00000000   Number         0  stubs.o ABSOLUTE
    _printf_e                                0x00000000   Number         0  stubs.o ABSOLUTE
    _printf_f                                0x00000000   Number         0  stubs.o ABSOLUTE
    _printf_flags                            0x00000000   Number         0  stubs.o ABSOLUTE
    _printf_fp_dec                           0x00000000   Number         0  stubs.o ABSOLUTE
    _printf_fp_hex                           0x00000000   Number         0  stubs.o ABSOLUTE
    _printf_g                                0x00000000   Number         0  stubs.o ABSOLUTE
    _printf_i                                0x00000000   Number         0  stubs.o ABSOLUTE
    _printf_int_dec                          0x00000000   Number         0  stubs.o ABSOLUTE
    _printf_l                                0x00000000   Number         0  stubs.o ABSOLUTE
    _printf_lc                               0x00000000   Number         0  stubs.o ABSOLUTE
    _printf_ll                               0x00000000   Number         0  stubs.o ABSOLUTE
    _printf_lld                              0x00000000   Number         0  stubs.o ABSOLUTE
    _printf_lli                              0x00000000   Number         0  stubs.o ABSOLUTE
    _printf_llo                              0x00000000   Number         0  stubs.o ABSOLUTE
    _printf_llu                              0x00000000   Number         0  stubs.o ABSOLUTE
    _printf_llx                              0x00000000   Number         0  stubs.o ABSOLUTE
    _printf_longlong_dec                     0x00000000   Number         0  stubs.o ABSOLUTE
    _printf_longlong_hex                     0x00000000   Number         0  stubs.o ABSOLUTE
    _printf_longlong_oct                     0x00000000   Number         0  stubs.o ABSOLUTE
    _printf_ls                               0x00000000   Number         0  stubs.o ABSOLUTE
    _printf_mbtowc                           0x00000000   Number         0  stubs.o ABSOLUTE
    _printf_n                                0x00000000   Number         0  stubs.o ABSOLUTE
    _printf_o                                0x00000000   Number         0  stubs.o ABSOLUTE
    _printf_p                                0x00000000   Number         0  stubs.o ABSOLUTE
    _printf_percent                          0x00000000   Number         0  stubs.o ABSOLUTE
    _printf_pre_padding                      0x00000000   Number         0  stubs.o ABSOLUTE
    _printf_return_value                     0x00000000   Number         0  stubs.o ABSOLUTE
    _printf_s                                0x00000000   Number         0  stubs.o ABSOLUTE
    _printf_sizespec                         0x00000000   Number         0  stubs.o ABSOLUTE
    _printf_str                              0x00000000   Number         0  stubs.o ABSOLUTE
    _printf_truncate_signed                  0x00000000   Number         0  stubs.o ABSOLUTE
    _printf_truncate_unsigned                0x00000000   Number         0  stubs.o ABSOLUTE
    _printf_u                                0x00000000   Number         0  stubs.o ABSOLUTE
    _printf_wc                               0x00000000   Number         0  stubs.o ABSOLUTE
    _printf_wctomb                           0x00000000   Number         0  stubs.o ABSOLUTE
    _printf_widthprec                        0x00000000   Number         0  stubs.o ABSOLUTE
    _printf_x                                0x00000000   Number         0  stubs.o ABSOLUTE
    __cpp_initialize__aeabi_                  - Undefined Weak Reference
    __cxa_finalize                            - Undefined Weak Reference
    __decompress                              - Undefined Weak Reference
    _clock_init                               - Undefined Weak Reference
    _microlib_exit                            - Undefined Weak Reference
    __Vectors_Size                           0x00000130   Number         0  startup_stm32f10x_hd.o ABSOLUTE
    __Vectors                                0x08000000   Data           4  startup_stm32f10x_hd.o(RESET)
    __Vectors_End                            0x08000130   Data           0  startup_stm32f10x_hd.o(RESET)
    __main                                   0x08000131   Thumb Code     0  entry.o(.ARM.Collect$$$$00000000)
    _main_stk                                0x08000131   Thumb Code     0  entry2.o(.ARM.Collect$$$$00000001)
    _main_scatterload                        0x08000135   Thumb Code     0  entry5.o(.ARM.Collect$$$$00000004)
    __main_after_scatterload                 0x08000139   Thumb Code     0  entry5.o(.ARM.Collect$$$$00000004)
    _main_clock                              0x08000139   Thumb Code     0  entry7b.o(.ARM.Collect$$$$00000008)
    _main_cpp_init                           0x08000139   Thumb Code     0  entry8b.o(.ARM.Collect$$$$0000000A)
    _main_init                               0x08000139   Thumb Code     0  entry9a.o(.ARM.Collect$$$$0000000B)
    __rt_final_cpp                           0x08000141   Thumb Code     0  entry10a.o(.ARM.Collect$$$$0000000D)
    __rt_final_exit                          0x08000141   Thumb Code     0  entry11a.o(.ARM.Collect$$$$0000000F)
    Reset_Handler                            0x08000145   Thumb Code     8  startup_stm32f10x_hd.o(.text)
    ADC1_2_IRQHandler                        0x0800015f   Thumb Code     0  startup_stm32f10x_hd.o(.text)
    ADC3_IRQHandler                          0x0800015f   Thumb Code     0  startup_stm32f10x_hd.o(.text)
    CAN1_RX1_IRQHandler                      0x0800015f   Thumb Code     0  startup_stm32f10x_hd.o(.text)
    CAN1_SCE_IRQHandler                      0x0800015f   Thumb Code     0  startup_stm32f10x_hd.o(.text)
    DMA1_Channel1_IRQHandler                 0x0800015f   Thumb Code     0  startup_stm32f10x_hd.o(.text)
    DMA1_Channel2_IRQHandler                 0x0800015f   Thumb Code     0  startup_stm32f10x_hd.o(.text)
    DMA1_Channel3_IRQHandler                 0x0800015f   Thumb Code     0  startup_stm32f10x_hd.o(.text)
    DMA1_Channel4_IRQHandler                 0x0800015f   Thumb Code     0  startup_stm32f10x_hd.o(.text)
    DMA1_Channel5_IRQHandler                 0x0800015f   Thumb Code     0  startup_stm32f10x_hd.o(.text)
    DMA1_Channel6_IRQHandler                 0x0800015f   Thumb Code     0  startup_stm32f10x_hd.o(.text)
    DMA1_Channel7_IRQHandler                 0x0800015f   Thumb Code     0  startup_stm32f10x_hd.o(.text)
    DMA2_Channel1_IRQHandler                 0x0800015f   Thumb Code     0  startup_stm32f10x_hd.o(.text)
    DMA2_Channel2_IRQHandler                 0x0800015f   Thumb Code     0  startup_stm32f10x_hd.o(.text)
    DMA2_Channel3_IRQHandler                 0x0800015f   Thumb Code     0  startup_stm32f10x_hd.o(.text)
    DMA2_Channel4_5_IRQHandler               0x0800015f   Thumb Code     0  startup_stm32f10x_hd.o(.text)
    EXTI0_IRQHandler                         0x0800015f   Thumb Code     0  startup_stm32f10x_hd.o(.text)
    EXTI15_10_IRQHandler                     0x0800015f   Thumb Code     0  startup_stm32f10x_hd.o(.text)
    EXTI1_IRQHandler                         0x0800015f   Thumb Code     0  startup_stm32f10x_hd.o(.text)
    EXTI2_IRQHandler                         0x0800015f   Thumb Code     0  startup_stm32f10x_hd.o(.text)
    EXTI3_IRQHandler                         0x0800015f   Thumb Code     0  startup_stm32f10x_hd.o(.text)
    EXTI4_IRQHandler                         0x0800015f   Thumb Code     0  startup_stm32f10x_hd.o(.text)
    EXTI9_5_IRQHandler                       0x0800015f   Thumb Code     0  startup_stm32f10x_hd.o(.text)
    FLASH_IRQHandler                         0x0800015f   Thumb Code     0  startup_stm32f10x_hd.o(.text)
    FSMC_IRQHandler                          0x0800015f   Thumb Code     0  startup_stm32f10x_hd.o(.text)
    I2C1_ER_IRQHandler                       0x0800015f   Thumb Code     0  startup_stm32f10x_hd.o(.text)
    I2C1_EV_IRQHandler                       0x0800015f   Thumb Code     0  startup_stm32f10x_hd.o(.text)
    I2C2_ER_IRQHandler                       0x0800015f   Thumb Code     0  startup_stm32f10x_hd.o(.text)
    I2C2_EV_IRQHandler                       0x0800015f   Thumb Code     0  startup_stm32f10x_hd.o(.text)
    PVD_IRQHandler                           0x0800015f   Thumb Code     0  startup_stm32f10x_hd.o(.text)
    RCC_IRQHandler                           0x0800015f   Thumb Code     0  startup_stm32f10x_hd.o(.text)
    RTCAlarm_IRQHandler                      0x0800015f   Thumb Code     0  startup_stm32f10x_hd.o(.text)
    RTC_IRQHandler                           0x0800015f   Thumb Code     0  startup_stm32f10x_hd.o(.text)
    SDIO_IRQHandler                          0x0800015f   Thumb Code     0  startup_stm32f10x_hd.o(.text)
    SPI1_IRQHandler                          0x0800015f   Thumb Code     0  startup_stm32f10x_hd.o(.text)
    SPI2_IRQHandler                          0x0800015f   Thumb Code     0  startup_stm32f10x_hd.o(.text)
    SPI3_IRQHandler                          0x0800015f   Thumb Code     0  startup_stm32f10x_hd.o(.text)
    TAMPER_IRQHandler                        0x0800015f   Thumb Code     0  startup_stm32f10x_hd.o(.text)
    TIM1_BRK_IRQHandler                      0x0800015f   Thumb Code     0  startup_stm32f10x_hd.o(.text)
    TIM1_CC_IRQHandler                       0x0800015f   Thumb Code     0  startup_stm32f10x_hd.o(.text)
    TIM1_TRG_COM_IRQHandler                  0x0800015f   Thumb Code     0  startup_stm32f10x_hd.o(.text)
    TIM1_UP_IRQHandler                       0x0800015f   Thumb Code     0  startup_stm32f10x_hd.o(.text)
    TIM2_IRQHandler                          0x0800015f   Thumb Code     0  startup_stm32f10x_hd.o(.text)
    TIM4_IRQHandler                          0x0800015f   Thumb Code     0  startup_stm32f10x_hd.o(.text)
    TIM5_IRQHandler                          0x0800015f   Thumb Code     0  startup_stm32f10x_hd.o(.text)
    TIM6_IRQHandler                          0x0800015f   Thumb Code     0  startup_stm32f10x_hd.o(.text)
    TIM7_IRQHandler                          0x0800015f   Thumb Code     0  startup_stm32f10x_hd.o(.text)
    TIM8_BRK_IRQHandler                      0x0800015f   Thumb Code     0  startup_stm32f10x_hd.o(.text)
    TIM8_CC_IRQHandler                       0x0800015f   Thumb Code     0  startup_stm32f10x_hd.o(.text)
    TIM8_TRG_COM_IRQHandler                  0x0800015f   Thumb Code     0  startup_stm32f10x_hd.o(.text)
    TIM8_UP_IRQHandler                       0x0800015f   Thumb Code     0  startup_stm32f10x_hd.o(.text)
    UART4_IRQHandler                         0x0800015f   Thumb Code     0  startup_stm32f10x_hd.o(.text)
    UART5_IRQHandler                         0x0800015f   Thumb Code     0  startup_stm32f10x_hd.o(.text)
    USART2_IRQHandler                        0x0800015f   Thumb Code     0  startup_stm32f10x_hd.o(.text)
    USART3_IRQHandler                        0x0800015f   Thumb Code     0  startup_stm32f10x_hd.o(.text)
    USBWakeUp_IRQHandler                     0x0800015f   Thumb Code     0  startup_stm32f10x_hd.o(.text)
    USB_HP_CAN1_TX_IRQHandler                0x0800015f   Thumb Code     0  startup_stm32f10x_hd.o(.text)
    USB_LP_CAN1_RX0_IRQHandler               0x0800015f   Thumb Code     0  startup_stm32f10x_hd.o(.text)
    WWDG_IRQHandler                          0x0800015f   Thumb Code     0  startup_stm32f10x_hd.o(.text)
    __aeabi_memcpy                           0x08000169   Thumb Code    36  memcpya.o(.text)
    __aeabi_memcpy4                          0x08000169   Thumb Code     0  memcpya.o(.text)
    __aeabi_memcpy8                          0x08000169   Thumb Code     0  memcpya.o(.text)
    __aeabi_dadd                             0x0800018d   Thumb Code   322  dadd.o(.text)
    __aeabi_dsub                             0x080002cf   Thumb Code     6  dadd.o(.text)
    __aeabi_drsub                            0x080002d5   Thumb Code     6  dadd.o(.text)
    __aeabi_dmul                             0x080002db   Thumb Code   228  dmul.o(.text)
    __aeabi_ddiv                             0x080003bf   Thumb Code   222  ddiv.o(.text)
    __aeabi_i2d                              0x0800049d   Thumb Code    34  dflti.o(.text)
    __aeabi_ui2d                             0x080004bf   Thumb Code    26  dfltui.o(.text)
    __aeabi_d2iz                             0x080004d9   Thumb Code    62  dfixi.o(.text)
    __aeabi_d2uiz                            0x08000517   Thumb Code    50  dfixui.o(.text)
    __aeabi_llsl                             0x08000549   Thumb Code    30  llshl.o(.text)
    _ll_shift_l                              0x08000549   Thumb Code     0  llshl.o(.text)
    __aeabi_llsr                             0x08000567   Thumb Code    32  llushr.o(.text)
    _ll_ushift_r                             0x08000567   Thumb Code     0  llushr.o(.text)
    __aeabi_lasr                             0x08000587   Thumb Code    36  llsshr.o(.text)
    _ll_sshift_r                             0x08000587   Thumb Code     0  llsshr.o(.text)
    localtime                                0x080005ad   Thumb Code     6  localtime_w.o(.text)
    _localtime                               0x080005b9   Thumb Code   134  localtime_i.o(.text)
    __I$use$fp                               0x08000645   Thumb Code     0  iusefp.o(.text)
    _double_round                            0x08000645   Thumb Code    30  depilogue.o(.text)
    _double_epilogue                         0x08000663   Thumb Code   156  depilogue.o(.text)
    __scatterload                            0x08000701   Thumb Code    28  init.o(.text)
    __scatterload_rt2                        0x08000701   Thumb Code     0  init.o(.text)
    __ARM_scalbn                             0x08000725   Thumb Code    46  dscalb.o(.text)
    scalbn                                   0x08000725   Thumb Code     0  dscalb.o(.text)
    ADC_GetConversionValue                   0x08000753   Thumb Code     8  stm32f10x_adc.o(i.ADC_GetConversionValue)
    BEEP_Config                              0x0800075d   Thumb Code    38  beep.o(i.BEEP_Config)
    BKP_DeInit                               0x08000789   Thumb Code    16  stm32f10x_bkp.o(i.BKP_DeInit)
    BreatheLed                               0x08000799   Thumb Code   148  main.o(i.BreatheLed)
    BusFault_Handler                         0x0800083d   Thumb Code     4  stm32f10x_it.o(i.BusFault_Handler)
    DaiJi                                    0x08000841   Thumb Code   244  daiji1.o(i.DaiJi)
    DebugMon_Handler                         0x0800093d   Thumb Code     2  stm32f10x_it.o(i.DebugMon_Handler)
    Delay_lus                                0x0800093f   Thumb Code   146  delay.o(i.Delay_lus)
    Delay_ms                                 0x080009d1   Thumb Code    24  delay.o(i.Delay_ms)
    Delay_us                                 0x080009e9   Thumb Code    18  delay.o(i.Delay_us)
    FSMC_NORSRAMCmd                          0x080009fd   Thumb Code    46  stm32f10x_fsmc.o(i.FSMC_NORSRAMCmd)
    FSMC_NORSRAMInit                         0x08000a31   Thumb Code   230  stm32f10x_fsmc.o(i.FSMC_NORSRAMInit)
    GPIO_Init                                0x08000b17   Thumb Code   278  stm32f10x_gpio.o(i.GPIO_Init)
    GPIO_ReadInputDataBit                    0x08000c2d   Thumb Code    18  stm32f10x_gpio.o(i.GPIO_ReadInputDataBit)
    GPIO_SetBits                             0x08000c3f   Thumb Code     4  stm32f10x_gpio.o(i.GPIO_SetBits)
    GPIO_WriteBit                            0x08000c43   Thumb Code    10  stm32f10x_gpio.o(i.GPIO_WriteBit)
    HardFault_Handler                        0x08000c4d   Thumb Code     4  stm32f10x_it.o(i.HardFault_Handler)
    KEY_Check_Plus                           0x08000c51   Thumb Code    78  delay.o(i.KEY_Check_Plus)
    LCD_Clear                                0x08000ca9   Thumb Code   100  bsp_lcd.o(i.LCD_Clear)
    LCD_Display_Dir                          0x08000d15   Thumb Code   494  bsp_lcd.o(i.LCD_Display_Dir)
    LCD_DrawLine                             0x08000f09   Thumb Code   186  bsp_lcd.o(i.LCD_DrawLine)
    LCD_DrawPoint                            0x08000fc5   Thumb Code    28  bsp_lcd.o(i.LCD_DrawPoint)
    LCD_Draw_Circle                          0x08000fe9   Thumb Code   170  bsp_lcd.o(i.LCD_Draw_Circle)
    LCD_Fast_DrawPoint                       0x08001095   Thumb Code    26  bsp_lcd.o(i.LCD_Fast_DrawPoint)
    LCD_RD_DATA                              0x080010b5   Thumb Code    14  bsp_lcd.o(i.LCD_RD_DATA)
    LCD_ReadReg                              0x080010c9   Thumb Code    22  bsp_lcd.o(i.LCD_ReadReg)
    LCD_SSD_BackLightSet                     0x080010e1   Thumb Code    80  bsp_lcd.o(i.LCD_SSD_BackLightSet)
    LCD_Scan_Dir                             0x08001135   Thumb Code   756  bsp_lcd.o(i.LCD_Scan_Dir)
    LCD_SetCursor                            0x0800142d   Thumb Code   524  bsp_lcd.o(i.LCD_SetCursor)
    LCD_ShowPicture                          0x0800163d   Thumb Code   104  bsp_lcd.o(i.LCD_ShowPicture)
    LCD_WR_DATA                              0x080016a5   Thumb Code    18  bsp_lcd.o(i.LCD_WR_DATA)
    LCD_WR_REG                               0x080016bd   Thumb Code    18  bsp_lcd.o(i.LCD_WR_REG)
    LCD_WriteRAM_Prepare                     0x080016d5   Thumb Code    10  bsp_lcd.o(i.LCD_WriteRAM_Prepare)
    LCD_WriteReg                             0x080016e9   Thumb Code    10  bsp_lcd.o(i.LCD_WriteReg)
    LED_Config                               0x080016f9   Thumb Code    78  led.o(i.LED_Config)
    MemManage_Handler                        0x0800174d   Thumb Code     4  stm32f10x_it.o(i.MemManage_Handler)
    NMI_Handler                              0x08001751   Thumb Code     2  stm32f10x_it.o(i.NMI_Handler)
    NVIC_Init                                0x08001755   Thumb Code   100  misc.o(i.NVIC_Init)
    PWR_BackupAccessCmd                      0x080017c5   Thumb Code     6  stm32f10x_pwr.o(i.PWR_BackupAccessCmd)
    PendSV_Handler                           0x080017d1   Thumb Code     2  stm32f10x_it.o(i.PendSV_Handler)
    RCC_AHBPeriphClockCmd                    0x080017d5   Thumb Code    26  stm32f10x_rcc.o(i.RCC_AHBPeriphClockCmd)
    RCC_APB1PeriphClockCmd                   0x080017f5   Thumb Code    26  stm32f10x_rcc.o(i.RCC_APB1PeriphClockCmd)
    RCC_APB2PeriphClockCmd                   0x08001815   Thumb Code    26  stm32f10x_rcc.o(i.RCC_APB2PeriphClockCmd)
    RCC_BackupResetCmd                       0x08001835   Thumb Code     6  stm32f10x_rcc.o(i.RCC_BackupResetCmd)
    RCC_GetClocksFreq                        0x08001841   Thumb Code   192  stm32f10x_rcc.o(i.RCC_GetClocksFreq)
    RCC_GetFlagStatus                        0x08001915   Thumb Code    56  stm32f10x_rcc.o(i.RCC_GetFlagStatus)
    RCC_LSEConfig                            0x08001951   Thumb Code    46  stm32f10x_rcc.o(i.RCC_LSEConfig)
    RCC_RTCCLKCmd                            0x08001985   Thumb Code     6  stm32f10x_rcc.o(i.RCC_RTCCLKCmd)
    RCC_RTCCLKConfig                         0x08001991   Thumb Code    12  stm32f10x_rcc.o(i.RCC_RTCCLKConfig)
    RGB_Config                               0x080019a1   Thumb Code    70  led.o(i.RGB_Config)
    RTC_Configuration                        0x080019ed   Thumb Code    88  rtc.o(i.RTC_Configuration)
    RTC_EnterConfigMode                      0x08001a45   Thumb Code    14  stm32f10x_rtc.o(i.RTC_EnterConfigMode)
    RTC_ExitConfigMode                       0x08001a59   Thumb Code    16  stm32f10x_rtc.o(i.RTC_ExitConfigMode)
    RTC_GetCounter                           0x08001a6d   Thumb Code    16  stm32f10x_rtc.o(i.RTC_GetCounter)
    RTC_ITConfig                             0x08001a81   Thumb Code    26  stm32f10x_rtc.o(i.RTC_ITConfig)
    RTC_SetPrescaler                         0x08001aa1   Thumb Code    26  stm32f10x_rtc.o(i.RTC_SetPrescaler)
    RTC_WaitForLastTask                      0x08001ac1   Thumb Code    16  stm32f10x_rtc.o(i.RTC_WaitForLastTask)
    RTC_WaitForSynchro                       0x08001ad5   Thumb Code    30  stm32f10x_rtc.o(i.RTC_WaitForSynchro)
    SVC_Handler                              0x08001af9   Thumb Code     2  stm32f10x_it.o(i.SVC_Handler)
    SysTick_Handler                          0x08001be5   Thumb Code   112  delay.o(i.SysTick_Handler)
    SystemInit                               0x08001c81   Thumb Code    78  system_stm32f10x.o(i.SystemInit)
    TFTLCD_Init                              0x08001ce1   Thumb Code 14804  bsp_lcd.o(i.TFTLCD_Init)
    TIM3_IRQHandler                          0x080056bd   Thumb Code   476  timer.o(i.TIM3_IRQHandler)
    TIM_ClearITPendingBit                    0x080058d9   Thumb Code     6  stm32f10x_tim.o(i.TIM_ClearITPendingBit)
    TIM_GetITStatus                          0x080058df   Thumb Code    34  stm32f10x_tim.o(i.TIM_GetITStatus)
    USART1_Config                            0x08005901   Thumb Code   158  usart1.o(i.USART1_Config)
    USART1_IRQHandler                        0x080059a9   Thumb Code    38  usart1.o(i.USART1_IRQHandler)
    USART_Cmd                                0x080059d9   Thumb Code    24  stm32f10x_usart.o(i.USART_Cmd)
    USART_GetITStatus                        0x080059f1   Thumb Code    84  stm32f10x_usart.o(i.USART_GetITStatus)
    USART_ITConfig                           0x08005a45   Thumb Code    74  stm32f10x_usart.o(i.USART_ITConfig)
    USART_Init                               0x08005a91   Thumb Code   210  stm32f10x_usart.o(i.USART_Init)
    UsageFault_Handler                       0x08005b69   Thumb Code     4  stm32f10x_it.o(i.UsageFault_Handler)
    __ARM_fpclassify                         0x08005b6d   Thumb Code    40  fpclassify.o(i.__ARM_fpclassify)
    __ieee754_rem_pio2                       0x08005b95   Thumb Code   828  rred.o(i.__ieee754_rem_pio2)
    __kernel_cos                             0x08005f1d   Thumb Code   230  cos_i.o(i.__kernel_cos)
    __kernel_poly                            0x08006019   Thumb Code   170  poly.o(i.__kernel_poly)
    __kernel_sin                             0x080060c5   Thumb Code   224  sin_i.o(i.__kernel_sin)
    __mathlib_dbl_infnan                     0x080061b1   Thumb Code     6  dunder.o(i.__mathlib_dbl_infnan)
    __mathlib_dbl_invalid                    0x080061b7   Thumb Code    12  dunder.o(i.__mathlib_dbl_invalid)
    __mathlib_dbl_underflow                  0x080061c5   Thumb Code    10  dunder.o(i.__mathlib_dbl_underflow)
    __scatterload_copy                       0x080061d5   Thumb Code    14  handlers.o(i.__scatterload_copy)
    __scatterload_null                       0x080061e3   Thumb Code     2  handlers.o(i.__scatterload_null)
    __scatterload_zeroinit                   0x080061e5   Thumb Code    14  handlers.o(i.__scatterload_zeroinit)
    __set_errno                              0x080061f5   Thumb Code     6  errno.o(i.__set_errno)
    cos                                      0x08006201   Thumb Code   148  cos.o(i.cos)
    get_points_on_concentric_circles         0x0800629d   Thumb Code   188  draw.o(i.get_points_on_concentric_circles)
    main                                     0x08006359   Thumb Code   148  main.o(i.main)
    portion_to_radians                       0x080063fd   Thumb Code    54  draw.o(i.portion_to_radians)
    showbiaopan                              0x08006449   Thumb Code   740  biaopan1.o(i.showbiaopan)
    sin                                      0x08006755   Thumb Code   150  sin.o(i.sin)
    gImage_daiji                             0x080067f4   Data       153600  daiji.o(.constdata)
    Region$$Table$$Base                      0x0802c124   Number         0  anon$$obj.o(Region$$Table)
    Region$$Table$$Limit                     0x0802c144   Number         0  anon$$obj.o(Region$$Table)
    LED1_TIME                                0x2000000c   Data           4  delay.o(.data)
    key_flag_plus                            0x20000010   Data           1  delay.o(.data)
    DHT11_time                               0x20000014   Data           4  delay.o(.data)
    RTC_Time                                 0x20000018   Data           4  delay.o(.data)
    XINLV_Time                               0x2000001c   Data           4  delay.o(.data)
    MPU6050_Time                             0x20000020   Data           4  delay.o(.data)
    liushui_time                             0x20000024   Data           4  delay.o(.data)
    huxi_time                                0x20000028   Data           4  delay.o(.data)
    on_time                                  0x2000002c   Data           4  delay.o(.data)
    off_time                                 0x20000030   Data           4  delay.o(.data)
    dj                                       0x20000034   Data           4  delay.o(.data)
    zy                                       0x20000038   Data           4  delay.o(.data)
    recv                                     0x20000040   Data           1  usart1.o(.data)
    POINT_COLOR                              0x20000042   Data           2  bsp_lcd.o(.data)
    BACK_COLOR                               0x20000044   Data           2  bsp_lcd.o(.data)
    BPM                                      0x20000048   Data           4  timer.o(.data)
    Signal                                   0x2000004c   Data           4  timer.o(.data)
    IBI                                      0x20000050   Data           4  timer.o(.data)
    Pulse                                    0x20000054   Data           1  timer.o(.data)
    QS                                       0x20000055   Data           1  timer.o(.data)
    sampleCounter                            0x20000058   Data           4  timer.o(.data)
    lastBeatTime                             0x2000005c   Data           4  timer.o(.data)
    P                                        0x20000060   Data           4  timer.o(.data)
    T                                        0x20000064   Data           4  timer.o(.data)
    thresh                                   0x20000068   Data           4  timer.o(.data)
    amp                                      0x2000006c   Data           4  timer.o(.data)
    firstBeat                                0x20000070   Data           1  timer.o(.data)
    secondBeat                               0x20000071   Data           1  timer.o(.data)
    lcddev                                   0x2000008c   Data          14  bsp_lcd.o(.bss)
    now_time                                 0x2000009c   Data          44  rtc.o(.bss)
    rate                                     0x200000c8   Data          40  timer.o(.bss)
    __initial_sp                             0x20000520   Data           0  startup_stm32f10x_hd.o(STACK)



==============================================================================

Memory Map of the image

  Image Entry point : 0x08000131

  Load Region LR_IROM1 (Base: 0x08000000, Size: 0x0002c1d0, Max: 0x00080000, ABSOLUTE)

    Execution Region ER_IROM1 (Exec base: 0x08000000, Load base: 0x08000000, Size: 0x0002c144, Max: 0x00080000, ABSOLUTE)

    Exec Addr    Load Addr    Size         Type   Attr      Idx    E Section Name        Object

    0x08000000   0x08000000   0x00000130   Data   RO            3    RESET               startup_stm32f10x_hd.o
    0x08000130   0x08000130   0x00000000   Code   RO         4670  * .ARM.Collect$$$$00000000  mc_w.l(entry.o)
    0x08000130   0x08000130   0x00000004   Code   RO         4997    .ARM.Collect$$$$00000001  mc_w.l(entry2.o)
    0x08000134   0x08000134   0x00000004   Code   RO         5000    .ARM.Collect$$$$00000004  mc_w.l(entry5.o)
    0x08000138   0x08000138   0x00000000   Code   RO         5002    .ARM.Collect$$$$00000008  mc_w.l(entry7b.o)
    0x08000138   0x08000138   0x00000000   Code   RO         5004    .ARM.Collect$$$$0000000A  mc_w.l(entry8b.o)
    0x08000138   0x08000138   0x00000008   Code   RO         5005    .ARM.Collect$$$$0000000B  mc_w.l(entry9a.o)
    0x08000140   0x08000140   0x00000000   Code   RO         5007    .ARM.Collect$$$$0000000D  mc_w.l(entry10a.o)
    0x08000140   0x08000140   0x00000000   Code   RO         5009    .ARM.Collect$$$$0000000F  mc_w.l(entry11a.o)
    0x08000140   0x08000140   0x00000004   Code   RO         4998    .ARM.Collect$$$$00002712  mc_w.l(entry2.o)
    0x08000144   0x08000144   0x00000024   Code   RO            4    .text               startup_stm32f10x_hd.o
    0x08000168   0x08000168   0x00000024   Code   RO         4680    .text               mc_w.l(memcpya.o)
    0x0800018c   0x0800018c   0x0000014e   Code   RO         4951    .text               mf_w.l(dadd.o)
    0x080002da   0x080002da   0x000000e4   Code   RO         4953    .text               mf_w.l(dmul.o)
    0x080003be   0x080003be   0x000000de   Code   RO         4955    .text               mf_w.l(ddiv.o)
    0x0800049c   0x0800049c   0x00000022   Code   RO         4957    .text               mf_w.l(dflti.o)
    0x080004be   0x080004be   0x0000001a   Code   RO         4959    .text               mf_w.l(dfltui.o)
    0x080004d8   0x080004d8   0x0000003e   Code   RO         4963    .text               mf_w.l(dfixi.o)
    0x08000516   0x08000516   0x00000032   Code   RO         4965    .text               mf_w.l(dfixui.o)
    0x08000548   0x08000548   0x0000001e   Code   RO         5016    .text               mc_w.l(llshl.o)
    0x08000566   0x08000566   0x00000020   Code   RO         5018    .text               mc_w.l(llushr.o)
    0x08000586   0x08000586   0x00000024   Code   RO         5020    .text               mc_w.l(llsshr.o)
    0x080005aa   0x080005aa   0x00000002   PAD
    0x080005ac   0x080005ac   0x0000000c   Code   RO         5022    .text               mc_w.l(localtime_w.o)
    0x080005b8   0x080005b8   0x0000008c   Code   RO         5025    .text               mc_w.l(localtime_i.o)
    0x08000644   0x08000644   0x00000000   Code   RO         5035    .text               mc_w.l(iusefp.o)
    0x08000644   0x08000644   0x000000ba   Code   RO         5038    .text               mf_w.l(depilogue.o)
    0x080006fe   0x080006fe   0x00000002   PAD
    0x08000700   0x08000700   0x00000024   Code   RO         5048    .text               mc_w.l(init.o)
    0x08000724   0x08000724   0x0000002e   Code   RO         5050    .text               mf_w.l(dscalb.o)
    0x08000752   0x08000752   0x00000008   Code   RO         1477    i.ADC_GetConversionValue  stm32f10x_adc.o
    0x0800075a   0x0800075a   0x00000002   PAD
    0x0800075c   0x0800075c   0x0000002c   Code   RO          509    i.BEEP_Config       beep.o
    0x08000788   0x08000788   0x00000010   Code   RO         1698    i.BKP_DeInit        stm32f10x_bkp.o
    0x08000798   0x08000798   0x000000a4   Code   RO          224    i.BreatheLed        main.o
    0x0800083c   0x0800083c   0x00000004   Code   RO           13    i.BusFault_Handler  stm32f10x_it.o
    0x08000840   0x08000840   0x000000fc   Code   RO         1341    i.DaiJi             daiji1.o
    0x0800093c   0x0800093c   0x00000002   Code   RO           14    i.DebugMon_Handler  stm32f10x_it.o
    0x0800093e   0x0800093e   0x00000092   Code   RO          414    i.Delay_lus         delay.o
    0x080009d0   0x080009d0   0x00000018   Code   RO          415    i.Delay_ms          delay.o
    0x080009e8   0x080009e8   0x00000012   Code   RO          416    i.Delay_us          delay.o
    0x080009fa   0x080009fa   0x00000002   PAD
    0x080009fc   0x080009fc   0x00000034   Code   RO         2582    i.FSMC_NORSRAMCmd   stm32f10x_fsmc.o
    0x08000a30   0x08000a30   0x000000e6   Code   RO         2584    i.FSMC_NORSRAMInit  stm32f10x_fsmc.o
    0x08000b16   0x08000b16   0x00000116   Code   RO         2709    i.GPIO_Init         stm32f10x_gpio.o
    0x08000c2c   0x08000c2c   0x00000012   Code   RO         2713    i.GPIO_ReadInputDataBit  stm32f10x_gpio.o
    0x08000c3e   0x08000c3e   0x00000004   Code   RO         2717    i.GPIO_SetBits      stm32f10x_gpio.o
    0x08000c42   0x08000c42   0x0000000a   Code   RO         2720    i.GPIO_WriteBit     stm32f10x_gpio.o
    0x08000c4c   0x08000c4c   0x00000004   Code   RO           15    i.HardFault_Handler  stm32f10x_it.o
    0x08000c50   0x08000c50   0x00000058   Code   RO          417    i.KEY_Check_Plus    delay.o
    0x08000ca8   0x08000ca8   0x0000006c   Code   RO          596    i.LCD_Clear         bsp_lcd.o
    0x08000d14   0x08000d14   0x000001f4   Code   RO          600    i.LCD_Display_Dir   bsp_lcd.o
    0x08000f08   0x08000f08   0x000000ba   Code   RO          601    i.LCD_DrawLine      bsp_lcd.o
    0x08000fc2   0x08000fc2   0x00000002   PAD
    0x08000fc4   0x08000fc4   0x00000024   Code   RO          602    i.LCD_DrawPoint     bsp_lcd.o
    0x08000fe8   0x08000fe8   0x000000aa   Code   RO          603    i.LCD_Draw_Circle   bsp_lcd.o
    0x08001092   0x08001092   0x00000002   PAD
    0x08001094   0x08001094   0x00000020   Code   RO          604    i.LCD_Fast_DrawPoint  bsp_lcd.o
    0x080010b4   0x080010b4   0x00000014   Code   RO          607    i.LCD_RD_DATA       bsp_lcd.o
    0x080010c8   0x080010c8   0x00000016   Code   RO          609    i.LCD_ReadReg       bsp_lcd.o
    0x080010de   0x080010de   0x00000002   PAD
    0x080010e0   0x080010e0   0x00000054   Code   RO          610    i.LCD_SSD_BackLightSet  bsp_lcd.o
    0x08001134   0x08001134   0x000002f8   Code   RO          611    i.LCD_Scan_Dir      bsp_lcd.o
    0x0800142c   0x0800142c   0x00000210   Code   RO          612    i.LCD_SetCursor     bsp_lcd.o
    0x0800163c   0x0800163c   0x00000068   Code   RO          617    i.LCD_ShowPicture   bsp_lcd.o
    0x080016a4   0x080016a4   0x00000018   Code   RO          623    i.LCD_WR_DATA       bsp_lcd.o
    0x080016bc   0x080016bc   0x00000018   Code   RO          624    i.LCD_WR_REG        bsp_lcd.o
    0x080016d4   0x080016d4   0x00000014   Code   RO          626    i.LCD_WriteRAM_Prepare  bsp_lcd.o
    0x080016e8   0x080016e8   0x00000010   Code   RO          627    i.LCD_WriteReg      bsp_lcd.o
    0x080016f8   0x080016f8   0x00000054   Code   RO          330    i.LED_Config        led.o
    0x0800174c   0x0800174c   0x00000004   Code   RO           16    i.MemManage_Handler  stm32f10x_it.o
    0x08001750   0x08001750   0x00000002   Code   RO           17    i.NMI_Handler       stm32f10x_it.o
    0x08001752   0x08001752   0x00000002   PAD
    0x08001754   0x08001754   0x00000070   Code   RO         1414    i.NVIC_Init         misc.o
    0x080017c4   0x080017c4   0x0000000c   Code   RO         3099    i.PWR_BackupAccessCmd  stm32f10x_pwr.o
    0x080017d0   0x080017d0   0x00000002   Code   RO           18    i.PendSV_Handler    stm32f10x_it.o
    0x080017d2   0x080017d2   0x00000002   PAD
    0x080017d4   0x080017d4   0x00000020   Code   RO         3172    i.RCC_AHBPeriphClockCmd  stm32f10x_rcc.o
    0x080017f4   0x080017f4   0x00000020   Code   RO         3173    i.RCC_APB1PeriphClockCmd  stm32f10x_rcc.o
    0x08001814   0x08001814   0x00000020   Code   RO         3175    i.RCC_APB2PeriphClockCmd  stm32f10x_rcc.o
    0x08001834   0x08001834   0x0000000c   Code   RO         3178    i.RCC_BackupResetCmd  stm32f10x_rcc.o
    0x08001840   0x08001840   0x000000d4   Code   RO         3183    i.RCC_GetClocksFreq  stm32f10x_rcc.o
    0x08001914   0x08001914   0x0000003c   Code   RO         3184    i.RCC_GetFlagStatus  stm32f10x_rcc.o
    0x08001950   0x08001950   0x00000034   Code   RO         3191    i.RCC_LSEConfig     stm32f10x_rcc.o
    0x08001984   0x08001984   0x0000000c   Code   RO         3198    i.RCC_RTCCLKCmd     stm32f10x_rcc.o
    0x08001990   0x08001990   0x00000010   Code   RO         3199    i.RCC_RTCCLKConfig  stm32f10x_rcc.o
    0x080019a0   0x080019a0   0x0000004c   Code   RO          331    i.RGB_Config        led.o
    0x080019ec   0x080019ec   0x00000058   Code   RO          956    i.RTC_Configuration  rtc.o
    0x08001a44   0x08001a44   0x00000014   Code   RO         3385    i.RTC_EnterConfigMode  stm32f10x_rtc.o
    0x08001a58   0x08001a58   0x00000014   Code   RO         3386    i.RTC_ExitConfigMode  stm32f10x_rtc.o
    0x08001a6c   0x08001a6c   0x00000014   Code   RO         3387    i.RTC_GetCounter    stm32f10x_rtc.o
    0x08001a80   0x08001a80   0x00000020   Code   RO         3391    i.RTC_ITConfig      stm32f10x_rtc.o
    0x08001aa0   0x08001aa0   0x00000020   Code   RO         3394    i.RTC_SetPrescaler  stm32f10x_rtc.o
    0x08001ac0   0x08001ac0   0x00000014   Code   RO         3395    i.RTC_WaitForLastTask  stm32f10x_rtc.o
    0x08001ad4   0x08001ad4   0x00000024   Code   RO         3396    i.RTC_WaitForSynchro  stm32f10x_rtc.o
    0x08001af8   0x08001af8   0x00000002   Code   RO           19    i.SVC_Handler       stm32f10x_it.o
    0x08001afa   0x08001afa   0x00000008   Code   RO          178    i.SetSysClock       system_stm32f10x.o
    0x08001b02   0x08001b02   0x00000002   PAD
    0x08001b04   0x08001b04   0x000000e0   Code   RO          179    i.SetSysClockTo72   system_stm32f10x.o
    0x08001be4   0x08001be4   0x0000009c   Code   RO          418    i.SysTick_Handler   delay.o
    0x08001c80   0x08001c80   0x00000060   Code   RO          181    i.SystemInit        system_stm32f10x.o
    0x08001ce0   0x08001ce0   0x000039dc   Code   RO          628    i.TFTLCD_Init       bsp_lcd.o
    0x080056bc   0x080056bc   0x0000021c   Code   RO         1034    i.TIM3_IRQHandler   timer.o
    0x080058d8   0x080058d8   0x00000006   Code   RO         3850    i.TIM_ClearITPendingBit  stm32f10x_tim.o
    0x080058de   0x080058de   0x00000022   Code   RO         3876    i.TIM_GetITStatus   stm32f10x_tim.o
    0x08005900   0x08005900   0x000000a8   Code   RO          537    i.USART1_Config     usart1.o
    0x080059a8   0x080059a8   0x00000030   Code   RO          538    i.USART1_IRQHandler  usart1.o
    0x080059d8   0x080059d8   0x00000018   Code   RO         4403    i.USART_Cmd         stm32f10x_usart.o
    0x080059f0   0x080059f0   0x00000054   Code   RO         4407    i.USART_GetITStatus  stm32f10x_usart.o
    0x08005a44   0x08005a44   0x0000004a   Code   RO         4409    i.USART_ITConfig    stm32f10x_usart.o
    0x08005a8e   0x08005a8e   0x00000002   PAD
    0x08005a90   0x08005a90   0x000000d8   Code   RO         4410    i.USART_Init        stm32f10x_usart.o
    0x08005b68   0x08005b68   0x00000004   Code   RO           20    i.UsageFault_Handler  stm32f10x_it.o
    0x08005b6c   0x08005b6c   0x00000028   Code   RO         5044    i.__ARM_fpclassify  m_ws.l(fpclassify.o)
    0x08005b94   0x08005b94   0x00000388   Code   RO         4986    i.__ieee754_rem_pio2  m_ws.l(rred.o)
    0x08005f1c   0x08005f1c   0x000000fc   Code   RO         4969    i.__kernel_cos      m_ws.l(cos_i.o)
    0x08006018   0x08006018   0x000000aa   Code   RO         5046    i.__kernel_poly     m_ws.l(poly.o)
    0x080060c2   0x080060c2   0x00000002   PAD
    0x080060c4   0x080060c4   0x000000ec   Code   RO         4991    i.__kernel_sin      m_ws.l(sin_i.o)
    0x080061b0   0x080061b0   0x00000006   Code   RO         4973    i.__mathlib_dbl_infnan  m_ws.l(dunder.o)
    0x080061b6   0x080061b6   0x0000000c   Code   RO         4975    i.__mathlib_dbl_invalid  m_ws.l(dunder.o)
    0x080061c2   0x080061c2   0x00000002   PAD
    0x080061c4   0x080061c4   0x00000010   Code   RO         4978    i.__mathlib_dbl_underflow  m_ws.l(dunder.o)
    0x080061d4   0x080061d4   0x0000000e   Code   RO         5054    i.__scatterload_copy  mc_w.l(handlers.o)
    0x080061e2   0x080061e2   0x00000002   Code   RO         5055    i.__scatterload_null  mc_w.l(handlers.o)
    0x080061e4   0x080061e4   0x0000000e   Code   RO         5056    i.__scatterload_zeroinit  mc_w.l(handlers.o)
    0x080061f2   0x080061f2   0x00000002   PAD
    0x080061f4   0x080061f4   0x0000000c   Code   RO         5030    i.__set_errno       mc_w.l(errno.o)
    0x08006200   0x08006200   0x0000009c   Code   RO         4655    i.cos               m_ws.l(cos.o)
    0x0800629c   0x0800629c   0x000000bc   Code   RO          921    i.get_points_on_concentric_circles  draw.o
    0x08006358   0x08006358   0x000000a4   Code   RO          225    i.main              main.o
    0x080063fc   0x080063fc   0x0000004c   Code   RO          922    i.portion_to_radians  draw.o
    0x08006448   0x08006448   0x0000030c   Code   RO         1125    i.showbiaopan       biaopan1.o
    0x08006754   0x08006754   0x000000a0   Code   RO         4663    i.sin               m_ws.l(sin.o)
    0x080067f4   0x080067f4   0x00025800   Data   RO         1330    .constdata          daiji.o
    0x0802bff4   0x0802bff4   0x00000004   PAD
    0x0802bff8   0x0802bff8   0x00000030   Data   RO         4970    .constdata          m_ws.l(cos_i.o)
    0x0802c028   0x0802c028   0x000000c8   Data   RO         4988    .constdata          m_ws.l(rred.o)
    0x0802c0f0   0x0802c0f0   0x00000028   Data   RO         4992    .constdata          m_ws.l(sin_i.o)
    0x0802c118   0x0802c118   0x0000000c   Data   RO         5026    .constdata          mc_w.l(localtime_i.o)
    0x0802c124   0x0802c124   0x00000020   Data   RO         5052    Region$$Table       anon$$obj.o


    Execution Region RW_IRAM1 (Exec base: 0x20000000, Load base: 0x0802c144, Size: 0x00000520, Max: 0x00010000, ABSOLUTE)

    Exec Addr    Load Addr    Size         Type   Attr      Idx    E Section Name        Object

    0x20000000   0x0802c144   0x0000000c   Data   RW          226    .data               main.o
    0x2000000c   0x0802c150   0x00000034   Data   RW          419    .data               delay.o
    0x20000040   0x0802c184   0x00000001   Data   RW          542    .data               usart1.o
    0x20000041   0x0802c185   0x00000001   PAD
    0x20000042   0x0802c186   0x00000004   Data   RW          632    .data               bsp_lcd.o
    0x20000046   0x0802c18a   0x00000002   PAD
    0x20000048   0x0802c18c   0x0000002a   Data   RW         1037    .data               timer.o
    0x20000072   0x0802c1b6   0x00000014   Data   RW         3203    .data               stm32f10x_rcc.o
    0x20000086   0x0802c1ca   0x00000002   PAD
    0x20000088   0x0802c1cc   0x00000004   Data   RW         5031    .data               mc_w.l(errno.o)
    0x2000008c        -       0x0000000e   Zero   RW          630    .bss                bsp_lcd.o
    0x2000009a   0x0802c1d0   0x00000002   PAD
    0x2000009c        -       0x0000002c   Zero   RW          959    .bss                rtc.o
    0x200000c8        -       0x00000028   Zero   RW         1036    .bss                timer.o
    0x200000f0        -       0x0000002c   Zero   RW         5023    .bss                mc_w.l(localtime_w.o)
    0x2000011c   0x0802c1d0   0x00000004   PAD
    0x20000120        -       0x00000400   Zero   RW            1    STACK               startup_stm32f10x_hd.o


==============================================================================

Image component sizes


      Code (inc. data)   RO Data    RW Data    ZI Data      Debug   Object Name

        44          6          0          0          0        506   beep.o
       780         40          0          0          0       1002   biaopan1.o
     17446        152          0          4         14      23129   bsp_lcd.o
         0          0     153600          0          0        679   daiji.o
       252          8          0          0          0        720   daiji1.o
       432         54          0         52          0       3437   delay.o
       264         22          0          0          0       1544   draw.o
       160         12          0          0          0       1034   led.o
       328         32          0         12          0      27103   main.o
       112         12          0          0          0       1136   misc.o
        88          0          0          0         44        779   rtc.o
        36          8        304          0       1024        848   startup_stm32f10x_hd.o
         8          0          0          0          0       2721   stm32f10x_adc.o
        16          0          0          0          0        485   stm32f10x_bkp.o
       282          6          0          0          0       1929   stm32f10x_fsmc.o
       310          0          0          0          0       3823   stm32f10x_gpio.o
        24          0          0          0          0     273532   stm32f10x_it.o
        12          6          0          0          0        514   stm32f10x_pwr.o
       460         64          0         20          0       7870   stm32f10x_rcc.o
       180         36          0          0          0       3525   stm32f10x_rtc.o
        40          0          0          0          0       1870   stm32f10x_tim.o
       398          6          0          0          0       4566   stm32f10x_usart.o
       328         28          0          0          0       2101   system_stm32f10x.o
       540         64          0         42         40       2060   timer.o
       216         20          0          1          0       1455   usart1.o

    ----------------------------------------------------------------------
     22774        576     153940        136       1124     368368   Object Totals
         0          0         32          0          0          0   (incl. Generated)
        18          0          4          5          2          0   (incl. Padding)

    ----------------------------------------------------------------------

      Code (inc. data)   RO Data    RW Data    ZI Data      Debug   Library Member Name

       156          8          0          0          0        104   cos.o
       252         22         48          0          0        124   cos_i.o
        34          6          0          0          0        204   dunder.o
        40          0          0          0          0         68   fpclassify.o
       170          0          0          0          0         96   poly.o
       904         76        200          0          0        140   rred.o
       160         10          0          0          0        108   sin.o
       236         12         40          0          0        128   sin_i.o
         0          0          0          0          0          0   entry.o
         0          0          0          0          0          0   entry10a.o
         0          0          0          0          0          0   entry11a.o
         8          4          0          0          0          0   entry2.o
         4          0          0          0          0          0   entry5.o
         0          0          0          0          0          0   entry7b.o
         0          0          0          0          0          0   entry8b.o
         8          4          0          0          0          0   entry9a.o
        12          6          0          4          0         68   errno.o
        30          0          0          0          0          0   handlers.o
        36          8          0          0          0         68   init.o
         0          0          0          0          0          0   iusefp.o
        30          0          0          0          0         68   llshl.o
        36          0          0          0          0         68   llsshr.o
        32          0          0          0          0         68   llushr.o
       140          6         12          0          0         76   localtime_i.o
        12          6          0          0         44         68   localtime_w.o
        36          0          0          0          0         68   memcpya.o
       334          0          0          0          0        148   dadd.o
       222          0          0          0          0        100   ddiv.o
       186          0          0          0          0        176   depilogue.o
        62          0          0          0          0         80   dfixi.o
        50          0          0          0          0         76   dfixui.o
        34          0          0          0          0         76   dflti.o
        26          0          0          0          0         76   dfltui.o
       228          0          0          0          0         96   dmul.o
        46          0          0          0          0         80   dscalb.o

    ----------------------------------------------------------------------
      3534        168        300          4         48       2432   Library Totals
        10          0          0          0          4          0   (incl. Padding)

    ----------------------------------------------------------------------

      Code (inc. data)   RO Data    RW Data    ZI Data      Debug   Library Name

      1952        134        288          0          0        972   m_ws.l
       384         34         12          4         44        552   mc_w.l
      1188          0          0          0          0        908   mf_w.l

    ----------------------------------------------------------------------
      3534        168        300          4         48       2432   Library Totals

    ----------------------------------------------------------------------

==============================================================================


      Code (inc. data)   RO Data    RW Data    ZI Data      Debug   

     26308        744     154240        140       1172     365960   Grand Totals
     26308        744     154240        140       1172     365960   ELF Image Totals
     26308        744     154240        140          0          0   ROM Totals

==============================================================================

    Total RO  Size (Code + RO Data)               180548 ( 176.32kB)
    Total RW  Size (RW Data + ZI Data)              1312 (   1.28kB)
    Total ROM Size (Code + RO Data + RW Data)     180688 ( 176.45kB)

==============================================================================

