Component: ARM Compiler 5.06 update 6 (build 750) Tool: armlink [4d35ed]

==============================================================================

Section Cross References

    startup_stm32f10x_hd.o(RESET) refers to startup_stm32f10x_hd.o(STACK) for __initial_sp
    startup_stm32f10x_hd.o(RESET) refers to startup_stm32f10x_hd.o(.text) for Reset_Handler
    startup_stm32f10x_hd.o(RESET) refers to stm32f10x_it.o(i.NMI_Handler) for NMI_Handler
    startup_stm32f10x_hd.o(RESET) refers to stm32f10x_it.o(i.HardFault_Handler) for HardFault_Handler
    startup_stm32f10x_hd.o(RESET) refers to stm32f10x_it.o(i.MemManage_Handler) for MemManage_Handler
    startup_stm32f10x_hd.o(RESET) refers to stm32f10x_it.o(i.BusFault_Handler) for BusFault_Handler
    startup_stm32f10x_hd.o(RESET) refers to stm32f10x_it.o(i.UsageFault_Handler) for UsageFault_Handler
    startup_stm32f10x_hd.o(RESET) refers to stm32f10x_it.o(i.SVC_Handler) for SVC_Handler
    startup_stm32f10x_hd.o(RESET) refers to stm32f10x_it.o(i.DebugMon_Handler) for DebugMon_Handler
    startup_stm32f10x_hd.o(RESET) refers to stm32f10x_it.o(i.PendSV_Handler) for PendSV_Handler
    startup_stm32f10x_hd.o(RESET) refers to delay.o(i.SysTick_Handler) for SysTick_Handler
    startup_stm32f10x_hd.o(RESET) refers to usart1.o(i.USART1_IRQHandler) for USART1_IRQHandler
    startup_stm32f10x_hd.o(.text) refers to system_stm32f10x.o(i.SystemInit) for SystemInit
    startup_stm32f10x_hd.o(.text) refers to entry.o(.ARM.Collect$$$$00000000) for __main
    system_stm32f10x.o(i.SetSysClock) refers to system_stm32f10x.o(i.SetSysClockTo72) for SetSysClockTo72
    system_stm32f10x.o(i.SystemCoreClockUpdate) refers to system_stm32f10x.o(.data) for SystemCoreClock
    system_stm32f10x.o(i.SystemInit) refers to system_stm32f10x.o(i.SetSysClock) for SetSysClock
    main.o(i.main) refers to led.o(i.LED_Config) for LED_Config
    main.o(i.main) refers to bsp_lcd.o(i.TFTLCD_Init) for TFTLCD_Init
    main.o(i.main) refers to adc2.o(i.ADC2_Config) for ADC2_Config
    main.o(i.main) refers to rtc.o(i.RTC_Configuration) for RTC_Configuration
    main.o(i.main) refers to usart1.o(i.USART1_Config) for USART1_Config
    main.o(i.main) refers to memseta.o(.text) for __aeabi_memclr4
    main.o(i.main) refers to bsp_lcd.o(i.LCD_ShowPicture) for LCD_ShowPicture
    main.o(i.main) refers to draw.o(i.get_points_on_concentric_circles) for get_points_on_concentric_circles
    main.o(i.main) refers to bsp_lcd.o(i.LCD_DrawLine) for LCD_DrawLine
    main.o(i.main) refers to delay.o(i.Delay_ms) for Delay_ms
    main.o(i.main) refers to stm32f10x_rtc.o(i.RTC_GetCounter) for RTC_GetCounter
    main.o(i.main) refers to localtime_w.o(.text) for localtime
    main.o(i.main) refers to memcpya.o(.text) for __aeabi_memcpy4
    main.o(i.main) refers to printf1.o(i.__0printf$1) for __2printf
    main.o(i.main) refers to watch.o(.constdata) for gImage_watch
    main.o(i.main) refers to rtc.o(.bss) for now_time
    main.o(i.main) refers to delay.o(.data) for LED1_TIME
    led.o(i.LED_Config) refers to stm32f10x_rcc.o(i.RCC_APB2PeriphClockCmd) for RCC_APB2PeriphClockCmd
    led.o(i.LED_Config) refers to stm32f10x_gpio.o(i.GPIO_Init) for GPIO_Init
    led.o(i.LED_Config) refers to stm32f10x_gpio.o(i.GPIO_WriteBit) for GPIO_WriteBit
    led.o(i.RGB_Config) refers to stm32f10x_rcc.o(i.RCC_APB2PeriphClockCmd) for RCC_APB2PeriphClockCmd
    led.o(i.RGB_Config) refers to stm32f10x_gpio.o(i.GPIO_Init) for GPIO_Init
    delay.o(i.Delay_ms) refers to delay.o(i.Delay_us) for Delay_us
    delay.o(i.Delay_us) refers to delay.o(i.Delay_lus) for Delay_lus
    delay.o(i.KEY_Check_Plus) refers to stm32f10x_gpio.o(i.GPIO_ReadInputDataBit) for GPIO_ReadInputDataBit
    delay.o(i.KEY_Check_Plus) refers to delay.o(.data) for key_time
    delay.o(i.SysTick_Handler) refers to delay.o(i.KEY_Check_Plus) for KEY_Check_Plus
    delay.o(i.SysTick_Handler) refers to delay.o(.data) for LED1_TIME
    key.o(i.KET_Config) refers to stm32f10x_rcc.o(i.RCC_APB2PeriphClockCmd) for RCC_APB2PeriphClockCmd
    key.o(i.KET_Config) refers to stm32f10x_gpio.o(i.GPIO_Init) for GPIO_Init
    key.o(i.KEY_Check) refers to stm32f10x_gpio.o(i.GPIO_ReadInputDataBit) for GPIO_ReadInputDataBit
    key.o(i.KEY_Check) refers to delay.o(i.Delay_ms) for Delay_ms
    beep.o(i.BEEP_Config) refers to stm32f10x_rcc.o(i.RCC_APB2PeriphClockCmd) for RCC_APB2PeriphClockCmd
    beep.o(i.BEEP_Config) refers to stm32f10x_gpio.o(i.GPIO_Init) for GPIO_Init
    usart1.o(i.USART1_Config) refers to stm32f10x_rcc.o(i.RCC_APB2PeriphClockCmd) for RCC_APB2PeriphClockCmd
    usart1.o(i.USART1_Config) refers to stm32f10x_gpio.o(i.GPIO_Init) for GPIO_Init
    usart1.o(i.USART1_Config) refers to stm32f10x_usart.o(i.USART_Init) for USART_Init
    usart1.o(i.USART1_Config) refers to stm32f10x_usart.o(i.USART_Cmd) for USART_Cmd
    usart1.o(i.USART1_Config) refers to stm32f10x_usart.o(i.USART_ITConfig) for USART_ITConfig
[...]
    Removing stm32f10x_rcc.o(i.RCC_ClockSecuritySystemCmd), (12 bytes).
    Removing stm32f10x_rcc.o(i.RCC_DeInit), (76 bytes).
    Removing stm32f10x_rcc.o(i.RCC_GetITStatus), (24 bytes).
    Removing stm32f10x_rcc.o(i.RCC_GetSYSCLKSource), (16 bytes).
    Removing stm32f10x_rcc.o(i.RCC_HCLKConfig), (24 bytes).
    Removing stm32f10x_rcc.o(i.RCC_HSEConfig), (76 bytes).
    Removing stm32f10x_rcc.o(i.RCC_HSICmd), (12 bytes).
    Removing stm32f10x_rcc.o(i.RCC_ITConfig), (32 bytes).
    Removing stm32f10x_rcc.o(i.RCC_LSICmd), (12 bytes).
    Removing stm32f10x_rcc.o(i.RCC_MCOConfig), (12 bytes).
    Removing stm32f10x_rcc.o(i.RCC_PCLK1Config), (24 bytes).
    Removing stm32f10x_rcc.o(i.RCC_PCLK2Config), (24 bytes).
    Removing stm32f10x_rcc.o(i.RCC_PLLCmd), (12 bytes).
    Removing stm32f10x_rcc.o(i.RCC_PLLConfig), (28 bytes).
    Removing stm32f10x_rcc.o(i.RCC_SYSCLKConfig), (24 bytes).
    Removing stm32f10x_rcc.o(i.RCC_USBCLKConfig), (12 bytes).
    Removing stm32f10x_rcc.o(i.RCC_WaitForHSEStartUp), (56 bytes).
    Removing stm32f10x_rtc.o(.rev16_text), (4 bytes).
    Removing stm32f10x_rtc.o(.revsh_text), (4 bytes).
    Removing stm32f10x_rtc.o(.rrx_text), (6 bytes).
    Removing stm32f10x_rtc.o(i.RTC_ClearFlag), (16 bytes).
    Removing stm32f10x_rtc.o(i.RTC_ClearITPendingBit), (16 bytes).
    Removing stm32f10x_rtc.o(i.RTC_GetDivider), (24 bytes).
    Removing stm32f10x_rtc.o(i.RTC_GetFlagStatus), (24 bytes).
    Removing stm32f10x_rtc.o(i.RTC_GetITStatus), (36 bytes).
    Removing stm32f10x_rtc.o(i.RTC_SetAlarm), (28 bytes).
    Removing stm32f10x_rtc.o(i.RTC_SetCounter), (28 bytes).
    Removing stm32f10x_sdio.o(.rev16_text), (4 bytes).
    Removing stm32f10x_sdio.o(.revsh_text), (4 bytes).
    Removing stm32f10x_sdio.o(.rrx_text), (6 bytes).
    Removing stm32f10x_sdio.o(i.SDIO_CEATAITCmd), (16 bytes).
    Removing stm32f10x_sdio.o(i.SDIO_ClearFlag), (12 bytes).
    Removing stm32f10x_sdio.o(i.SDIO_ClearITPendingBit), (12 bytes).
    Removing stm32f10x_sdio.o(i.SDIO_ClockCmd), (12 bytes).
    Removing stm32f10x_sdio.o(i.SDIO_CmdStructInit), (14 bytes).
    Removing stm32f10x_sdio.o(i.SDIO_CommandCompletionCmd), (12 bytes).
    Removing stm32f10x_sdio.o(i.SDIO_DMACmd), (12 bytes).
    Removing stm32f10x_sdio.o(i.SDIO_DataConfig), (48 bytes).
    Removing stm32f10x_sdio.o(i.SDIO_DataStructInit), (20 bytes).
    Removing stm32f10x_sdio.o(i.SDIO_DeInit), (36 bytes).
    Removing stm32f10x_sdio.o(i.SDIO_GetCommandResponse), (12 bytes).
    Removing stm32f10x_sdio.o(i.SDIO_GetDataCounter), (12 bytes).
    Removing stm32f10x_sdio.o(i.SDIO_GetFIFOCount), (12 bytes).
    Removing stm32f10x_sdio.o(i.SDIO_GetFlagStatus), (24 bytes).
    Removing stm32f10x_sdio.o(i.SDIO_GetITStatus), (24 bytes).
    Removing stm32f10x_sdio.o(i.SDIO_GetPowerState), (16 bytes).
    Removing stm32f10x_sdio.o(i.SDIO_GetResponse), (24 bytes).
    Removing stm32f10x_sdio.o(i.SDIO_ITConfig), (32 bytes).
    Removing stm32f10x_sdio.o(i.SDIO_Init), (48 bytes).
    Removing stm32f10x_sdio.o(i.SDIO_ReadData), (12 bytes).
    Removing stm32f10x_sdio.o(i.SDIO_SendCEATACmd), (12 bytes).
    Removing stm32f10x_sdio.o(i.SDIO_SendCommand), (44 bytes).
    Removing stm32f10x_sdio.o(i.SDIO_SendSDIOSuspendCmd), (12 bytes).
    Removing stm32f10x_sdio.o(i.SDIO_SetPowerState), (28 bytes).
    Removing stm32f10x_sdio.o(i.SDIO_SetSDIOOperation), (12 bytes).
    Removing stm32f10x_sdio.o(i.SDIO_SetSDIOReadWaitMode), (12 bytes).
    Removing stm32f10x_sdio.o(i.SDIO_StartSDIOReadWait), (12 bytes).
    Removing stm32f10x_sdio.o(i.SDIO_StopSDIOReadWait), (12 bytes).
    Removing stm32f10x_sdio.o(i.SDIO_StructInit), (16 bytes).
    Removing stm32f10x_sdio.o(i.SDIO_WriteData), (12 bytes).
    Removing stm32f10x_spi.o(.rev16_text), (4 bytes).
    Removing stm32f10x_spi.o(.revsh_text), (4 bytes).
    Removing stm32f10x_spi.o(.rrx_text), (6 bytes).
    Removing stm32f10x_spi.o(i.I2S_Cmd), (24 bytes).
    Removing stm32f10x_spi.o(i.I2S_Init), (232 bytes).
    Removing stm32f10x_spi.o(i.I2S_StructInit), (20 bytes).
    Removing stm32f10x_spi.o(i.SPI_BiDirectionalLineConfig), (28 bytes).
    Removing stm32f10x_spi.o(i.SPI_CalculateCRC), (24 bytes).
    Removing stm32f10x_spi.o(i.SPI_Cmd), (24 bytes).
    Removing stm32f10x_spi.o(i.SPI_DataSizeConfig), (18 bytes).
    Removing stm32f10x_spi.o(i.SPI_GetCRC), (16 bytes).
    Removing stm32f10x_spi.o(i.SPI_GetCRCPolynomial), (6 bytes).
    Removing stm32f10x_spi.o(i.SPI_I2S_ClearFlag), (6 bytes).
    Removing stm32f10x_spi.o(i.SPI_I2S_ClearITPendingBit), (20 bytes).
    Removing stm32f10x_spi.o(i.SPI_I2S_DMACmd), (18 bytes).
    Removing stm32f10x_spi.o(i.SPI_I2S_DeInit), (88 bytes).
    Removing stm32f10x_spi.o(i.SPI_I2S_GetFlagStatus), (18 bytes).
    Removing stm32f10x_spi.o(i.SPI_I2S_GetITStatus), (52 bytes).
    Removing stm32f10x_spi.o(i.SPI_I2S_ITConfig), (32 bytes).
    Removing stm32f10x_spi.o(i.SPI_I2S_ReceiveData), (6 bytes).
    Removing stm32f10x_spi.o(i.SPI_I2S_SendData), (4 bytes).
    Removing stm32f10x_spi.o(i.SPI_Init), (60 bytes).
    Removing stm32f10x_spi.o(i.SPI_NSSInternalSoftwareConfig), (30 bytes).
    Removing stm32f10x_spi.o(i.SPI_SSOutputCmd), (24 bytes).
    Removing stm32f10x_spi.o(i.SPI_StructInit), (24 bytes).
    Removing stm32f10x_spi.o(i.SPI_TransmitCRC), (10 bytes).
    Removing stm32f10x_tim.o(.rev16_text), (4 bytes).
    Removing stm32f10x_tim.o(.revsh_text), (4 bytes).
    Removing stm32f10x_tim.o(.rrx_text), (6 bytes).
    Removing stm32f10x_tim.o(i.TI1_Config), (128 bytes).
    Removing stm32f10x_tim.o(i.TI2_Config), (152 bytes).
    Removing stm32f10x_tim.o(i.TI3_Config), (144 bytes).
    Removing stm32f10x_tim.o(i.TI4_Config), (152 bytes).
    Removing stm32f10x_tim.o(i.TIM_ARRPreloadConfig), (24 bytes).
    Removing stm32f10x_tim.o(i.TIM_BDTRConfig), (32 bytes).
    Removing stm32f10x_tim.o(i.TIM_BDTRStructInit), (18 bytes).
    Removing stm32f10x_tim.o(i.TIM_CCPreloadControl), (24 bytes).
    Removing stm32f10x_tim.o(i.TIM_CCxCmd), (30 bytes).
    Removing stm32f10x_tim.o(i.TIM_CCxNCmd), (30 bytes).
    Removing stm32f10x_tim.o(i.TIM_ClearFlag), (6 bytes).
    Removing stm32f10x_tim.o(i.TIM_ClearITPendingBit), (6 bytes).
    Removing stm32f10x_tim.o(i.TIM_ClearOC1Ref), (18 bytes).
    Removing stm32f10x_tim.o(i.TIM_ClearOC2Ref), (24 bytes).
    Removing stm32f10x_tim.o(i.TIM_ClearOC3Ref), (18 bytes).
    Removing stm32f10x_tim.o(i.TIM_ClearOC4Ref), (24 bytes).
    Removing stm32f10x_tim.o(i.TIM_Cmd), (24 bytes).
    Removing stm32f10x_tim.o(i.TIM_CounterModeConfig), (18 bytes).
    Removing stm32f10x_tim.o(i.TIM_CtrlPWMOutputs), (30 bytes).
    Removing stm32f10x_tim.o(i.TIM_DMACmd), (18 bytes).
    Removing stm32f10x_tim.o(i.TIM_DMAConfig), (10 bytes).
    Removing stm32f10x_tim.o(i.TIM_DeInit), (488 bytes).
    Removing stm32f10x_tim.o(i.TIM_ETRClockMode1Config), (54 bytes).
    Removing stm32f10x_tim.o(i.TIM_ETRClockMode2Config), (32 bytes).
    Removing stm32f10x_tim.o(i.TIM_ETRConfig), (28 bytes).
    Removing stm32f10x_tim.o(i.TIM_EncoderInterfaceConfig), (66 bytes).
    Removing stm32f10x_tim.o(i.TIM_ForcedOC1Config), (18 bytes).
    Removing stm32f10x_tim.o(i.TIM_ForcedOC2Config), (26 bytes).
    Removing stm32f10x_tim.o(i.TIM_ForcedOC3Config), (18 bytes).
    Removing stm32f10x_tim.o(i.TIM_ForcedOC4Config), (26 bytes).
    Removing stm32f10x_tim.o(i.TIM_GenerateEvent), (4 bytes).
    Removing stm32f10x_tim.o(i.TIM_GetCapture1), (6 bytes).
    Removing stm32f10x_tim.o(i.TIM_GetCapture2), (6 bytes).
    Removing stm32f10x_tim.o(i.TIM_GetCapture3), (6 bytes).
    Removing stm32f10x_tim.o(i.TIM_GetCapture4), (8 bytes).
    Removing stm32f10x_tim.o(i.TIM_GetCounter), (6 bytes).
    Removing stm32f10x_tim.o(i.TIM_GetFlagStatus), (18 bytes).
    Removing stm32f10x_tim.o(i.TIM_GetITStatus), (34 bytes).
    Removing stm32f10x_tim.o(i.TIM_GetPrescaler), (6 bytes).
    Removing stm32f10x_tim.o(i.TIM_ICInit), (172 bytes).
    Removing stm32f10x_tim.o(i.TIM_ICStructInit), (18 bytes).
    Removing stm32f10x_tim.o(i.TIM_ITConfig), (18 bytes).
    Removing stm32f10x_tim.o(i.TIM_ITRxExternalClockConfig), (24 bytes).
    Removing stm32f10x_tim.o(i.TIM_InternalClockConfig), (12 bytes).
    Removing stm32f10x_tim.o(i.TIM_OC1FastConfig), (18 bytes).
    Removing stm32f10x_tim.o(i.TIM_OC1Init), (152 bytes).
    Removing stm32f10x_tim.o(i.TIM_OC1NPolarityConfig), (18 bytes).
    Removing stm32f10x_tim.o(i.TIM_OC1PolarityConfig), (18 bytes).
    Removing stm32f10x_tim.o(i.TIM_OC1PreloadConfig), (18 bytes).
    Removing stm32f10x_tim.o(i.TIM_OC2FastConfig), (26 bytes).
    Removing stm32f10x_tim.o(i.TIM_OC2Init), (164 bytes).
    Removing stm32f10x_tim.o(i.TIM_OC2NPolarityConfig), (26 bytes).
    Removing stm32f10x_tim.o(i.TIM_OC2PolarityConfig), (26 bytes).
    Removing stm32f10x_tim.o(i.TIM_OC2PreloadConfig), (26 bytes).
    Removing stm32f10x_tim.o(i.TIM_OC3FastConfig), (18 bytes).
    Removing stm32f10x_tim.o(i.TIM_OC3Init), (160 bytes).
    Removing stm32f10x_tim.o(i.TIM_OC3NPolarityConfig), (26 bytes).
    Removing stm32f10x_tim.o(i.TIM_OC3PolarityConfig), (26 bytes).
    Removing stm32f10x_tim.o(i.TIM_OC3PreloadConfig), (18 bytes).
    Removing stm32f10x_tim.o(i.TIM_OC4FastConfig), (26 bytes).
    Removing stm32f10x_tim.o(i.TIM_OC4Init), (124 bytes).
    Removing stm32f10x_tim.o(i.TIM_OC4PolarityConfig), (26 bytes).
    Removing stm32f10x_tim.o(i.TIM_OC4PreloadConfig), (26 bytes).
    Removing stm32f10x_tim.o(i.TIM_OCStructInit), (20 bytes).
    Removing stm32f10x_tim.o(i.TIM_PWMIConfig), (124 bytes).
    Removing stm32f10x_tim.o(i.TIM_PrescalerConfig), (6 bytes).
    Removing stm32f10x_tim.o(i.TIM_SelectCCDMA), (24 bytes).
    Removing stm32f10x_tim.o(i.TIM_SelectCOM), (24 bytes).
    Removing stm32f10x_tim.o(i.TIM_SelectHallSensor), (24 bytes).
    Removing stm32f10x_tim.o(i.TIM_SelectInputTrigger), (18 bytes).
    Removing stm32f10x_tim.o(i.TIM_SelectMasterSlaveMode), (18 bytes).
    Removing stm32f10x_tim.o(i.TIM_SelectOCxM), (82 bytes).
    Removing stm32f10x_tim.o(i.TIM_SelectOnePulseMode), (18 bytes).
    Removing stm32f10x_tim.o(i.TIM_SelectOutputTrigger), (18 bytes).
    Removing stm32f10x_tim.o(i.TIM_SelectSlaveMode), (18 bytes).
    Removing stm32f10x_tim.o(i.TIM_SetAutoreload), (4 bytes).
    Removing stm32f10x_tim.o(i.TIM_SetClockDivision), (18 bytes).
    Removing stm32f10x_tim.o(i.TIM_SetCompare1), (4 bytes).
    Removing stm32f10x_tim.o(i.TIM_SetCompare2), (4 bytes).
    Removing stm32f10x_tim.o(i.TIM_SetCompare3), (4 bytes).
    Removing stm32f10x_tim.o(i.TIM_SetCompare4), (6 bytes).
    Removing stm32f10x_tim.o(i.TIM_SetCounter), (4 bytes).
    Removing stm32f10x_tim.o(i.TIM_SetIC1Prescaler), (18 bytes).
    Removing stm32f10x_tim.o(i.TIM_SetIC2Prescaler), (26 bytes).
    Removing stm32f10x_tim.o(i.TIM_SetIC3Prescaler), (18 bytes).
    Removing stm32f10x_tim.o(i.TIM_SetIC4Prescaler), (26 bytes).
    Removing stm32f10x_tim.o(i.TIM_TIxExternalClockConfig), (62 bytes).
    Removing stm32f10x_tim.o(i.TIM_TimeBaseInit), (164 bytes).
    Removing stm32f10x_tim.o(i.TIM_TimeBaseStructInit), (18 bytes).
    Removing stm32f10x_tim.o(i.TIM_UpdateDisableConfig), (24 bytes).
    Removing stm32f10x_tim.o(i.TIM_UpdateRequestConfig), (24 bytes).
    Removing stm32f10x_usart.o(.rev16_text), (4 bytes).
    Removing stm32f10x_usart.o(.revsh_text), (4 bytes).
    Removing stm32f10x_usart.o(.rrx_text), (6 bytes).
    Removing stm32f10x_usart.o(i.USART_ClearFlag), (18 bytes).
    Removing stm32f10x_usart.o(i.USART_ClearITPendingBit), (30 bytes).
    Removing stm32f10x_usart.o(i.USART_ClockInit), (34 bytes).
    Removing stm32f10x_usart.o(i.USART_ClockStructInit), (12 bytes).
    Removing stm32f10x_usart.o(i.USART_DMACmd), (18 bytes).
    Removing stm32f10x_usart.o(i.USART_DeInit), (156 bytes).
    Removing stm32f10x_usart.o(i.USART_HalfDuplexCmd), (24 bytes).
    Removing stm32f10x_usart.o(i.USART_IrDACmd), (24 bytes).
    Removing stm32f10x_usart.o(i.USART_IrDAConfig), (18 bytes).
    Removing stm32f10x_usart.o(i.USART_LINBreakDetectLengthConfig), (18 bytes).
    Removing stm32f10x_usart.o(i.USART_LINCmd), (24 bytes).
    Removing stm32f10x_usart.o(i.USART_OneBitMethodCmd), (24 bytes).
    Removing stm32f10x_usart.o(i.USART_OverSampling8Cmd), (22 bytes).
    Removing stm32f10x_usart.o(i.USART_ReceiveData), (10 bytes).
    Removing stm32f10x_usart.o(i.USART_ReceiverWakeUpCmd), (24 bytes).
    Removing stm32f10x_usart.o(i.USART_SendBreak), (10 bytes).
    Removing stm32f10x_usart.o(i.USART_SetAddress), (18 bytes).
    Removing stm32f10x_usart.o(i.USART_SetGuardTime), (16 bytes).
    Removing stm32f10x_usart.o(i.USART_SetPrescaler), (16 bytes).
    Removing stm32f10x_usart.o(i.USART_SmartCardCmd), (24 bytes).
    Removing stm32f10x_usart.o(i.USART_SmartCardNACKCmd), (24 bytes).
    Removing stm32f10x_usart.o(i.USART_StructInit), (24 bytes).
    Removing stm32f10x_usart.o(i.USART_WakeUpConfig), (18 bytes).
    Removing stm32f10x_wwdg.o(.rev16_text), (4 bytes).
    Removing stm32f10x_wwdg.o(.revsh_text), (4 bytes).
    Removing stm32f10x_wwdg.o(.rrx_text), (6 bytes).
    Removing stm32f10x_wwdg.o(i.WWDG_ClearFlag), (12 bytes).
    Removing stm32f10x_wwdg.o(i.WWDG_DeInit), (22 bytes).
    Removing stm32f10x_wwdg.o(i.WWDG_Enable), (16 bytes).
    Removing stm32f10x_wwdg.o(i.WWDG_EnableIT), (12 bytes).
    Removing stm32f10x_wwdg.o(i.WWDG_GetFlagStatus), (12 bytes).
    Removing stm32f10x_wwdg.o(i.WWDG_SetCounter), (16 bytes).
    Removing stm32f10x_wwdg.o(i.WWDG_SetPrescaler), (24 bytes).
    Removing stm32f10x_wwdg.o(i.WWDG_SetWindowValue), (40 bytes).
    Removing d2f.o(.text), (56 bytes).
    Removing fepilogue.o(.text), (110 bytes).
    Removing dfixul.o(.text), (48 bytes).
    Removing cdrcmple.o(.text), (48 bytes).

587 unused section(s) (total 735625 bytes) removed from the image.

==============================================================================

Image Symbol Table

    Local Symbols

    Symbol Name                              Value     Ov Type        Size  Object(Section)

    ../clib/microlib/division.c              0x00000000   Number         0  uidiv.o ABSOLUTE
    ../clib/microlib/division.c              0x00000000   Number         0  uldiv.o ABSOLUTE
    ../clib/microlib/errno.c                 0x00000000   Number         0  errno.o ABSOLUTE
    ../clib/microlib/init/entry.s            0x00000000   Number         0  entry10b.o ABSOLUTE
    ../clib/microlib/init/entry.s            0x00000000   Number         0  entry11b.o ABSOLUTE
    ../clib/microlib/init/entry.s            0x00000000   Number         0  entry7a.o ABSOLUTE
    ../clib/microlib/init/entry.s            0x00000000   Number         0  entry.o ABSOLUTE
    ../clib/microlib/init/entry.s            0x00000000   Number         0  entry11a.o ABSOLUTE
    ../clib/microlib/init/entry.s            0x00000000   Number         0  entry7b.o ABSOLUTE
    ../clib/microlib/init/entry.s            0x00000000   Number         0  entry8a.o ABSOLUTE
    ../clib/microlib/init/entry.s            0x00000000   Number         0  entry8b.o ABSOLUTE
    ../clib/microlib/init/entry.s            0x00000000   Number         0  entry5.o ABSOLUTE
    ../clib/microlib/init/entry.s            0x00000000   Number         0  entry2.o ABSOLUTE
    ../clib/microlib/init/entry.s            0x00000000   Number         0  entry9a.o ABSOLUTE
    ../clib/microlib/init/entry.s            0x00000000   Number         0  entry9b.o ABSOLUTE
    ../clib/microlib/init/entry.s            0x00000000   Number         0  entry10a.o ABSOLUTE
    ../clib/microlib/longlong.c              0x00000000   Number         0  llshl.o ABSOLUTE
    ../clib/microlib/longlong.c              0x00000000   Number         0  llushr.o ABSOLUTE
    ../clib/microlib/longlong.c              0x00000000   Number         0  llsshr.o ABSOLUTE
    ../clib/microlib/printf/printf.c         0x00000000   Number         0  printf3.o ABSOLUTE
    ../clib/microlib/printf/printf.c         0x00000000   Number         0  printf0.o ABSOLUTE
    ../clib/microlib/printf/printf.c         0x00000000   Number         0  printf1.o ABSOLUTE
    ../clib/microlib/printf/printf.c         0x00000000   Number         0  printf7.o ABSOLUTE
    ../clib/microlib/printf/printf.c         0x00000000   Number         0  printf2.o ABSOLUTE
    ../clib/microlib/printf/printf.c         0x00000000   Number         0  printfa.o ABSOLUTE
    ../clib/microlib/printf/printf.c         0x00000000   Number         0  printf8.o ABSOLUTE
    ../clib/microlib/printf/printf.c         0x00000000   Number         0  printf4.o ABSOLUTE
    ../clib/microlib/printf/printf.c         0x00000000   Number         0  printfb.o ABSOLUTE
    ../clib/microlib/printf/printf.c         0x00000000   Number         0  printf5.o ABSOLUTE
    ../clib/microlib/printf/printf.c         0x00000000   Number         0  printf6.o ABSOLUTE
    ../clib/microlib/printf/stubs.s          0x00000000   Number         0  stubs.o ABSOLUTE
    ../clib/microlib/stdio/streams.c         0x00000000   Number         0  stdout.o ABSOLUTE
    ../clib/microlib/string/memcpy.c         0x00000000   Number         0  memcpya.o ABSOLUTE
    ../clib/microlib/string/memcpy.c         0x00000000   Number         0  memcpyb.o ABSOLUTE
    ../clib/microlib/string/memset.c         0x00000000   Number         0  memseta.o ABSOLUTE
    ../clib/microlib/stubs.s                 0x00000000   Number         0  iusefp.o ABSOLUTE
    ../clib/microlib/time/localtime.c        0x00000000   Number         0  localtime.o ABSOLUTE
    ../clib/microlib/time/localtime.c        0x00000000   Number         0  localtime_w.o ABSOLUTE
    ../clib/microlib/time/localtime.c        0x00000000   Number         0  localtime_i.o ABSOLUTE
    ../clib/microlib/time/mktime.c           0x00000000   Number         0  mktime.o ABSOLUTE
    ../fplib/microlib/d2f.c                  0x00000000   Number         0  d2f.o ABSOLUTE
    ../fplib/microlib/fpadd.c                0x00000000   Number         0  dadd.o ABSOLUTE
    ../fplib/microlib/fpdiv.c                0x00000000   Number         0  ddiv.o ABSOLUTE
    ../fplib/microlib/fpepilogue.c           0x00000000   Number         0  fepilogue.o ABSOLUTE
    ../fplib/microlib/fpepilogue.c           0x00000000   Number         0  depilogue.o ABSOLUTE
    ../fplib/microlib/fpfix.c                0x00000000   Number         0  dfixui.o ABSOLUTE
    ../fplib/microlib/fpfix.c                0x00000000   Number         0  dfixul.o ABSOLUTE
    ../fplib/microlib/fpfix.c                0x00000000   Number         0  dfixi.o ABSOLUTE
    ../fplib/microlib/fpflt.c                0x00000000   Number         0  dfltui.o ABSOLUTE
    ../fplib/microlib/fpflt.c                0x00000000   Number         0  dflti.o ABSOLUTE
    ../fplib/microlib/fpmul.c                0x00000000   Number         0  dmul.o ABSOLUTE
    ../fplib/microlib/fpscalb.c              0x00000000   Number         0  dscalb.o ABSOLUTE
    ../mathlib/cos.c                         0x00000000   Number         0  cos.o ABSOLUTE
    ../mathlib/cos.c                         0x00000000   Number         0  cos_x.o ABSOLUTE
    ../mathlib/cos_i.c                       0x00000000   Number         0  cos_i.o ABSOLUTE
    ../mathlib/dunder.c                      0x00000000   Number         0  dunder.o ABSOLUTE
    ../mathlib/fpclassify.c                  0x00000000   Number         0  fpclassify.o ABSOLUTE
    ../mathlib/poly.c                        0x00000000   Number         0  poly.o ABSOLUTE
    ../mathlib/rred.c                        0x00000000   Number         0  rred.o ABSOLUTE
    ../mathlib/sin.c                         0x00000000   Number         0  sin_x.o ABSOLUTE
    ../mathlib/sin.c                         0x00000000   Number         0  sin.o ABSOLUTE
    ../mathlib/sin_i.c                       0x00000000   Number         0  sin_i_x.o ABSOLUTE
    ../mathlib/sin_i.c                       0x00000000   Number         0  sin_i.o ABSOLUTE
    ..\\lib\\src\\misc.c                     0x00000000   Number         0  misc.o ABSOLUTE
    ..\\lib\\src\\stm32f10x_adc.c            0x00000000   Number         0  stm32f10x_adc.o ABSOLUTE
    ..\\lib\\src\\stm32f10x_bkp.c            0x00000000   Number         0  stm32f10x_bkp.o ABSOLUTE
    ..\\lib\\src\\stm32f10x_can.c            0x00000000   Number         0  stm32f10x_can.o ABSOLUTE
    ..\\lib\\src\\stm32f10x_cec.c            0x00000000   Number         0  stm32f10x_cec.o ABSOLUTE
    ..\\lib\\src\\stm32f10x_crc.c            0x00000000   Number         0  stm32f10x_crc.o ABSOLUTE
    ..\\lib\\src\\stm32f10x_dac.c            0x00000000   Number         0  stm32f10x_dac.o ABSOLUTE
    ..\\lib\\src\\stm32f10x_dbgmcu.c         0x00000000   Number         0  stm32f10x_dbgmcu.o ABSOLUTE
    ..\\lib\\src\\stm32f10x_dma.c            0x00000000   Number         0  stm32f10x_dma.o ABSOLUTE
    ..\\lib\\src\\stm32f10x_exti.c           0x00000000   Number         0  stm32f10x_exti.o ABSOLUTE
    ..\\lib\\src\\stm32f10x_flash.c          0x00000000   Number         0  stm32f10x_flash.o ABSOLUTE
    ..\\lib\\src\\stm32f10x_fsmc.c           0x00000000   Number         0  stm32f10x_fsmc.o ABSOLUTE
    ..\\lib\\src\\stm32f10x_gpio.c           0x00000000   Number         0  stm32f10x_gpio.o ABSOLUTE
    ..\\lib\\src\\stm32f10x_i2c.c            0x00000000   Number         0  stm32f10x_i2c.o ABSOLUTE
    ..\\lib\\src\\stm32f10x_iwdg.c           0x00000000   Number         0  stm32f10x_iwdg.o ABSOLUTE
    ..\\lib\\src\\stm32f10x_pwr.c            0x00000000   Number         0  stm32f10x_pwr.o ABSOLUTE
    ..\\lib\\src\\stm32f10x_rcc.c            0x00000000   Number         0  stm32f10x_rcc.o ABSOLUTE
    ..\\lib\\src\\stm32f10x_rtc.c            0x00000000   Number         0  stm32f10x_rtc.o ABSOLUTE
    ..\\lib\\src\\stm32f10x_sdio.c           0x00000000   Number         0  stm32f10x_sdio.o ABSOLUTE
    ..\\lib\\src\\stm32f10x_spi.c            0x00000000   Number         0  stm32f10x_spi.o ABSOLUTE
    ..\\lib\\src\\stm32f10x_tim.c            0x00000000   Number         0  stm32f10x_tim.o ABSOLUTE
    ..\\lib\\src\\stm32f10x_usart.c          0x00000000   Number         0  stm32f10x_usart.o ABSOLUTE
    ..\\lib\\src\\stm32f10x_wwdg.c           0x00000000   Number         0  stm32f10x_wwdg.o ABSOLUTE
    ..\\user\\api\\ADC2.c                    0x00000000   Number         0  adc2.o ABSOLUTE
    ..\\user\\api\\beep.c                    0x00000000   Number         0  beep.o ABSOLUTE
    ..\\user\\api\\bsp_lcd.c                 0x00000000   Number         0  bsp_lcd.o ABSOLUTE
    ..\\user\\api\\delay.c                   0x00000000   Number         0  delay.o ABSOLUTE
    ..\\user\\api\\dht11.c                   0x00000000   Number         0  dht11.o ABSOLUTE
    ..\\user\\api\\draw.c                    0x00000000   Number         0  draw.o ABSOLUTE
    ..\\user\\api\\key.c                     0x00000000   Number         0  key.o ABSOLUTE
    ..\\user\\api\\led.c                     0x00000000   Number         0  led.o ABSOLUTE
    ..\\user\\api\\rtc.c                     0x00000000   Number         0  rtc.o ABSOLUTE
    ..\\user\\api\\usart1.c                  0x00000000   Number         0  usart1.o ABSOLUTE
    ..\\user\\main.c                         0x00000000   Number         0  main.o ABSOLUTE
    ..\\user\\stm32f10x_it.c                 0x00000000   Number         0  stm32f10x_it.o ABSOLUTE
    ..\\user\\system_stm32f10x.c             0x00000000   Number         0  system_stm32f10x.o ABSOLUTE
    ..\lib\src\misc.c                        0x00000000   Number         0  misc.o ABSOLUTE
    ..\lib\src\stm32f10x_adc.c               0x00000000   Number         0  stm32f10x_adc.o ABSOLUTE
    ..\lib\src\stm32f10x_bkp.c               0x00000000   Number         0  stm32f10x_bkp.o ABSOLUTE
    ..\lib\src\stm32f10x_can.c               0x00000000   Number         0  stm32f10x_can.o ABSOLUTE
    ..\lib\src\stm32f10x_cec.c               0x00000000   Number         0  stm32f10x_cec.o ABSOLUTE
    ..\lib\src\stm32f10x_crc.c               0x00000000   Number         0  stm32f10x_crc.o ABSOLUTE
    ..\lib\src\stm32f10x_dac.c               0x00000000   Number         0  stm32f10x_dac.o ABSOLUTE
    ..\lib\src\stm32f10x_dbgmcu.c            0x00000000   Number         0  stm32f10x_dbgmcu.o ABSOLUTE
    ..\lib\src\stm32f10x_dma.c               0x00000000   Number         0  stm32f10x_dma.o ABSOLUTE
    ..\lib\src\stm32f10x_exti.c              0x00000000   Number         0  stm32f10x_exti.o ABSOLUTE
    ..\lib\src\stm32f10x_flash.c             0x00000000   Number         0  stm32f10x_flash.o ABSOLUTE
    ..\lib\src\stm32f10x_fsmc.c              0x00000000   Number         0  stm32f10x_fsmc.o ABSOLUTE
    ..\lib\src\stm32f10x_gpio.c              0x00000000   Number         0  stm32f10x_gpio.o ABSOLUTE
    ..\lib\src\stm32f10x_i2c.c               0x00000000   Number         0  stm32f10x_i2c.o ABSOLUTE
    ..\lib\src\stm32f10x_iwdg.c              0x00000000   Number         0  stm32f10x_iwdg.o ABSOLUTE
    ..\lib\src\stm32f10x_pwr.c               0x00000000   Number         0  stm32f10x_pwr.o ABSOLUTE
    ..\lib\src\stm32f10x_rcc.c               0x00000000   Number         0  stm32f10x_rcc.o ABSOLUTE
    ..\lib\src\stm32f10x_rtc.c               0x00000000   Number         0  stm32f10x_rtc.o ABSOLUTE
    ..\lib\src\stm32f10x_sdio.c              0x00000000   Number         0  stm32f10x_sdio.o ABSOLUTE
    ..\lib\src\stm32f10x_spi.c               0x00000000   Number         0  stm32f10x_spi.o ABSOLUTE
    ..\lib\src\stm32f10x_tim.c               0x00000000   Number         0  stm32f10x_tim.o ABSOLUTE
    ..\lib\src\stm32f10x_usart.c             0x00000000   Number         0  stm32f10x_usart.o ABSOLUTE
    ..\lib\src\stm32f10x_wwdg.c              0x00000000   Number         0  stm32f10x_wwdg.o ABSOLUTE
    ..\startup\startup_stm32f10x_hd.s        0x00000000   Number         0  startup_stm32f10x_hd.o ABSOLUTE
    ..\user\api\1.c                          0x00000000   Number         0  1.o ABSOLUTE
    ..\user\api\2.c                          0x00000000   Number         0  2.o ABSOLUTE
    ..\user\api\3.c                          0x00000000   Number         0  3.o ABSOLUTE
    ..\user\api\4.c                          0x00000000   Number         0  4.o ABSOLUTE
    ..\user\api\8.c                          0x00000000   Number         0  8.o ABSOLUTE
    ..\user\api\ADC2.c                       0x00000000   Number         0  adc2.o ABSOLUTE
    ..\user\api\beep.c                       0x00000000   Number         0  beep.o ABSOLUTE
    ..\user\api\bsp_lcd.c                    0x00000000   Number         0  bsp_lcd.o ABSOLUTE
    ..\user\api\delay.c                      0x00000000   Number         0  delay.o ABSOLUTE
    ..\user\api\dht11.c                      0x00000000   Number         0  dht11.o ABSOLUTE
    ..\user\api\draw.c                       0x00000000   Number         0  draw.o ABSOLUTE
    ..\user\api\image1.c                     0x00000000   Number         0  image1.o ABSOLUTE
    ..\user\api\key.c                        0x00000000   Number         0  key.o ABSOLUTE
    ..\user\api\led.c                        0x00000000   Number         0  led.o ABSOLUTE
    ..\user\api\rtc.c                        0x00000000   Number         0  rtc.o ABSOLUTE
    ..\user\api\usart1.c                     0x00000000   Number         0  usart1.o ABSOLUTE
    ..\user\api\watch.c                      0x00000000   Number         0  watch.o ABSOLUTE
    ..\user\main.c                           0x00000000   Number         0  main.o ABSOLUTE
    ..\user\stm32f10x_it.c                   0x00000000   Number         0  stm32f10x_it.o ABSOLUTE
    ..\user\system_stm32f10x.c               0x00000000   Number         0  system_stm32f10x.o ABSOLUTE
    cdrcmple.s                               0x00000000   Number         0  cdrcmple.o ABSOLUTE
    dc.s                                     0x00000000   Number         0  dc.o ABSOLUTE
    handlers.s                               0x00000000   Number         0  handlers.o ABSOLUTE
    init.s                                   0x00000000   Number         0  init.o ABSOLUTE
    RESET                                    0x08000000   Section      304  startup_stm32f10x_hd.o(RESET)
    .ARM.Collect$$$$00000000                 0x08000130   Section        0  entry.o(.ARM.Collect$$$$00000000)
    .ARM.Collect$$$$00000001                 0x08000130   Section        4  entry2.o(.ARM.Collect$$$$00000001)
    .ARM.Collect$$$$00000004                 0x08000134   Section        4  entry5.o(.ARM.Collect$$$$00000004)
    .ARM.Collect$$$$00000008                 0x08000138   Section        0  entry7b.o(.ARM.Collect$$$$00000008)
    .ARM.Collect$$$$0000000A                 0x08000138   Section        0  entry8b.o(.ARM.Collect$$$$0000000A)
    .ARM.Collect$$$$0000000B                 0x08000138   Section        8  entry9a.o(.ARM.Collect$$$$0000000B)
    .ARM.Collect$$$$0000000D                 0x08000140   Section        0  entry10a.o(.ARM.Collect$$$$0000000D)
    .ARM.Collect$$$$0000000F                 0x08000140   Section        0  entry11a.o(.ARM.Collect$$$$0000000F)
    .ARM.Collect$$$$00002712                 0x08000140   Section        4  entry2.o(.ARM.Collect$$$$00002712)
    __lit__00000000                          0x08000140   Data           4  entry2.o(.ARM.Collect$$$$00002712)
    .text                                    0x08000144   Section       36  startup_stm32f10x_hd.o(.text)
    .text                                    0x08000168   Section        0  memcpya.o(.text)
    .text                                    0x0800018c   Section        0  memseta.o(.text)
    .text                                    0x080001b0   Section        0  dadd.o(.text)
    .text                                    0x080002fe   Section        0  dmul.o(.text)
    .text                                    0x080003e2   Section        0  ddiv.o(.text)
    .text                                    0x080004c0   Section        0  dflti.o(.text)
    .text                                    0x080004e2   Section        0  dfltui.o(.text)
    .text                                    0x080004fc   Section        0  dfixi.o(.text)
    .text                                    0x0800053a   Section        0  dfixui.o(.text)
    .text                                    0x0800056c   Section        0  uidiv.o(.text)
    .text                                    0x08000598   Section        0  llshl.o(.text)
    .text                                    0x080005b6   Section        0  llushr.o(.text)
    .text                                    0x080005d6   Section        0  llsshr.o(.text)
    .text                                    0x080005fc   Section        0  localtime_w.o(.text)
    .text                                    0x08000608   Section        0  localtime_i.o(.text)
    .text                                    0x08000694   Section        0  depilogue.o(.text)
    .text                                    0x08000694   Section        0  iusefp.o(.text)
    .text                                    0x08000750   Section       36  init.o(.text)
    .text                                    0x08000774   Section        0  dscalb.o(.text)
    i.ADC2_Config                            0x080007a4   Section        0  adc2.o(i.ADC2_Config)
    i.ADC_Cmd                                0x08000838   Section        0  stm32f10x_adc.o(i.ADC_Cmd)
    i.ADC_GetCalibrationStatus               0x0800084e   Section        0  stm32f10x_adc.o(i.ADC_GetCalibrationStatus)
    i.ADC_GetResetCalibrationStatus          0x08000862   Section        0  stm32f10x_adc.o(i.ADC_GetResetCalibrationStatus)
    i.ADC_Init                               0x08000878   Section        0  stm32f10x_adc.o(i.ADC_Init)
    i.ADC_ResetCalibration                   0x080008c8   Section        0  stm32f10x_adc.o(i.ADC_ResetCalibration)
    i.ADC_StartCalibration                   0x080008d2   Section        0  stm32f10x_adc.o(i.ADC_StartCalibration)
    i.BKP_DeInit                             0x080008dc   Section        0  stm32f10x_bkp.o(i.BKP_DeInit)
    i.BusFault_Handler                       0x080008ec   Section        0  stm32f10x_it.o(i.BusFault_Handler)
    i.DebugMon_Handler                       0x080008f0   Section        0  stm32f10x_it.o(i.DebugMon_Handler)
    i.Delay_lus                              0x080008f2   Section        0  delay.o(i.Delay_lus)
    i.Delay_ms                               0x08000984   Section        0  delay.o(i.Delay_ms)
    i.Delay_us                               0x0800099c   Section        0  delay.o(i.Delay_us)
    i.FSMC_NORSRAMCmd                        0x080009b0   Section        0  stm32f10x_fsmc.o(i.FSMC_NORSRAMCmd)
    i.FSMC_NORSRAMInit                       0x080009e4   Section        0  stm32f10x_fsmc.o(i.FSMC_NORSRAMInit)
    i.GPIO_Init                              0x08000aca   Section        0  stm32f10x_gpio.o(i.GPIO_Init)
    i.GPIO_ReadInputDataBit                  0x08000be0   Section        0  stm32f10x_gpio.o(i.GPIO_ReadInputDataBit)
    i.GPIO_SetBits                           0x08000bf2   Section        0  stm32f10x_gpio.o(i.GPIO_SetBits)
    i.GPIO_WriteBit                          0x08000bf6   Section        0  stm32f10x_gpio.o(i.GPIO_WriteBit)
    i.HardFault_Handler                      0x08000c00   Section        0  stm32f10x_it.o(i.HardFault_Handler)
    i.KEY_Check_Plus                         0x08000c04   Section        0  delay.o(i.KEY_Check_Plus)
    i.LCD_Clear                              0x08000c5c   Section        0  bsp_lcd.o(i.LCD_Clear)
    i.LCD_Display_Dir                        0x08000cc8   Section        0  bsp_lcd.o(i.LCD_Display_Dir)
    i.LCD_DrawLine                           0x08000ebc   Section        0  bsp_lcd.o(i.LCD_DrawLine)
    i.LCD_DrawPoint                          0x08000f74   Section        0  bsp_lcd.o(i.LCD_DrawPoint)
    i.LCD_Draw_Circle                        0x08000f98   Section        0  bsp_lcd.o(i.LCD_Draw_Circle)
    i.LCD_Fast_DrawPoint                     0x08001030   Section        0  bsp_lcd.o(i.LCD_Fast_DrawPoint)
    i.LCD_RD_DATA                            0x08001050   Section        0  bsp_lcd.o(i.LCD_RD_DATA)
    i.LCD_ReadReg                            0x08001064   Section        0  bsp_lcd.o(i.LCD_ReadReg)
    i.LCD_SSD_BackLightSet                   0x0800107c   Section        0  bsp_lcd.o(i.LCD_SSD_BackLightSet)
    i.LCD_Scan_Dir                           0x080010d0   Section        0  bsp_lcd.o(i.LCD_Scan_Dir)
    i.LCD_SetCursor                          0x080013c8   Section        0  bsp_lcd.o(i.LCD_SetCursor)
    i.LCD_ShowPicture                        0x080015d8   Section        0  bsp_lcd.o(i.LCD_ShowPicture)
    i.LCD_WR_DATA                            0x08001640   Section        0  bsp_lcd.o(i.LCD_WR_DATA)
    i.LCD_WR_REG                             0x08001658   Section        0  bsp_lcd.o(i.LCD_WR_REG)
    i.LCD_WriteRAM_Prepare                   0x08001670   Section        0  bsp_lcd.o(i.LCD_WriteRAM_Prepare)
    i.LCD_WriteReg                           0x08001684   Section        0  bsp_lcd.o(i.LCD_WriteReg)
    i.LED_Config                             0x08001694   Section        0  led.o(i.LED_Config)
    i.MemManage_Handler                      0x080016e8   Section        0  stm32f10x_it.o(i.MemManage_Handler)
    i.NMI_Handler                            0x080016ec   Section        0  stm32f10x_it.o(i.NMI_Handler)
    i.NVIC_Init                              0x080016f0   Section        0  misc.o(i.NVIC_Init)
    i.PWR_BackupAccessCmd                    0x08001760   Section        0  stm32f10x_pwr.o(i.PWR_BackupAccessCmd)
    i.PendSV_Handler                         0x0800176c   Section        0  stm32f10x_it.o(i.PendSV_Handler)
    i.RCC_ADCCLKConfig                       0x08001770   Section        0  stm32f10x_rcc.o(i.RCC_ADCCLKConfig)
    i.RCC_AHBPeriphClockCmd                  0x08001788   Section        0  stm32f10x_rcc.o(i.RCC_AHBPeriphClockCmd)
    i.RCC_APB1PeriphClockCmd                 0x080017a8   Section        0  stm32f10x_rcc.o(i.RCC_APB1PeriphClockCmd)
    i.RCC_APB2PeriphClockCmd                 0x080017c8   Section        0  stm32f10x_rcc.o(i.RCC_APB2PeriphClockCmd)
    i.RCC_BackupResetCmd                     0x080017e8   Section        0  stm32f10x_rcc.o(i.RCC_BackupResetCmd)
    i.RCC_GetClocksFreq                      0x080017f4   Section        0  stm32f10x_rcc.o(i.RCC_GetClocksFreq)
    i.RCC_GetFlagStatus                      0x080018c8   Section        0  stm32f10x_rcc.o(i.RCC_GetFlagStatus)
    i.RCC_LSEConfig                          0x08001904   Section        0  stm32f10x_rcc.o(i.RCC_LSEConfig)
    i.RCC_RTCCLKCmd                          0x08001938   Section        0  stm32f10x_rcc.o(i.RCC_RTCCLKCmd)
    i.RCC_RTCCLKConfig                       0x08001944   Section        0  stm32f10x_rcc.o(i.RCC_RTCCLKConfig)
    i.RTC_Configuration                      0x08001954   Section        0  rtc.o(i.RTC_Configuration)
    i.RTC_EnterConfigMode                    0x080019ac   Section        0  stm32f10x_rtc.o(i.RTC_EnterConfigMode)
    i.RTC_ExitConfigMode                     0x080019c0   Section        0  stm32f10x_rtc.o(i.RTC_ExitConfigMode)
    i.RTC_GetCounter                         0x080019d4   Section        0  stm32f10x_rtc.o(i.RTC_GetCounter)
    i.RTC_ITConfig                           0x080019e8   Section        0  stm32f10x_rtc.o(i.RTC_ITConfig)
    i.RTC_SetPrescaler                       0x08001a08   Section        0  stm32f10x_rtc.o(i.RTC_SetPrescaler)
    i.RTC_WaitForLastTask                    0x08001a28   Section        0  stm32f10x_rtc.o(i.RTC_WaitForLastTask)
    i.RTC_WaitForSynchro                     0x08001a3c   Section        0  stm32f10x_rtc.o(i.RTC_WaitForSynchro)
    i.SVC_Handler                            0x08001a60   Section        0  stm32f10x_it.o(i.SVC_Handler)
    i.SetSysClock                            0x08001a62   Section        0  system_stm32f10x.o(i.SetSysClock)
    SetSysClock                              0x08001a63   Thumb Code     8  system_stm32f10x.o(i.SetSysClock)
    i.SetSysClockTo72                        0x08001a6c   Section        0  system_stm32f10x.o(i.SetSysClockTo72)
    SetSysClockTo72                          0x08001a6d   Thumb Code   214  system_stm32f10x.o(i.SetSysClockTo72)
    i.SysTick_Handler                        0x08001b4c   Section        0  delay.o(i.SysTick_Handler)
    i.SystemInit                             0x08001b88   Section        0  system_stm32f10x.o(i.SystemInit)
    i.TFTLCD_Init                            0x08001be8   Section        0  bsp_lcd.o(i.TFTLCD_Init)
    i.USART1_Config                          0x080055c4   Section        0  usart1.o(i.USART1_Config)
    i.USART1_IRQHandler                      0x0800566c   Section        0  usart1.o(i.USART1_IRQHandler)
    i.USART1_SendCh                          0x0800569c   Section        0  usart1.o(i.USART1_SendCh)
    i.USART_Cmd                              0x080056bc   Section        0  stm32f10x_usart.o(i.USART_Cmd)
    i.USART_GetFlagStatus                    0x080056d4   Section        0  stm32f10x_usart.o(i.USART_GetFlagStatus)
    i.USART_GetITStatus                      0x080056ee   Section        0  stm32f10x_usart.o(i.USART_GetITStatus)
    i.USART_ITConfig                         0x08005742   Section        0  stm32f10x_usart.o(i.USART_ITConfig)
    i.USART_Init                             0x0800578c   Section        0  stm32f10x_usart.o(i.USART_Init)
    i.USART_SendData                         0x08005864   Section        0  stm32f10x_usart.o(i.USART_SendData)
    i.UsageFault_Handler                     0x0800586c   Section        0  stm32f10x_it.o(i.UsageFault_Handler)
    i.__0printf$1                            0x08005870   Section        0  printf1.o(i.__0printf$1)
    i.__ARM_fpclassify                       0x08005890   Section        0  fpclassify.o(i.__ARM_fpclassify)
    i.__ieee754_rem_pio2                     0x080058b8   Section        0  rred.o(i.__ieee754_rem_pio2)
    i.__kernel_cos                           0x08005c40   Section        0  cos_i.o(i.__kernel_cos)
    i.__kernel_poly                          0x08005d3c   Section        0  poly.o(i.__kernel_poly)
    i.__kernel_sin                           0x08005de8   Section        0  sin_i.o(i.__kernel_sin)
    i.__mathlib_dbl_infnan                   0x08005ed4   Section        0  dunder.o(i.__mathlib_dbl_infnan)
    i.__mathlib_dbl_invalid                  0x08005eda   Section        0  dunder.o(i.__mathlib_dbl_invalid)
    i.__mathlib_dbl_underflow                0x08005ee8   Section        0  dunder.o(i.__mathlib_dbl_underflow)
    i.__scatterload_copy                     0x08005ef8   Section       14  handlers.o(i.__scatterload_copy)
    i.__scatterload_null                     0x08005f06   Section        2  handlers.o(i.__scatterload_null)
    i.__scatterload_zeroinit                 0x08005f08   Section       14  handlers.o(i.__scatterload_zeroinit)
    i.__set_errno                            0x08005f18   Section        0  errno.o(i.__set_errno)
    i._printf_core                           0x08005f24   Section        0  printf1.o(i._printf_core)
    _printf_core                             0x08005f25   Thumb Code   336  printf1.o(i._printf_core)
    i.cos                                    0x08006078   Section        0  cos.o(i.cos)
    i.fputc                                  0x08006114   Section        0  usart1.o(i.fputc)
    i.get_points_on_concentric_circles       0x08006124   Section        0  draw.o(i.get_points_on_concentric_circles)
    i.main                                   0x080061e0   Section        0  main.o(i.main)
    i.portion_to_radians                     0x0800650c   Section        0  draw.o(i.portion_to_radians)
    i.sin                                    0x08006558   Section        0  sin.o(i.sin)
    .constdata                               0x080065f8   Section    153600  watch.o(.constdata)
    .constdata                               0x0802bdf8   Section       48  cos_i.o(.constdata)
    C                                        0x0802bdf8   Data          48  cos_i.o(.constdata)
    .constdata                               0x0802be28   Section      200  rred.o(.constdata)
    pio2s                                    0x0802be28   Data          48  rred.o(.constdata)
    twooverpi                                0x0802be58   Data         152  rred.o(.constdata)
    .constdata                               0x0802bef0   Section       40  sin_i.o(.constdata)
    S                                        0x0802bef0   Data          40  sin_i.o(.constdata)
    .constdata                               0x0802bf18   Section       12  localtime_i.o(.constdata)
    monlen                                   0x0802bf18   Data          12  localtime_i.o(.constdata)
    .data                                    0x20000000   Section       20  delay.o(.data)
    key_time                                 0x20000010   Data           4  delay.o(.data)
    .data                                    0x20000014   Section        1  usart1.o(.data)
    .data                                    0x20000016   Section        4  bsp_lcd.o(.data)
    .data                                    0x2000001a   Section       20  stm32f10x_rcc.o(.data)
    APBAHBPrescTable                         0x2000001a   Data          16  stm32f10x_rcc.o(.data)
    ADCPrescTable                            0x2000002a   Data           4  stm32f10x_rcc.o(.data)
    .data                                    0x20000030   Section        4  stdout.o(.data)
    .data                                    0x20000034   Section        4  errno.o(.data)
    _errno                                   0x20000034   Data           4  errno.o(.data)
    .bss                                     0x20000038   Section       14  bsp_lcd.o(.bss)
    .bss                                     0x20000048   Section       44  rtc.o(.bss)
    .bss                                     0x20000074   Section       44  localtime_w.o(.bss)
    _tms                                     0x20000074   Data          44  localtime_w.o(.bss)
    STACK                                    0x200000a0   Section     1024  startup_stm32f10x_hd.o(STACK)

    Global Symbols

    Symbol Name                              Value     Ov Type        Size  Object(Section)

    BuildAttributes$$THM_ISAv4$P$D$K$B$S$PE$A:L22UL41UL21$X:L11$S22US41US21$IEEE1$IW$USESV6$~STKCKD$USESV7$~SHL$OTIME$ROPI$IEEEX$EBA8$MICROLIB$REQ8$PRES8$EABIv2 0x00000000   Number         0  anon$$obj.o ABSOLUTE
    __ARM_use_no_argv                        0x00000000   Number         0  main.o ABSOLUTE
    _printf_a                                0x00000000   Number         0  stubs.o ABSOLUTE
    _printf_c                                0x00000000   Number         0  stubs.o ABSOLUTE
    _printf_charcount                        0x00000000   Number         0  stubs.o ABSOLUTE
    _printf_d                                0x00000000   Number         0  stubs.o ABSOLUTE
    _printf_e                                0x00000000   Number         0  stubs.o ABSOLUTE
    _printf_f                                0x00000000   Number         0  stubs.o ABSOLUTE
    _printf_flags                            0x00000000   Number         0  stubs.o ABSOLUTE
    _printf_fp_dec                           0x00000000   Number         0  stubs.o ABSOLUTE
    _printf_fp_hex                           0x00000000   Number         0  stubs.o ABSOLUTE
    _printf_g                                0x00000000   Number         0  stubs.o ABSOLUTE
    _printf_i                                0x00000000   Number         0  stubs.o ABSOLUTE
    _printf_int_dec                          0x00000000   Number         0  stubs.o ABSOLUTE
    _printf_l                                0x00000000   Number         0  stubs.o ABSOLUTE
    _printf_lc                               0x00000000   Number         0  stubs.o ABSOLUTE
    _printf_ll                               0x00000000   Number         0  stubs.o ABSOLUTE
    _printf_lld                              0x00000000   Number         0  stubs.o ABSOLUTE
    _printf_lli                              0x00000000   Number         0  stubs.o ABSOLUTE
    _printf_llo                              0x00000000   Number         0  stubs.o ABSOLUTE
    _printf_llu                              0x00000000   Number         0  stubs.o ABSOLUTE
    _printf_llx                              0x00000000   Number         0  stubs.o ABSOLUTE
    _printf_longlong_dec                     0x00000000   Number         0  stubs.o ABSOLUTE
    _printf_longlong_hex                     0x00000000   Number         0  stubs.o ABSOLUTE
    _printf_longlong_oct                     0x00000000   Number         0  stubs.o ABSOLUTE
    _printf_ls                               0x00000000   Number         0  stubs.o ABSOLUTE
    _printf_mbtowc                           0x00000000   Number         0  stubs.o ABSOLUTE
    _printf_n                                0x00000000   Number         0  stubs.o ABSOLUTE
    _printf_o                                0x00000000   Number         0  stubs.o ABSOLUTE
    _printf_p                                0x00000000   Number         0  stubs.o ABSOLUTE
    _printf_percent                          0x00000000   Number         0  stubs.o ABSOLUTE
    _printf_pre_padding                      0x00000000   Number         0  stubs.o ABSOLUTE
    _printf_return_value                     0x00000000   Number         0  stubs.o ABSOLUTE
    _printf_s                                0x00000000   Number         0  stubs.o ABSOLUTE
    _printf_sizespec                         0x00000000   Number         0  stubs.o ABSOLUTE
    _printf_str                              0x00000000   Number         0  stubs.o ABSOLUTE
    _printf_truncate_signed                  0x00000000   Number         0  stubs.o ABSOLUTE
    _printf_truncate_unsigned                0x00000000   Number         0  stubs.o ABSOLUTE
    _printf_u                                0x00000000   Number         0  stubs.o ABSOLUTE
    _printf_wc                               0x00000000   Number         0  stubs.o ABSOLUTE
    _printf_wctomb                           0x00000000   Number         0  stubs.o ABSOLUTE
    _printf_widthprec                        0x00000000   Number         0  stubs.o ABSOLUTE
    _printf_x                                0x00000000   Number         0  stubs.o ABSOLUTE
    __cpp_initialize__aeabi_                  - Undefined Weak Reference
    __cxa_finalize                            - Undefined Weak Reference
    __decompress                              - Undefined Weak Reference
    _clock_init                               - Undefined Weak Reference
    _microlib_exit                            - Undefined Weak Reference
    __Vectors_Size                           0x00000130   Number         0  startup_stm32f10x_hd.o ABSOLUTE
    __Vectors                                0x08000000   Data           4  startup_stm32f10x_hd.o(RESET)
    __Vectors_End                            0x08000130   Data           0  startup_stm32f10x_hd.o(RESET)
    __main                                   0x08000131   Thumb Code     0  entry.o(.ARM.Collect$$$$00000000)
    _main_stk                                0x08000131   Thumb Code     0  entry2.o(.ARM.Collect$$$$00000001)
    _main_scatterload                        0x08000135   Thumb Code     0  entry5.o(.ARM.Collect$$$$00000004)
    __main_after_scatterload                 0x08000139   Thumb Code     0  entry5.o(.ARM.Collect$$$$00000004)
    _main_clock                              0x08000139   Thumb Code     0  entry7b.o(.ARM.Collect$$$$00000008)
    _main_cpp_init                           0x08000139   Thumb Code     0  entry8b.o(.ARM.Collect$$$$0000000A)
    _main_init                               0x08000139   Thumb Code     0  entry9a.o(.ARM.Collect$$$$0000000B)
    __rt_final_cpp                           0x08000141   Thumb Code     0  entry10a.o(.ARM.Collect$$$$0000000D)
    __rt_final_exit                          0x08000141   Thumb Code     0  entry11a.o(.ARM.Collect$$$$0000000F)
    Reset_Handler                            0x08000145   Thumb Code     8  startup_stm32f10x_hd.o(.text)
    ADC1_2_IRQHandler                        0x0800015f   Thumb Code     0  startup_stm32f10x_hd.o(.text)
    ADC3_IRQHandler                          0x0800015f   Thumb Code     0  startup_stm32f10x_hd.o(.text)
    CAN1_RX1_IRQHandler                      0x0800015f   Thumb Code     0  startup_stm32f10x_hd.o(.text)
    CAN1_SCE_IRQHandler                      0x0800015f   Thumb Code     0  startup_stm32f10x_hd.o(.text)
    DMA1_Channel1_IRQHandler                 0x0800015f   Thumb Code     0  startup_stm32f10x_hd.o(.text)
    DMA1_Channel2_IRQHandler                 0x0800015f   Thumb Code     0  startup_stm32f10x_hd.o(.text)
    DMA1_Channel3_IRQHandler                 0x0800015f   Thumb Code     0  startup_stm32f10x_hd.o(.text)
    DMA1_Channel4_IRQHandler                 0x0800015f   Thumb Code     0  startup_stm32f10x_hd.o(.text)
    DMA1_Channel5_IRQHandler                 0x0800015f   Thumb Code     0  startup_stm32f10x_hd.o(.text)
    DMA1_Channel6_IRQHandler                 0x0800015f   Thumb Code     0  startup_stm32f10x_hd.o(.text)
    DMA1_Channel7_IRQHandler                 0x0800015f   Thumb Code     0  startup_stm32f10x_hd.o(.text)
    DMA2_Channel1_IRQHandler                 0x0800015f   Thumb Code     0  startup_stm32f10x_hd.o(.text)
    DMA2_Channel2_IRQHandler                 0x0800015f   Thumb Code     0  startup_stm32f10x_hd.o(.text)
    DMA2_Channel3_IRQHandler                 0x0800015f   Thumb Code     0  startup_stm32f10x_hd.o(.text)
    DMA2_Channel4_5_IRQHandler               0x0800015f   Thumb Code     0  startup_stm32f10x_hd.o(.text)
    EXTI0_IRQHandler                         0x0800015f   Thumb Code     0  startup_stm32f10x_hd.o(.text)
    EXTI15_10_IRQHandler                     0x0800015f   Thumb Code     0  startup_stm32f10x_hd.o(.text)
    EXTI1_IRQHandler                         0x0800015f   Thumb Code     0  startup_stm32f10x_hd.o(.text)
    EXTI2_IRQHandler                         0x0800015f   Thumb Code     0  startup_stm32f10x_hd.o(.text)
    EXTI3_IRQHandler                         0x0800015f   Thumb Code     0  startup_stm32f10x_hd.o(.text)
    EXTI4_IRQHandler                         0x0800015f   Thumb Code     0  startup_stm32f10x_hd.o(.text)
    EXTI9_5_IRQHandler                       0x0800015f   Thumb Code     0  startup_stm32f10x_hd.o(.text)
    FLASH_IRQHandler                         0x0800015f   Thumb Code     0  startup_stm32f10x_hd.o(.text)
    FSMC_IRQHandler                          0x0800015f   Thumb Code     0  startup_stm32f10x_hd.o(.text)
    I2C1_ER_IRQHandler                       0x0800015f   Thumb Code     0  startup_stm32f10x_hd.o(.text)
    I2C1_EV_IRQHandler                       0x0800015f   Thumb Code     0  startup_stm32f10x_hd.o(.text)
    I2C2_ER_IRQHandler                       0x0800015f   Thumb Code     0  startup_stm32f10x_hd.o(.text)
    I2C2_EV_IRQHandler                       0x0800015f   Thumb Code     0  startup_stm32f10x_hd.o(.text)
    PVD_IRQHandler                           0x0800015f   Thumb Code     0  startup_stm32f10x_hd.o(.text)
    RCC_IRQHandler                           0x0800015f   Thumb Code     0  startup_stm32f10x_hd.o(.text)
    RTCAlarm_IRQHandler                      0x0800015f   Thumb Code     0  startup_stm32f10x_hd.o(.text)
    RTC_IRQHandler                           0x0800015f   Thumb Code     0  startup_stm32f10x_hd.o(.text)
    SDIO_IRQHandler                          0x0800015f   Thumb Code     0  startup_stm32f10x_hd.o(.text)
    SPI1_IRQHandler                          0x0800015f   Thumb Code     0  startup_stm32f10x_hd.o(.text)
    SPI2_IRQHandler                          0x0800015f   Thumb Code     0  startup_stm32f10x_hd.o(.text)
    SPI3_IRQHandler                          0x0800015f   Thumb Code     0  startup_stm32f10x_hd.o(.text)
    TAMPER_IRQHandler                        0x0800015f   Thumb Code     0  startup_stm32f10x_hd.o(.text)
    TIM1_BRK_IRQHandler                      0x0800015f   Thumb Code     0  startup_stm32f10x_hd.o(.text)
    TIM1_CC_IRQHandler                       0x0800015f   Thumb Code     0  startup_stm32f10x_hd.o(.text)
    TIM1_TRG_COM_IRQHandler                  0x0800015f   Thumb Code     0  startup_stm32f10x_hd.o(.text)
    TIM1_UP_IRQHandler                       0x0800015f   Thumb Code     0  startup_stm32f10x_hd.o(.text)
    TIM2_IRQHandler                          0x0800015f   Thumb Code     0  startup_stm32f10x_hd.o(.text)
    TIM3_IRQHandler                          0x0800015f   Thumb Code     0  startup_stm32f10x_hd.o(.text)
    TIM4_IRQHandler                          0x0800015f   Thumb Code     0  startup_stm32f10x_hd.o(.text)
    TIM5_IRQHandler                          0x0800015f   Thumb Code     0  startup_stm32f10x_hd.o(.text)
    TIM6_IRQHandler                          0x0800015f   Thumb Code     0  startup_stm32f10x_hd.o(.text)
    TIM7_IRQHandler                          0x0800015f   Thumb Code     0  startup_stm32f10x_hd.o(.text)
    TIM8_BRK_IRQHandler                      0x0800015f   Thumb Code     0  startup_stm32f10x_hd.o(.text)
    TIM8_CC_IRQHandler                       0x0800015f   Thumb Code     0  startup_stm32f10x_hd.o(.text)
    TIM8_TRG_COM_IRQHandler                  0x0800015f   Thumb Code     0  startup_stm32f10x_hd.o(.text)
    TIM8_UP_IRQHandler                       0x0800015f   Thumb Code     0  startup_stm32f10x_hd.o(.text)
    UART4_IRQHandler                         0x0800015f   Thumb Code     0  startup_stm32f10x_hd.o(.text)
    UART5_IRQHandler                         0x0800015f   Thumb Code     0  startup_stm32f10x_hd.o(.text)
    USART2_IRQHandler                        0x0800015f   Thumb Code     0  startup_stm32f10x_hd.o(.text)
    USART3_IRQHandler                        0x0800015f   Thumb Code     0  startup_stm32f10x_hd.o(.text)
    USBWakeUp_IRQHandler                     0x0800015f   Thumb Code     0  startup_stm32f10x_hd.o(.text)
    USB_HP_CAN1_TX_IRQHandler                0x0800015f   Thumb Code     0  startup_stm32f10x_hd.o(.text)
    USB_LP_CAN1_RX0_IRQHandler               0x0800015f   Thumb Code     0  startup_stm32f10x_hd.o(.text)
    WWDG_IRQHandler                          0x0800015f   Thumb Code     0  startup_stm32f10x_hd.o(.text)
    __aeabi_memcpy                           0x08000169   Thumb Code    36  memcpya.o(.text)
    __aeabi_memcpy4                          0x08000169   Thumb Code     0  memcpya.o(.text)
    __aeabi_memcpy8                          0x08000169   Thumb Code     0  memcpya.o(.text)
    __aeabi_memset                           0x0800018d   Thumb Code    14  memseta.o(.text)
    __aeabi_memset4                          0x0800018d   Thumb Code     0  memseta.o(.text)
    __aeabi_memset8                          0x0800018d   Thumb Code     0  memseta.o(.text)
    __aeabi_memclr                           0x0800019b   Thumb Code     4  memseta.o(.text)
    __aeabi_memclr4                          0x0800019b   Thumb Code     0  memseta.o(.text)
    __aeabi_memclr8                          0x0800019b   Thumb Code     0  memseta.o(.text)
    _memset$wrapper                          0x0800019f   Thumb Code    18  memseta.o(.text)
    __aeabi_dadd                             0x080001b1   Thumb Code   322  dadd.o(.text)
    __aeabi_dsub                             0x080002f3   Thumb Code     6  dadd.o(.text)
    __aeabi_drsub                            0x080002f9   Thumb Code     6  dadd.o(.text)
    __aeabi_dmul                             0x080002ff   Thumb Code   228  dmul.o(.text)
    __aeabi_ddiv                             0x080003e3   Thumb Code   222  ddiv.o(.text)
    __aeabi_i2d                              0x080004c1   Thumb Code    34  dflti.o(.text)
    __aeabi_ui2d                             0x080004e3   Thumb Code    26  dfltui.o(.text)
    __aeabi_d2iz                             0x080004fd   Thumb Code    62  dfixi.o(.text)
    __aeabi_d2uiz                            0x0800053b   Thumb Code    50  dfixui.o(.text)
    __aeabi_uidiv                            0x0800056d   Thumb Code     0  uidiv.o(.text)
    __aeabi_uidivmod                         0x0800056d   Thumb Code    44  uidiv.o(.text)
    __aeabi_llsl                             0x08000599   Thumb Code    30  llshl.o(.text)
    _ll_shift_l                              0x08000599   Thumb Code     0  llshl.o(.text)
    __aeabi_llsr                             0x080005b7   Thumb Code    32  llushr.o(.text)
    _ll_ushift_r                             0x080005b7   Thumb Code     0  llushr.o(.text)
    __aeabi_lasr                             0x080005d7   Thumb Code    36  llsshr.o(.text)
    _ll_sshift_r                             0x080005d7   Thumb Code     0  llsshr.o(.text)
    localtime                                0x080005fd   Thumb Code     6  localtime_w.o(.text)
    _localtime                               0x08000609   Thumb Code   134  localtime_i.o(.text)
    __I$use$fp                               0x08000695   Thumb Code     0  iusefp.o(.text)
    _double_round                            0x08000695   Thumb Code    30  depilogue.o(.text)
    _double_epilogue                         0x080006b3   Thumb Code   156  depilogue.o(.text)
    __scatterload                            0x08000751   Thumb Code    28  init.o(.text)
    __scatterload_rt2                        0x08000751   Thumb Code     0  init.o(.text)
    __ARM_scalbn                             0x08000775   Thumb Code    46  dscalb.o(.text)
    scalbn                                   0x08000775   Thumb Code     0  dscalb.o(.text)
    ADC2_Config                              0x080007a5   Thumb Code   140  adc2.o(i.ADC2_Config)
    ADC_Cmd                                  0x08000839   Thumb Code    22  stm32f10x_adc.o(i.ADC_Cmd)
    ADC_GetCalibrationStatus                 0x0800084f   Thumb Code    20  stm32f10x_adc.o(i.ADC_GetCalibrationStatus)
    ADC_GetResetCalibrationStatus            0x08000863   Thumb Code    20  stm32f10x_adc.o(i.ADC_GetResetCalibrationStatus)
    ADC_Init                                 0x08000879   Thumb Code    70  stm32f10x_adc.o(i.ADC_Init)
    ADC_ResetCalibration                     0x080008c9   Thumb Code    10  stm32f10x_adc.o(i.ADC_ResetCalibration)
    ADC_StartCalibration                     0x080008d3   Thumb Code    10  stm32f10x_adc.o(i.ADC_StartCalibration)
    BKP_DeInit                               0x080008dd   Thumb Code    16  stm32f10x_bkp.o(i.BKP_DeInit)
    BusFault_Handler                         0x080008ed   Thumb Code     4  stm32f10x_it.o(i.BusFault_Handler)
    DebugMon_Handler                         0x080008f1   Thumb Code     2  stm32f10x_it.o(i.DebugMon_Handler)
    Delay_lus                                0x080008f3   Thumb Code   146  delay.o(i.Delay_lus)
    Delay_ms                                 0x08000985   Thumb Code    24  delay.o(i.Delay_ms)
    Delay_us                                 0x0800099d   Thumb Code    18  delay.o(i.Delay_us)
    FSMC_NORSRAMCmd                          0x080009b1   Thumb Code    46  stm32f10x_fsmc.o(i.FSMC_NORSRAMCmd)
    FSMC_NORSRAMInit                         0x080009e5   Thumb Code   230  stm32f10x_fsmc.o(i.FSMC_NORSRAMInit)
    GPIO_Init                                0x08000acb   Thumb Code   278  stm32f10x_gpio.o(i.GPIO_Init)
    GPIO_ReadInputDataBit                    0x08000be1   Thumb Code    18  stm32f10x_gpio.o(i.GPIO_ReadInputDataBit)
    GPIO_SetBits                             0x08000bf3   Thumb Code     4  stm32f10x_gpio.o(i.GPIO_SetBits)
    GPIO_WriteBit                            0x08000bf7   Thumb Code    10  stm32f10x_gpio.o(i.GPIO_WriteBit)
    HardFault_Handler                        0x08000c01   Thumb Code     4  stm32f10x_it.o(i.HardFault_Handler)
    KEY_Check_Plus                           0x08000c05   Thumb Code    78  delay.o(i.KEY_Check_Plus)
    LCD_Clear                                0x08000c5d   Thumb Code   100  bsp_lcd.o(i.LCD_Clear)
    LCD_Display_Dir                          0x08000cc9   Thumb Code   494  bsp_lcd.o(i.LCD_Display_Dir)
    LCD_DrawLine                             0x08000ebd   Thumb Code   182  bsp_lcd.o(i.LCD_DrawLine)
    LCD_DrawPoint                            0x08000f75   Thumb Code    28  bsp_lcd.o(i.LCD_DrawPoint)
    LCD_Draw_Circle                          0x08000f99   Thumb Code   152  bsp_lcd.o(i.LCD_Draw_Circle)
    LCD_Fast_DrawPoint                       0x08001031   Thumb Code    26  bsp_lcd.o(i.LCD_Fast_DrawPoint)
    LCD_RD_DATA                              0x08001051   Thumb Code    14  bsp_lcd.o(i.LCD_RD_DATA)
    LCD_ReadReg                              0x08001065   Thumb Code    22  bsp_lcd.o(i.LCD_ReadReg)
    LCD_SSD_BackLightSet                     0x0800107d   Thumb Code    80  bsp_lcd.o(i.LCD_SSD_BackLightSet)
    LCD_Scan_Dir                             0x080010d1   Thumb Code   756  bsp_lcd.o(i.LCD_Scan_Dir)
    LCD_SetCursor                            0x080013c9   Thumb Code   524  bsp_lcd.o(i.LCD_SetCursor)
    LCD_ShowPicture                          0x080015d9   Thumb Code   104  bsp_lcd.o(i.LCD_ShowPicture)
    LCD_WR_DATA                              0x08001641   Thumb Code    18  bsp_lcd.o(i.LCD_WR_DATA)
    LCD_WR_REG                               0x08001659   Thumb Code    18  bsp_lcd.o(i.LCD_WR_REG)
    LCD_WriteRAM_Prepare                     0x08001671   Thumb Code    10  bsp_lcd.o(i.LCD_WriteRAM_Prepare)
    LCD_WriteReg                             0x08001685   Thumb Code    10  bsp_lcd.o(i.LCD_WriteReg)
    LED_Config                               0x08001695   Thumb Code    78  led.o(i.LED_Config)
    MemManage_Handler                        0x080016e9   Thumb Code     4  stm32f10x_it.o(i.MemManage_Handler)
    NMI_Handler                              0x080016ed   Thumb Code     2  stm32f10x_it.o(i.NMI_Handler)
    NVIC_Init                                0x080016f1   Thumb Code   100  misc.o(i.NVIC_Init)
    PWR_BackupAccessCmd                      0x08001761   Thumb Code     6  stm32f10x_pwr.o(i.PWR_BackupAccessCmd)
    PendSV_Handler                           0x0800176d   Thumb Code     2  stm32f10x_it.o(i.PendSV_Handler)
    RCC_ADCCLKConfig                         0x08001771   Thumb Code    18  stm32f10x_rcc.o(i.RCC_ADCCLKConfig)
    RCC_AHBPeriphClockCmd                    0x08001789   Thumb Code    26  stm32f10x_rcc.o(i.RCC_AHBPeriphClockCmd)
    RCC_APB1PeriphClockCmd                   0x080017a9   Thumb Code    26  stm32f10x_rcc.o(i.RCC_APB1PeriphClockCmd)
    RCC_APB2PeriphClockCmd                   0x080017c9   Thumb Code    26  stm32f10x_rcc.o(i.RCC_APB2PeriphClockCmd)
    RCC_BackupResetCmd                       0x080017e9   Thumb Code     6  stm32f10x_rcc.o(i.RCC_BackupResetCmd)
    RCC_GetClocksFreq                        0x080017f5   Thumb Code   192  stm32f10x_rcc.o(i.RCC_GetClocksFreq)
    RCC_GetFlagStatus                        0x080018c9   Thumb Code    56  stm32f10x_rcc.o(i.RCC_GetFlagStatus)
    RCC_LSEConfig                            0x08001905   Thumb Code    46  stm32f10x_rcc.o(i.RCC_LSEConfig)
    RCC_RTCCLKCmd                            0x08001939   Thumb Code     6  stm32f10x_rcc.o(i.RCC_RTCCLKCmd)
    RCC_RTCCLKConfig                         0x08001945   Thumb Code    12  stm32f10x_rcc.o(i.RCC_RTCCLKConfig)
    RTC_Configuration                        0x08001955   Thumb Code    88  rtc.o(i.RTC_Configuration)
    RTC_EnterConfigMode                      0x080019ad   Thumb Code    14  stm32f10x_rtc.o(i.RTC_EnterConfigMode)
    RTC_ExitConfigMode                       0x080019c1   Thumb Code    16  stm32f10x_rtc.o(i.RTC_ExitConfigMode)
    RTC_GetCounter                           0x080019d5   Thumb Code    16  stm32f10x_rtc.o(i.RTC_GetCounter)
    RTC_ITConfig                             0x080019e9   Thumb Code    26  stm32f10x_rtc.o(i.RTC_ITConfig)
    RTC_SetPrescaler                         0x08001a09   Thumb Code    26  stm32f10x_rtc.o(i.RTC_SetPrescaler)
    RTC_WaitForLastTask                      0x08001a29   Thumb Code    16  stm32f10x_rtc.o(i.RTC_WaitForLastTask)
    RTC_WaitForSynchro                       0x08001a3d   Thumb Code    30  stm32f10x_rtc.o(i.RTC_WaitForSynchro)
    SVC_Handler                              0x08001a61   Thumb Code     2  stm32f10x_it.o(i.SVC_Handler)
    SysTick_Handler                          0x08001b4d   Thumb Code    42  delay.o(i.SysTick_Handler)
    SystemInit                               0x08001b89   Thumb Code    78  system_stm32f10x.o(i.SystemInit)
    TFTLCD_Init                              0x08001be9   Thumb Code 14804  bsp_lcd.o(i.TFTLCD_Init)
    USART1_Config                            0x080055c5   Thumb Code   158  usart1.o(i.USART1_Config)
    USART1_IRQHandler                        0x0800566d   Thumb Code    38  usart1.o(i.USART1_IRQHandler)
    USART1_SendCh                            0x0800569d   Thumb Code    28  usart1.o(i.USART1_SendCh)
    USART_Cmd                                0x080056bd   Thumb Code    24  stm32f10x_usart.o(i.USART_Cmd)
    USART_GetFlagStatus                      0x080056d5   Thumb Code    26  stm32f10x_usart.o(i.USART_GetFlagStatus)
    USART_GetITStatus                        0x080056ef   Thumb Code    84  stm32f10x_usart.o(i.USART_GetITStatus)
    USART_ITConfig                           0x08005743   Thumb Code    74  stm32f10x_usart.o(i.USART_ITConfig)
    USART_Init                               0x0800578d   Thumb Code   210  stm32f10x_usart.o(i.USART_Init)
    USART_SendData                           0x08005865   Thumb Code     8  stm32f10x_usart.o(i.USART_SendData)
    UsageFault_Handler                       0x0800586d   Thumb Code     4  stm32f10x_it.o(i.UsageFault_Handler)
    __0printf$1                              0x08005871   Thumb Code    22  printf1.o(i.__0printf$1)
    __1printf$1                              0x08005871   Thumb Code     0  printf1.o(i.__0printf$1)
    __2printf                                0x08005871   Thumb Code     0  printf1.o(i.__0printf$1)
    __ARM_fpclassify                         0x08005891   Thumb Code    40  fpclassify.o(i.__ARM_fpclassify)
    __ieee754_rem_pio2                       0x080058b9   Thumb Code   828  rred.o(i.__ieee754_rem_pio2)
    __kernel_cos                             0x08005c41   Thumb Code   230  cos_i.o(i.__kernel_cos)
    __kernel_poly                            0x08005d3d   Thumb Code   170  poly.o(i.__kernel_poly)
    __kernel_sin                             0x08005de9   Thumb Code   224  sin_i.o(i.__kernel_sin)
    __mathlib_dbl_infnan                     0x08005ed5   Thumb Code     6  dunder.o(i.__mathlib_dbl_infnan)
    __mathlib_dbl_invalid                    0x08005edb   Thumb Code    12  dunder.o(i.__mathlib_dbl_invalid)
    __mathlib_dbl_underflow                  0x08005ee9   Thumb Code    10  dunder.o(i.__mathlib_dbl_underflow)
    __scatterload_copy                       0x08005ef9   Thumb Code    14  handlers.o(i.__scatterload_copy)
    __scatterload_null                       0x08005f07   Thumb Code     2  handlers.o(i.__scatterload_null)
    __scatterload_zeroinit                   0x08005f09   Thumb Code    14  handlers.o(i.__scatterload_zeroinit)
    __set_errno                              0x08005f19   Thumb Code     6  errno.o(i.__set_errno)
    cos                                      0x08006079   Thumb Code   148  cos.o(i.cos)
    fputc                                    0x08006115   Thumb Code    16  usart1.o(i.fputc)
    get_points_on_concentric_circles         0x08006125   Thumb Code   188  draw.o(i.get_points_on_concentric_circles)
    main                                     0x080061e1   Thumb Code   740  main.o(i.main)
    portion_to_radians                       0x0800650d   Thumb Code    54  draw.o(i.portion_to_radians)
    sin                                      0x08006559   Thumb Code   150  sin.o(i.sin)
    gImage_watch                             0x080065f8   Data       153600  watch.o(.constdata)
    Region$$Table$$Base                      0x0802bf24   Number         0  anon$$obj.o(Region$$Table)
    Region$$Table$$Limit                     0x0802bf44   Number         0  anon$$obj.o(Region$$Table)
    LED1_TIME                                0x20000000   Data           4  delay.o(.data)
    key_flag_plus                            0x20000004   Data           1  delay.o(.data)
    DHT11_time                               0x20000008   Data           4  delay.o(.data)
    RTC_Time                                 0x2000000c   Data           4  delay.o(.data)
    recv                                     0x20000014   Data           1  usart1.o(.data)
    POINT_COLOR                              0x20000016   Data           2  bsp_lcd.o(.data)
    BACK_COLOR                               0x20000018   Data           2  bsp_lcd.o(.data)
    __stdout                                 0x20000030   Data           4  stdout.o(.data)
    lcddev                                   0x20000038   Data          14  bsp_lcd.o(.bss)
    now_time                                 0x20000048   Data          44  rtc.o(.bss)
    __initial_sp                             0x200004a0   Data           0  startup_stm32f10x_hd.o(STACK)



==============================================================================

Memory Map of the image

  Image Entry point : 0x08000131

  Load Region LR_IROM1 (Base: 0x08000000, Size: 0x0002bf7c, Max: 0x00080000, ABSOLUTE)

    Execution Region ER_IROM1 (Exec base: 0x08000000, Load base: 0x08000000, Size: 0x0002bf44, Max: 0x00080000, ABSOLUTE)

    Exec Addr    Load Addr    Size         Type   Attr      Idx    E Section Name        Object

    0x08000000   0x08000000   0x00000130   Data   RO            3    RESET               startup_stm32f10x_hd.o
    0x08000130   0x08000130   0x00000000   Code   RO         4276  * .ARM.Collect$$$$00000000  mc_w.l(entry.o)
    0x08000130   0x08000130   0x00000004   Code   RO         4597    .ARM.Collect$$$$00000001  mc_w.l(entry2.o)
    0x08000134   0x08000134   0x00000004   Code   RO         4600    .ARM.Collect$$$$00000004  mc_w.l(entry5.o)
    0x08000138   0x08000138   0x00000000   Code   RO         4602    .ARM.Collect$$$$00000008  mc_w.l(entry7b.o)
    0x08000138   0x08000138   0x00000000   Code   RO         4604    .ARM.Collect$$$$0000000A  mc_w.l(entry8b.o)
    0x08000138   0x08000138   0x00000008   Code   RO         4605    .ARM.Collect$$$$0000000B  mc_w.l(entry9a.o)
    0x08000140   0x08000140   0x00000000   Code   RO         4607    .ARM.Collect$$$$0000000D  mc_w.l(entry10a.o)
    0x08000140   0x08000140   0x00000000   Code   RO         4609    .ARM.Collect$$$$0000000F  mc_w.l(entry11a.o)
    0x08000140   0x08000140   0x00000004   Code   RO         4598    .ARM.Collect$$$$00002712  mc_w.l(entry2.o)
    0x08000144   0x08000144   0x00000024   Code   RO            4    .text               startup_stm32f10x_hd.o
    0x08000168   0x08000168   0x00000024   Code   RO         4286    .text               mc_w.l(memcpya.o)
    0x0800018c   0x0800018c   0x00000024   Code   RO         4288    .text               mc_w.l(memseta.o)
    0x080001b0   0x080001b0   0x0000014e   Code   RO         4553    .text               mf_w.l(dadd.o)
    0x080002fe   0x080002fe   0x000000e4   Code   RO         4555    .text               mf_w.l(dmul.o)
    0x080003e2   0x080003e2   0x000000de   Code   RO         4557    .text               mf_w.l(ddiv.o)
    0x080004c0   0x080004c0   0x00000022   Code   RO         4559    .text               mf_w.l(dflti.o)
    0x080004e2   0x080004e2   0x0000001a   Code   RO         4561    .text               mf_w.l(dfltui.o)
    0x080004fc   0x080004fc   0x0000003e   Code   RO         4563    .text               mf_w.l(dfixi.o)
    0x0800053a   0x0800053a   0x00000032   Code   RO         4565    .text               mf_w.l(dfixui.o)
    0x0800056c   0x0800056c   0x0000002c   Code   RO         4612    .text               mc_w.l(uidiv.o)
    0x08000598   0x08000598   0x0000001e   Code   RO         4616    .text               mc_w.l(llshl.o)
    0x080005b6   0x080005b6   0x00000020   Code   RO         4618    .text               mc_w.l(llushr.o)
    0x080005d6   0x080005d6   0x00000024   Code   RO         4620    .text               mc_w.l(llsshr.o)
    0x080005fa   0x080005fa   0x00000002   PAD
    0x080005fc   0x080005fc   0x0000000c   Code   RO         4622    .text               mc_w.l(localtime_w.o)
    0x08000608   0x08000608   0x0000008c   Code   RO         4625    .text               mc_w.l(localtime_i.o)
    0x08000694   0x08000694   0x00000000   Code   RO         4635    .text               mc_w.l(iusefp.o)
    0x08000694   0x08000694   0x000000ba   Code   RO         4638    .text               mf_w.l(depilogue.o)
    0x0800074e   0x0800074e   0x00000002   PAD
    0x08000750   0x08000750   0x00000024   Code   RO         4648    .text               mc_w.l(init.o)
    0x08000774   0x08000774   0x0000002e   Code   RO         4650    .text               mf_w.l(dscalb.o)
    0x080007a2   0x080007a2   0x00000002   PAD
    0x080007a4   0x080007a4   0x00000094   Code   RO          849    i.ADC2_Config       adc2.o
    0x08000838   0x08000838   0x00000016   Code   RO         1074    i.ADC_Cmd           stm32f10x_adc.o
    0x0800084e   0x0800084e   0x00000014   Code   RO         1082    i.ADC_GetCalibrationStatus  stm32f10x_adc.o
    0x08000862   0x08000862   0x00000014   Code   RO         1088    i.ADC_GetResetCalibrationStatus  stm32f10x_adc.o
    0x08000876   0x08000876   0x00000002   PAD
    0x08000878   0x08000878   0x00000050   Code   RO         1092    i.ADC_Init          stm32f10x_adc.o
    0x080008c8   0x080008c8   0x0000000a   Code   RO         1097    i.ADC_ResetCalibration  stm32f10x_adc.o
    0x080008d2   0x080008d2   0x0000000a   Code   RO         1101    i.ADC_StartCalibration  stm32f10x_adc.o
    0x080008dc   0x080008dc   0x00000010   Code   RO         1304    i.BKP_DeInit        stm32f10x_bkp.o
    0x080008ec   0x080008ec   0x00000004   Code   RO           13    i.BusFault_Handler  stm32f10x_it.o
    0x080008f0   0x080008f0   0x00000002   Code   RO           14    i.DebugMon_Handler  stm32f10x_it.o
    0x080008f2   0x080008f2   0x00000092   Code   RO          371    i.Delay_lus         delay.o
    0x08000984   0x08000984   0x00000018   Code   RO          372    i.Delay_ms          delay.o
    0x0800099c   0x0800099c   0x00000012   Code   RO          373    i.Delay_us          delay.o
    0x080009ae   0x080009ae   0x00000002   PAD
    0x080009b0   0x080009b0   0x00000034   Code   RO         2188    i.FSMC_NORSRAMCmd   stm32f10x_fsmc.o
    0x080009e4   0x080009e4   0x000000e6   Code   RO         2190    i.FSMC_NORSRAMInit  stm32f10x_fsmc.o
    0x08000aca   0x08000aca   0x00000116   Code   RO         2315    i.GPIO_Init         stm32f10x_gpio.o
    0x08000be0   0x08000be0   0x00000012   Code   RO         2319    i.GPIO_ReadInputDataBit  stm32f10x_gpio.o
    0x08000bf2   0x08000bf2   0x00000004   Code   RO         2323    i.GPIO_SetBits      stm32f10x_gpio.o
    0x08000bf6   0x08000bf6   0x0000000a   Code   RO         2326    i.GPIO_WriteBit     stm32f10x_gpio.o
    0x08000c00   0x08000c00   0x00000004   Code   RO           15    i.HardFault_Handler  stm32f10x_it.o
    0x08000c04   0x08000c04   0x00000058   Code   RO          374    i.KEY_Check_Plus    delay.o
    0x08000c5c   0x08000c5c   0x0000006c   Code   RO          553    i.LCD_Clear         bsp_lcd.o
    0x08000cc8   0x08000cc8   0x000001f4   Code   RO          557    i.LCD_Display_Dir   bsp_lcd.o
    0x08000ebc   0x08000ebc   0x000000b6   Code   RO          558    i.LCD_DrawLine      bsp_lcd.o
    0x08000f72   0x08000f72   0x00000002   PAD
    0x08000f74   0x08000f74   0x00000024   Code   RO          559    i.LCD_DrawPoint     bsp_lcd.o
    0x08000f98   0x08000f98   0x00000098   Code   RO          560    i.LCD_Draw_Circle   bsp_lcd.o
    0x08001030   0x08001030   0x00000020   Code   RO          561    i.LCD_Fast_DrawPoint  bsp_lcd.o
    0x08001050   0x08001050   0x00000014   Code   RO          564    i.LCD_RD_DATA       bsp_lcd.o
    0x08001064   0x08001064   0x00000016   Code   RO          566    i.LCD_ReadReg       bsp_lcd.o
    0x0800107a   0x0800107a   0x00000002   PAD
    0x0800107c   0x0800107c   0x00000054   Code   RO          567    i.LCD_SSD_BackLightSet  bsp_lcd.o
    0x080010d0   0x080010d0   0x000002f8   Code   RO          568    i.LCD_Scan_Dir      bsp_lcd.o
    0x080013c8   0x080013c8   0x00000210   Code   RO          569    i.LCD_SetCursor     bsp_lcd.o
    0x080015d8   0x080015d8   0x00000068   Code   RO          574    i.LCD_ShowPicture   bsp_lcd.o
    0x08001640   0x08001640   0x00000018   Code   RO          580    i.LCD_WR_DATA       bsp_lcd.o
    0x08001658   0x08001658   0x00000018   Code   RO          581    i.LCD_WR_REG        bsp_lcd.o
    0x08001670   0x08001670   0x00000014   Code   RO          583    i.LCD_WriteRAM_Prepare  bsp_lcd.o
    0x08001684   0x08001684   0x00000010   Code   RO          584    i.LCD_WriteReg      bsp_lcd.o
    0x08001694   0x08001694   0x00000054   Code   RO          305    i.LED_Config        led.o
    0x080016e8   0x080016e8   0x00000004   Code   RO           16    i.MemManage_Handler  stm32f10x_it.o
    0x080016ec   0x080016ec   0x00000002   Code   RO           17    i.NMI_Handler       stm32f10x_it.o
    0x080016ee   0x080016ee   0x00000002   PAD
    0x080016f0   0x080016f0   0x00000070   Code   RO         1020    i.NVIC_Init         misc.o
    0x08001760   0x08001760   0x0000000c   Code   RO         2705    i.PWR_BackupAccessCmd  stm32f10x_pwr.o
    0x0800176c   0x0800176c   0x00000002   Code   RO           18    i.PendSV_Handler    stm32f10x_it.o
    0x0800176e   0x0800176e   0x00000002   PAD
    0x08001770   0x08001770   0x00000018   Code   RO         2777    i.RCC_ADCCLKConfig  stm32f10x_rcc.o
    0x08001788   0x08001788   0x00000020   Code   RO         2778    i.RCC_AHBPeriphClockCmd  stm32f10x_rcc.o
    0x080017a8   0x080017a8   0x00000020   Code   RO         2779    i.RCC_APB1PeriphClockCmd  stm32f10x_rcc.o
    0x080017c8   0x080017c8   0x00000020   Code   RO         2781    i.RCC_APB2PeriphClockCmd  stm32f10x_rcc.o
    0x080017e8   0x080017e8   0x0000000c   Code   RO         2784    i.RCC_BackupResetCmd  stm32f10x_rcc.o
    0x080017f4   0x080017f4   0x000000d4   Code   RO         2789    i.RCC_GetClocksFreq  stm32f10x_rcc.o
    0x080018c8   0x080018c8   0x0000003c   Code   RO         2790    i.RCC_GetFlagStatus  stm32f10x_rcc.o
    0x08001904   0x08001904   0x00000034   Code   RO         2797    i.RCC_LSEConfig     stm32f10x_rcc.o
    0x08001938   0x08001938   0x0000000c   Code   RO         2804    i.RCC_RTCCLKCmd     stm32f10x_rcc.o
    0x08001944   0x08001944   0x00000010   Code   RO         2805    i.RCC_RTCCLKConfig  stm32f10x_rcc.o
    0x08001954   0x08001954   0x00000058   Code   RO          961    i.RTC_Configuration  rtc.o
    0x080019ac   0x080019ac   0x00000014   Code   RO         2991    i.RTC_EnterConfigMode  stm32f10x_rtc.o
    0x080019c0   0x080019c0   0x00000014   Code   RO         2992    i.RTC_ExitConfigMode  stm32f10x_rtc.o
    0x080019d4   0x080019d4   0x00000014   Code   RO         2993    i.RTC_GetCounter    stm32f10x_rtc.o
    0x080019e8   0x080019e8   0x00000020   Code   RO         2997    i.RTC_ITConfig      stm32f10x_rtc.o
    0x08001a08   0x08001a08   0x00000020   Code   RO         3000    i.RTC_SetPrescaler  stm32f10x_rtc.o
    0x08001a28   0x08001a28   0x00000014   Code   RO         3001    i.RTC_WaitForLastTask  stm32f10x_rtc.o
    0x08001a3c   0x08001a3c   0x00000024   Code   RO         3002    i.RTC_WaitForSynchro  stm32f10x_rtc.o
    0x08001a60   0x08001a60   0x00000002   Code   RO           19    i.SVC_Handler       stm32f10x_it.o
    0x08001a62   0x08001a62   0x00000008   Code   RO          178    i.SetSysClock       system_stm32f10x.o
    0x08001a6a   0x08001a6a   0x00000002   PAD
    0x08001a6c   0x08001a6c   0x000000e0   Code   RO          179    i.SetSysClockTo72   system_stm32f10x.o
    0x08001b4c   0x08001b4c   0x0000003c   Code   RO          375    i.SysTick_Handler   delay.o
    0x08001b88   0x08001b88   0x00000060   Code   RO          181    i.SystemInit        system_stm32f10x.o
    0x08001be8   0x08001be8   0x000039dc   Code   RO          585    i.TFTLCD_Init       bsp_lcd.o
    0x080055c4   0x080055c4   0x000000a8   Code   RO          494    i.USART1_Config     usart1.o
    0x0800566c   0x0800566c   0x00000030   Code   RO          495    i.USART1_IRQHandler  usart1.o
    0x0800569c   0x0800569c   0x00000020   Code   RO          496    i.USART1_SendCh     usart1.o
    0x080056bc   0x080056bc   0x00000018   Code   RO         4009    i.USART_Cmd         stm32f10x_usart.o
    0x080056d4   0x080056d4   0x0000001a   Code   RO         4012    i.USART_GetFlagStatus  stm32f10x_usart.o
    0x080056ee   0x080056ee   0x00000054   Code   RO         4013    i.USART_GetITStatus  stm32f10x_usart.o
    0x08005742   0x08005742   0x0000004a   Code   RO         4015    i.USART_ITConfig    stm32f10x_usart.o
    0x0800578c   0x0800578c   0x000000d8   Code   RO         4016    i.USART_Init        stm32f10x_usart.o
    0x08005864   0x08005864   0x00000008   Code   RO         4026    i.USART_SendData    stm32f10x_usart.o
    0x0800586c   0x0800586c   0x00000004   Code   RO           20    i.UsageFault_Handler  stm32f10x_it.o
    0x08005870   0x08005870   0x00000020   Code   RO         4337    i.__0printf$1       mc_w.l(printf1.o)
    0x08005890   0x08005890   0x00000028   Code   RO         4644    i.__ARM_fpclassify  m_ws.l(fpclassify.o)
    0x080058b8   0x080058b8   0x00000388   Code   RO         4586    i.__ieee754_rem_pio2  m_ws.l(rred.o)
    0x08005c40   0x08005c40   0x000000fc   Code   RO         4569    i.__kernel_cos      m_ws.l(cos_i.o)
    0x08005d3c   0x08005d3c   0x000000aa   Code   RO         4646    i.__kernel_poly     m_ws.l(poly.o)
    0x08005de6   0x08005de6   0x00000002   PAD
    0x08005de8   0x08005de8   0x000000ec   Code   RO         4591    i.__kernel_sin      m_ws.l(sin_i.o)
    0x08005ed4   0x08005ed4   0x00000006   Code   RO         4573    i.__mathlib_dbl_infnan  m_ws.l(dunder.o)
    0x08005eda   0x08005eda   0x0000000c   Code   RO         4575    i.__mathlib_dbl_invalid  m_ws.l(dunder.o)
    0x08005ee6   0x08005ee6   0x00000002   PAD
    0x08005ee8   0x08005ee8   0x00000010   Code   RO         4578    i.__mathlib_dbl_underflow  m_ws.l(dunder.o)
    0x08005ef8   0x08005ef8   0x0000000e   Code   RO         4654    i.__scatterload_copy  mc_w.l(handlers.o)
    0x08005f06   0x08005f06   0x00000002   Code   RO         4655    i.__scatterload_null  mc_w.l(handlers.o)
    0x08005f08   0x08005f08   0x0000000e   Code   RO         4656    i.__scatterload_zeroinit  mc_w.l(handlers.o)
    0x08005f16   0x08005f16   0x00000002   PAD
    0x08005f18   0x08005f18   0x0000000c   Code   RO         4630    i.__set_errno       mc_w.l(errno.o)
    0x08005f24   0x08005f24   0x00000154   Code   RO         4344    i._printf_core      mc_w.l(printf1.o)
    0x08006078   0x08006078   0x0000009c   Code   RO         4261    i.cos               m_ws.l(cos.o)
    0x08006114   0x08006114   0x00000010   Code   RO          498    i.fputc             usart1.o
    0x08006124   0x08006124   0x000000bc   Code   RO          926    i.get_points_on_concentric_circles  draw.o
    0x080061e0   0x080061e0   0x0000032c   Code   RO          224    i.main              main.o
    0x0800650c   0x0800650c   0x0000004c   Code   RO          927    i.portion_to_radians  draw.o
    0x08006558   0x08006558   0x000000a0   Code   RO         4269    i.sin               m_ws.l(sin.o)
    0x080065f8   0x080065f8   0x00025800   Data   RO         1009    .constdata          watch.o
    0x0802bdf8   0x0802bdf8   0x00000030   Data   RO         4570    .constdata          m_ws.l(cos_i.o)
    0x0802be28   0x0802be28   0x000000c8   Data   RO         4588    .constdata          m_ws.l(rred.o)
    0x0802bef0   0x0802bef0   0x00000028   Data   RO         4592    .constdata          m_ws.l(sin_i.o)
    0x0802bf18   0x0802bf18   0x0000000c   Data   RO         4626    .constdata          mc_w.l(localtime_i.o)
    0x0802bf24   0x0802bf24   0x00000020   Data   RO         4652    Region$$Table       anon$$obj.o


    Execution Region RW_IRAM1 (Exec base: 0x20000000, Load base: 0x0802bf44, Size: 0x000004a0, Max: 0x00010000, ABSOLUTE)

    Exec Addr    Load Addr    Size         Type   Attr      Idx    E Section Name        Object

    0x20000000   0x0802bf44   0x00000014   Data   RW          376    .data               delay.o
    0x20000014   0x0802bf58   0x00000001   Data   RW          499    .data               usart1.o
    0x20000015   0x0802bf59   0x00000001   PAD
    0x20000016   0x0802bf5a   0x00000004   Data   RW          589    .data               bsp_lcd.o
    0x2000001a   0x0802bf5e   0x00000014   Data   RW         2809    .data               stm32f10x_rcc.o
    0x2000002e   0x0802bf72   0x00000002   PAD
    0x20000030   0x0802bf74   0x00000004   Data   RW         4611    .data               mc_w.l(stdout.o)
    0x20000034   0x0802bf78   0x00000004   Data   RW         4631    .data               mc_w.l(errno.o)
    0x20000038        -       0x0000000e   Zero   RW          587    .bss                bsp_lcd.o
    0x20000046   0x0802bf7c   0x00000002   PAD
    0x20000048        -       0x0000002c   Zero   RW          964    .bss                rtc.o
    0x20000074        -       0x0000002c   Zero   RW         4623    .bss                mc_w.l(localtime_w.o)
    0x200000a0        -       0x00000400   Zero   RW            1    STACK               startup_stm32f10x_hd.o


==============================================================================

Image component sizes


      Code (inc. data)   RO Data    RW Data    ZI Data      Debug   Object Name

       148          8          0          0          0        626   adc2.o
     17424        152          0          4         14      23085   bsp_lcd.o
       336         28          0         20          0       3131   delay.o
       264         22          0          0          0       1544   draw.o
        84          6          0          0          0        517   led.o
       812         72          0          0          0      26950   main.o
       112         12          0          0          0       1136   misc.o
        88          0          0          0         44        779   rtc.o
        36          8        304          0       1024        848   startup_stm32f10x_hd.o
       162         10          0          0          0       5558   stm32f10x_adc.o
        16          0          0          0          0        485   stm32f10x_bkp.o
       282          6          0          0          0       1929   stm32f10x_fsmc.o
       310          0          0          0          0       3823   stm32f10x_gpio.o
        24          0          0          0          0     253176   stm32f10x_it.o
        12          6          0          0          0        514   stm32f10x_pwr.o
       484         70          0         20          0       8417   stm32f10x_rcc.o
       180         36          0          0          0       3525   stm32f10x_rtc.o
       432          6          0          0          0       5741   stm32f10x_usart.o
       328         28          0          0          0       2101   system_stm32f10x.o
       264         24          0          1          0       4251   usart1.o
         0          0     153600          0          0        679   watch.o

    ----------------------------------------------------------------------
     21812        494     153936         48       1084     348815   Object Totals
         0          0         32          0          0          0   (incl. Generated)
        14          0          0          3          2          0   (incl. Padding)

    ----------------------------------------------------------------------

      Code (inc. data)   RO Data    RW Data    ZI Data      Debug   Library Member Name

       156          8          0          0          0        104   cos.o
       252         22         48          0          0        124   cos_i.o
        34          6          0          0          0        204   dunder.o
        40          0          0          0          0         68   fpclassify.o
       170          0          0          0          0         96   poly.o
       904         76        200          0          0        140   rred.o
       160         10          0          0          0        108   sin.o
       236         12         40          0          0        128   sin_i.o
         0          0          0          0          0          0   entry.o
         0          0          0          0          0          0   entry10a.o
         0          0          0          0          0          0   entry11a.o
         8          4          0          0          0          0   entry2.o
         4          0          0          0          0          0   entry5.o
         0          0          0          0          0          0   entry7b.o
         0          0          0          0          0          0   entry8b.o
         8          4          0          0          0          0   entry9a.o
        12          6          0          4          0         68   errno.o
        30          0          0          0          0          0   handlers.o
        36          8          0          0          0         68   init.o
         0          0          0          0          0          0   iusefp.o
        30          0          0          0          0         68   llshl.o
        36          0          0          0          0         68   llsshr.o
        32          0          0          0          0         68   llushr.o
       140          6         12          0          0         76   localtime_i.o
        12          6          0          0         44         68   localtime_w.o
        36          0          0          0          0         68   memcpya.o
        36          0          0          0          0        108   memseta.o
       372         14          0          0          0        184   printf1.o
         0          0          0          4          0          0   stdout.o
        44          0          0          0          0         80   uidiv.o
       334          0          0          0          0        148   dadd.o
       222          0          0          0          0        100   ddiv.o
       186          0          0          0          0        176   depilogue.o
        62          0          0          0          0         80   dfixi.o
        50          0          0          0          0         76   dfixui.o
        34          0          0          0          0         76   dflti.o
        26          0          0          0          0         76   dfltui.o
       228          0          0          0          0         96   dmul.o
        46          0          0          0          0         80   dscalb.o

    ----------------------------------------------------------------------
      3988        182        300          8         44       2804   Library Totals
        12          0          0          0          0          0   (incl. Padding)

    ----------------------------------------------------------------------

      Code (inc. data)   RO Data    RW Data    ZI Data      Debug   Library Name

      1952        134        288          0          0        972   m_ws.l
       836         48         12          8         44        924   mc_w.l
      1188          0          0          0          0        908   mf_w.l

    ----------------------------------------------------------------------
      3988        182        300          8         44       2804   Library Totals

    ----------------------------------------------------------------------

==============================================================================


      Code (inc. data)   RO Data    RW Data    ZI Data      Debug   

     25800        676     154236         56       1128     346415   Grand Totals
     25800        676     154236         56       1128     346415   ELF Image Totals
     25800        676     154236         56          0          0   ROM Totals

==============================================================================

    Total RO  Size (Code + RO Data)               180036 ( 175.82kB)
    Total RW  Size (RW Data + ZI Data)              1184 (   1.16kB)
    Total ROM Size (Code + RO Data + RW Data)     180092 ( 175.87kB)

==============================================================================

