<html>
<body>
<pre>
<h1>礦ision Build Log</h1>
<h2>Tool Versions:</h2>
IDE-Version: μVision V5.29.0.0
Copyright (C) 2019 ARM Ltd and ARM Germany GmbH. All rights reserved.
License Information: Jason Pei, zzuli, LIC=TIVNB-2RQWJ-2Z5W4-FR8WL-44UUS-IHSYN
 
Tool Versions:
Toolchain:       MDK-ARM Plus  Version: 5.29.0.0
Toolchain Path:  D:\apps\Keil_v5\ARM\ARMCC\Bin
C Compiler:      Armcc.exe V5.06 update 6 (build 750)
Assembler:       Armasm.exe V5.06 update 6 (build 750)
Linker/Locator:  ArmLink.exe V5.06 update 6 (build 750)
Library Manager: ArmAr.exe V5.06 update 6 (build 750)
Hex Converter:   FromElf.exe V5.06 update 6 (build 750)
CPU DLL:         SARMCM3.DLL V5.29.0.0
Dialog DLL:      DCM.DLL V1.17.3.0
Target DLL:      UL2CM3.DLL V1.163.0.0
Dialog DLL:      TCM.DLL V1.36.5.0
 
<h2>Project:</h2>
E:\code\embedded-systems-learning\基于ARM内核的智能手环\项目文件\STM32\STM32F10x_StdPeriph_Lib_V3.5.0\Project\STM32F10x_StdPeriph_Template\MDK-ARM\Project.uvprojx
Project File Date:  04/02/2024

<h2>Output:</h2>
*** Using Compiler 'V5.06 update 6 (build 750)', folder: 'D:\apps\Keil_v5\ARM\ARMCC\Bin'
Build target 'STM32100E-EVAL'
compiling stm32f10x_it.c...
compiling stm32f10x_fsmc.c...
compiling stm32f10x_gpio.c...
compiling stm32f10x_exti.c...
compiling stm32f10x_adc.c...
compiling stm32f10x_can.c...
compiling stm32f10x_dma.c...
compiling main.c...
compiling stm32f10x_spi.c...
compiling stm32f10x_usart.c...
compiling misc.c...
compiling stm32f10x_bkp.c...
compiling stm32f10x_rcc.c...
compiling stm32f10x_sdio.c...
compiling stm32f10x_i2c.c...
compiling stm32f10x_cec.c...
compiling stm32f10x_crc.c...
compiling core_cm3.c...
compiling stm32f10x_dac.c...
compiling stm32f10x_wwdg.c...
compiling stm32f10x_dbgmcu.c...
compiling stm32f10x_pwr.c...
compiling stm32f10x_iwdg.c...
compiling stm32f10x_rtc.c...
compiling system_stm32f10x.c...
compiling stm32f10x_flash.c...
assembling startup_stm32f10x_hd_vl.s...
compiling stm32_eval.c...
compiling stm32_eval_spi_flash.c...
compiling stm32f10x_tim.c...
compiling stm32_eval_spi_sd.c...
compiling stm32_eval_i2c_tsensor.c...
compiling stm32100e_eval_lcd.c...
compiling stm32100e_eval_fsmc_sram.c...
compiling stm32100e_eval_fsmc_onenand.c...
compiling stm32100e_eval_ioe.c...
compiling stm32100e_eval_cec.c...
linking...
Program Size: Code=3296 RO-data=576 RW-data=100 ZI-data=1044  
".\STM32100E-EVAL\STM32100E-EVAL.axf" - 0 Error(s), 0 Warning(s).

<h2>Software Packages used:</h2>

Package Vendor: ARM
                http://www.keil.com/pack/ARM.CMSIS.5.6.0.pack
                ARM.CMSIS.5.6.0
                CMSIS (Cortex Microcontroller Software Interface Standard)
   * Component: CORE Version: 5.3.0

Package Vendor: Keil
                http://www.keil.com/pack/Keil.STM32F1xx_DFP.2.4.0.pack
                Keil.STM32F1xx_DFP.2.4.0
                STMicroelectronics STM32F1 Series Device Support, Drivers and Examples

<h2>Collection of Component include folders:</h2>
  .\RTE\_STM32100E-EVAL
  D:\apps\Keil_v5\Arm\Packs\ARM\CMSIS\5.6.0\CMSIS\Core\Include
  D:\apps\Keil_v5\Arm\Packs\Keil\STM32F1xx_DFP\2.4.0\Device\Include

<h2>Collection of Component Files used:</h2>

   * Component: ARM::CMSIS:CORE:5.3.0
Build Time Elapsed:  00:00:04
</pre>
</body>
</html>
