Component: ARM Compiler 5.06 update 6 (build 750) Tool: armlink [4d35ed]

==============================================================================

Section Cross References

    main.o(i.main) refers to stm32_eval.o(i.STM_EVAL_LEDInit) for STM_EVAL_LEDInit
    main.o(i.main) refers to stm32_eval_spi_flash.o(i.sFLASH_Init) for sFLASH_Init
    main.o(i.main) refers to stm32_eval_spi_flash.o(i.sFLASH_ReadID) for sFLASH_ReadID
    main.o(i.main) refers to stm32_eval.o(i.STM_EVAL_LEDOn) for STM_EVAL_LEDOn
    main.o(i.main) refers to stm32_eval_spi_flash.o(i.sFLASH_EraseSector) for sFLASH_EraseSector
    main.o(i.main) refers to stm32_eval_spi_flash.o(i.sFLASH_WriteBuffer) for sFLASH_WriteBuffer
    main.o(i.main) refers to stm32_eval_spi_flash.o(i.sFLASH_ReadBuffer) for sFLASH_ReadBuffer
    main.o(i.main) refers to main.o(i.Buffercmp) for Buffercmp
    main.o(i.main) refers to main.o(.data) for .data
    main.o(i.main) refers to main.o(.bss) for .bss
    stm32f10x_rcc.o(i.RCC_GetClocksFreq) refers to stm32f10x_rcc.o(.data) for .data
    stm32f10x_rcc.o(i.RCC_WaitForHSEStartUp) refers to stm32f10x_rcc.o(i.RCC_GetFlagStatus) for RCC_GetFlagStatus
    stm32f10x_gpio.o(i.GPIO_AFIODeInit) refers to stm32f10x_rcc.o(i.RCC_APB2PeriphResetCmd) for RCC_APB2PeriphResetCmd
    stm32f10x_gpio.o(i.GPIO_DeInit) refers to stm32f10x_rcc.o(i.RCC_APB2PeriphResetCmd) for RCC_APB2PeriphResetCmd
    stm32f10x_spi.o(i.I2S_Init) refers to stm32f10x_rcc.o(i.RCC_GetClocksFreq) for RCC_GetClocksFreq
    stm32f10x_spi.o(i.SPI_I2S_DeInit) refers to stm32f10x_rcc.o(i.RCC_APB2PeriphResetCmd) for RCC_APB2PeriphResetCmd
    stm32f10x_spi.o(i.SPI_I2S_DeInit) refers to stm32f10x_rcc.o(i.RCC_APB1PeriphResetCmd) for RCC_APB1PeriphResetCmd
    stm32f10x_usart.o(i.USART_DeInit) refers to stm32f10x_rcc.o(i.RCC_APB2PeriphResetCmd) for RCC_APB2PeriphResetCmd
    stm32f10x_usart.o(i.USART_DeInit) refers to stm32f10x_rcc.o(i.RCC_APB1PeriphResetCmd) for RCC_APB1PeriphResetCmd
    stm32f10x_usart.o(i.USART_Init) refers to stm32f10x_rcc.o(i.RCC_GetClocksFreq) for RCC_GetClocksFreq
    stm32f10x_i2c.o(i.I2C_DeInit) refers to stm32f10x_rcc.o(i.RCC_APB1PeriphResetCmd) for RCC_APB1PeriphResetCmd
    stm32f10x_i2c.o(i.I2C_Init) refers to stm32f10x_rcc.o(i.RCC_GetClocksFreq) for RCC_GetClocksFreq
    stm32f10x_adc.o(i.ADC_DeInit) refers to stm32f10x_rcc.o(i.RCC_APB2PeriphResetCmd) for RCC_APB2PeriphResetCmd
    stm32f10x_bkp.o(i.BKP_DeInit) refers to stm32f10x_rcc.o(i.RCC_BackupResetCmd) for RCC_BackupResetCmd
    stm32f10x_can.o(i.CAN_DeInit) refers to stm32f10x_rcc.o(i.RCC_APB1PeriphResetCmd) for RCC_APB1PeriphResetCmd
    stm32f10x_can.o(i.CAN_GetITStatus) refers to stm32f10x_can.o(i.CheckITStatus) for CheckITStatus
    stm32f10x_cec.o(i.CEC_DeInit) refers to stm32f10x_rcc.o(i.RCC_APB1PeriphResetCmd) for RCC_APB1PeriphResetCmd
    stm32f10x_dac.o(i.DAC_DeInit) refers to stm32f10x_rcc.o(i.RCC_APB1PeriphResetCmd) for RCC_APB1PeriphResetCmd
    stm32f10x_flash.o(i.FLASH_EnableWriteProtection) refers to stm32f10x_flash.o(i.FLASH_WaitForLastOperation) for FLASH_WaitForLastOperation
    stm32f10x_flash.o(i.FLASH_EraseAllBank1Pages) refers to stm32f10x_flash.o(i.FLASH_WaitForLastBank1Operation) for FLASH_WaitForLastBank1Operation
    stm32f10x_flash.o(i.FLASH_EraseAllPages) refers to stm32f10x_flash.o(i.FLASH_WaitForLastOperation) for FLASH_WaitForLastOperation
    stm32f10x_flash.o(i.FLASH_EraseOptionBytes) refers to stm32f10x_flash.o(i.FLASH_GetReadOutProtectionStatus) for FLASH_GetReadOutProtectionStatus
    stm32f10x_flash.o(i.FLASH_EraseOptionBytes) refers to stm32f10x_flash.o(i.FLASH_WaitForLastOperation) for FLASH_WaitForLastOperation
    stm32f10x_flash.o(i.FLASH_ErasePage) refers to stm32f10x_flash.o(i.FLASH_WaitForLastOperation) for FLASH_WaitForLastOperation
    stm32f10x_flash.o(i.FLASH_ProgramHalfWord) refers to stm32f10x_flash.o(i.FLASH_WaitForLastOperation) for FLASH_WaitForLastOperation
    stm32f10x_flash.o(i.FLASH_ProgramOptionByteData) refers to stm32f10x_flash.o(i.FLASH_WaitForLastOperation) for FLASH_WaitForLastOperation
    stm32f10x_flash.o(i.FLASH_ProgramWord) refers to stm32f10x_flash.o(i.FLASH_WaitForLastOperation) for FLASH_WaitForLastOperation
    stm32f10x_flash.o(i.FLASH_ReadOutProtection) refers to stm32f10x_flash.o(i.FLASH_WaitForLastOperation) for FLASH_WaitForLastOperation
    stm32f10x_flash.o(i.FLASH_UserOptionByteConfig) refers to stm32f10x_flash.o(i.FLASH_WaitForLastOperation) for FLASH_WaitForLastOperation
    stm32f10x_flash.o(i.FLASH_WaitForLastBank1Operation) refers to stm32f10x_flash.o(i.FLASH_GetBank1Status) for FLASH_GetBank1Status
    stm32f10x_flash.o(i.FLASH_WaitForLastOperation) refers to stm32f10x_flash.o(i.FLASH_GetBank1Status) for FLASH_GetBank1Status
    stm32f10x_pwr.o(i.PWR_DeInit) refers to stm32f10x_rcc.o(i.RCC_APB1PeriphResetCmd) for RCC_APB1PeriphResetCmd
    stm32f10x_rtc.o(i.RTC_SetAlarm) refers to stm32f10x_rtc.o(i.RTC_EnterConfigMode) for RTC_EnterConfigMode
[...]
    stm32100e_eval_ioe.o(i.IOE_IOITConfig) refers to stm32100e_eval_ioe.o(i.I2C_WriteDeviceRegister) for I2C_WriteDeviceRegister
    stm32100e_eval_ioe.o(i.IOE_IOPinConfig) refers to stm32100e_eval_ioe.o(i.I2C_ReadDeviceRegister) for I2C_ReadDeviceRegister
    stm32100e_eval_ioe.o(i.IOE_IOPinConfig) refers to stm32100e_eval_ioe.o(i.I2C_WriteDeviceRegister) for I2C_WriteDeviceRegister
    stm32100e_eval_ioe.o(i.IOE_ITConfig) refers to stm32100e_eval_ioe.o(i.IOE_ITOutConfig) for IOE_ITOutConfig
    stm32100e_eval_ioe.o(i.IOE_ITConfig) refers to stm32100e_eval_ioe.o(i.IOE_GITCmd) for IOE_GITCmd
    stm32100e_eval_ioe.o(i.IOE_ITConfig) refers to stm32100e_eval_ioe.o(i.IOE_GITConfig) for IOE_GITConfig
    stm32100e_eval_ioe.o(i.IOE_ITConfig) refers to stm32100e_eval_ioe.o(i.I2C_ReadDeviceRegister) for I2C_ReadDeviceRegister
    stm32100e_eval_ioe.o(i.IOE_ITConfig) refers to stm32f10x_rcc.o(i.RCC_APB2PeriphClockCmd) for RCC_APB2PeriphClockCmd
    stm32100e_eval_ioe.o(i.IOE_ITConfig) refers to stm32f10x_gpio.o(i.GPIO_Init) for GPIO_Init
    stm32100e_eval_ioe.o(i.IOE_ITConfig) refers to stm32f10x_gpio.o(i.GPIO_EXTILineConfig) for GPIO_EXTILineConfig
    stm32100e_eval_ioe.o(i.IOE_ITConfig) refers to stm32f10x_exti.o(i.EXTI_Init) for EXTI_Init
    stm32100e_eval_ioe.o(i.IOE_ITConfig) refers to misc.o(i.NVIC_Init) for NVIC_Init
    stm32100e_eval_ioe.o(i.IOE_ITOutConfig) refers to stm32100e_eval_ioe.o(i.I2C_ReadDeviceRegister) for I2C_ReadDeviceRegister
    stm32100e_eval_ioe.o(i.IOE_ITOutConfig) refers to stm32100e_eval_ioe.o(i.I2C_WriteDeviceRegister) for I2C_WriteDeviceRegister
    stm32100e_eval_ioe.o(i.IOE_IsOperational) refers to stm32100e_eval_ioe.o(i.IOE_ReadID) for IOE_ReadID
    stm32100e_eval_ioe.o(i.IOE_IsOperational) refers to stm32100e_eval_ioe.o(.data) for .data
    stm32100e_eval_ioe.o(i.IOE_ReadID) refers to stm32100e_eval_ioe.o(i.I2C_ReadDeviceRegister) for I2C_ReadDeviceRegister
    stm32100e_eval_ioe.o(i.IOE_ReadIOPin) refers to stm32100e_eval_ioe.o(i.I2C_ReadDeviceRegister) for I2C_ReadDeviceRegister
    stm32100e_eval_ioe.o(i.IOE_Reset) refers to stm32100e_eval_ioe.o(i.I2C_WriteDeviceRegister) for I2C_WriteDeviceRegister
    stm32100e_eval_ioe.o(i.IOE_Reset) refers to stm32100e_eval_ioe.o(i.delay) for delay
    stm32100e_eval_ioe.o(i.IOE_TS_Config) refers to stm32100e_eval_ioe.o(i.I2C_ReadDeviceRegister) for I2C_ReadDeviceRegister
    stm32100e_eval_ioe.o(i.IOE_TS_Config) refers to stm32100e_eval_ioe.o(i.I2C_WriteDeviceRegister) for I2C_WriteDeviceRegister
    stm32100e_eval_ioe.o(i.IOE_TS_Config) refers to stm32100e_eval_ioe.o(i.delay) for delay
    stm32100e_eval_ioe.o(i.IOE_TS_Config) refers to stm32100e_eval_ioe.o(.data) for .data
    stm32100e_eval_ioe.o(i.IOE_TS_GetState) refers to stm32100e_eval_ioe.o(i.I2C_ReadDeviceRegister) for I2C_ReadDeviceRegister
    stm32100e_eval_ioe.o(i.IOE_TS_GetState) refers to stm32100e_eval_ioe.o(i.I2C_ReadDataBuffer) for I2C_ReadDataBuffer
    stm32100e_eval_ioe.o(i.IOE_TS_GetState) refers to stm32100e_eval_ioe.o(i.I2C_WriteDeviceRegister) for I2C_WriteDeviceRegister
    stm32100e_eval_ioe.o(i.IOE_TS_GetState) refers to stm32100e_eval_ioe.o(.data) for .data
    stm32100e_eval_ioe.o(i.IOE_TempSens_Config) refers to stm32100e_eval_ioe.o(i.I2C_ReadDeviceRegister) for I2C_ReadDeviceRegister
    stm32100e_eval_ioe.o(i.IOE_TempSens_Config) refers to stm32100e_eval_ioe.o(i.I2C_WriteDeviceRegister) for I2C_WriteDeviceRegister
    stm32100e_eval_ioe.o(i.IOE_TempSens_GetData) refers to stm32100e_eval_ioe.o(i.I2C_WriteDeviceRegister) for I2C_WriteDeviceRegister
    stm32100e_eval_ioe.o(i.IOE_TempSens_GetData) refers to stm32100e_eval_ioe.o(i.I2C_ReadDeviceRegister) for I2C_ReadDeviceRegister
    stm32100e_eval_ioe.o(i.IOE_TempSens_GetData) refers to stm32100e_eval_ioe.o(.data) for .data
    stm32100e_eval_ioe.o(i.IOE_WriteIOPin) refers to stm32100e_eval_ioe.o(i.I2C_WriteDeviceRegister) for I2C_WriteDeviceRegister
    stm32100e_eval_cec.o(i.HDMI_CEC_CheckConnectedDevices) refers to stm32f10x_cec.o(i.CEC_OwnAddressConfig) for CEC_OwnAddressConfig
    stm32100e_eval_cec.o(i.HDMI_CEC_CheckConnectedDevices) refers to stm32f10x_cec.o(i.CEC_EndOfMessageCmd) for CEC_EndOfMessageCmd
    stm32100e_eval_cec.o(i.HDMI_CEC_CheckConnectedDevices) refers to stm32f10x_cec.o(i.CEC_SendDataByte) for CEC_SendDataByte
    stm32100e_eval_cec.o(i.HDMI_CEC_CheckConnectedDevices) refers to stm32f10x_cec.o(i.CEC_StartOfMessage) for CEC_StartOfMessage
    stm32100e_eval_cec.o(i.HDMI_CEC_CheckConnectedDevices) refers to stm32f10x_cec.o(i.CEC_GetFlagStatus) for CEC_GetFlagStatus
    stm32100e_eval_cec.o(i.HDMI_CEC_CheckConnectedDevices) refers to stm32100e_eval_cec.o(i.HDMI_CEC_GetErrorStatus) for HDMI_CEC_GetErrorStatus
    stm32100e_eval_cec.o(i.HDMI_CEC_CheckConnectedDevices) refers to stm32f10x_cec.o(i.CEC_ClearFlag) for CEC_ClearFlag
    stm32100e_eval_cec.o(i.HDMI_CEC_CheckConnectedDevices) refers to stm32100e_eval_cec.o(.data) for .data
    stm32100e_eval_cec.o(i.HDMI_CEC_CommandCallBack) refers to stm32100e_eval_cec.o(i.HDMI_CEC_TransmitMessage) for HDMI_CEC_TransmitMessage
    stm32100e_eval_cec.o(i.HDMI_CEC_CommandCallBack) refers to stm32f10x_gpio.o(i.GPIO_EXTILineConfig) for GPIO_EXTILineConfig
    stm32100e_eval_cec.o(i.HDMI_CEC_CommandCallBack) refers to stm32f10x_exti.o(i.EXTI_ClearITPendingBit) for EXTI_ClearITPendingBit
    stm32100e_eval_cec.o(i.HDMI_CEC_CommandCallBack) refers to stm32f10x_exti.o(i.EXTI_Init) for EXTI_Init
    stm32100e_eval_cec.o(i.HDMI_CEC_CommandCallBack) refers to stm32f10x_pwr.o(i.PWR_EnterSTOPMode) for PWR_EnterSTOPMode
    stm32100e_eval_cec.o(i.HDMI_CEC_CommandCallBack) refers to stm32f10x_rcc.o(i.RCC_PLLConfig) for RCC_PLLConfig
    stm32100e_eval_cec.o(i.HDMI_CEC_CommandCallBack) refers to stm32f10x_rcc.o(i.RCC_PLLCmd) for RCC_PLLCmd
    stm32100e_eval_cec.o(i.HDMI_CEC_CommandCallBack) refers to stm32f10x_rcc.o(i.RCC_GetFlagStatus) for RCC_GetFlagStatus
    stm32100e_eval_cec.o(i.HDMI_CEC_CommandCallBack) refers to stm32f10x_rcc.o(i.RCC_SYSCLKConfig) for RCC_SYSCLKConfig
    stm32100e_eval_cec.o(i.HDMI_CEC_CommandCallBack) refers to stm32f10x_rcc.o(i.RCC_GetSYSCLKSource) for RCC_GetSYSCLKSource
    stm32100e_eval_cec.o(i.HDMI_CEC_CommandCallBack) refers to stm32100e_eval_cec.o(i.HDMI_CEC_ReportPhysicalAddress) for HDMI_CEC_ReportPhysicalAddress
    stm32100e_eval_cec.o(i.HDMI_CEC_CommandCallBack) refers to stm32100e_eval_cec.o(.bss) for .bss
    stm32100e_eval_cec.o(i.HDMI_CEC_CommandCallBack) refers to stm32100e_eval_cec.o(.data) for .data
    stm32100e_eval_cec.o(i.HDMI_CEC_GetErrorStatus) refers to stm32f10x_cec.o(i.CEC_GetFlagStatus) for CEC_GetFlagStatus
    stm32100e_eval_cec.o(i.HDMI_CEC_GetErrorStatus) refers to stm32f10x_cec.o(i.CEC_ClearFlag) for CEC_ClearFlag
    stm32100e_eval_cec.o(i.HDMI_CEC_Init) refers to stm32f10x_rcc.o(i.RCC_APB1PeriphClockCmd) for RCC_APB1PeriphClockCmd
    stm32100e_eval_cec.o(i.HDMI_CEC_Init) refers to stm32f10x_rcc.o(i.RCC_APB2PeriphClockCmd) for RCC_APB2PeriphClockCmd
    stm32100e_eval_cec.o(i.HDMI_CEC_Init) refers to stm32f10x_gpio.o(i.GPIO_Init) for GPIO_Init
    stm32100e_eval_cec.o(i.HDMI_CEC_Init) refers to stm32f10x_cec.o(i.CEC_DeInit) for CEC_DeInit
    stm32100e_eval_cec.o(i.HDMI_CEC_Init) refers to stm32f10x_cec.o(i.CEC_Init) for CEC_Init
    stm32100e_eval_cec.o(i.HDMI_CEC_Init) refers to stm32f10x_cec.o(i.CEC_SetPrescaler) for CEC_SetPrescaler
    stm32100e_eval_cec.o(i.HDMI_CEC_Init) refers to stm32f10x_cec.o(i.CEC_Cmd) for CEC_Cmd
    stm32100e_eval_cec.o(i.HDMI_CEC_Init) refers to stm32100e_eval_cec.o(i.LogicalAddressAllocation) for LogicalAddressAllocation
    stm32100e_eval_cec.o(i.HDMI_CEC_Init) refers to stm32100e_eval_cec.o(i.HDMI_CEC_CheckConnectedDevices) for HDMI_CEC_CheckConnectedDevices
    stm32100e_eval_cec.o(i.HDMI_CEC_Init) refers to stm32f10x_cec.o(i.CEC_OwnAddressConfig) for CEC_OwnAddressConfig
    stm32100e_eval_cec.o(i.HDMI_CEC_Init) refers to stm32f10x_cec.o(i.CEC_ITConfig) for CEC_ITConfig
    stm32100e_eval_cec.o(i.HDMI_CEC_Init) refers to stm32100e_eval_cec.o(i.HDMI_CEC_ReportPhysicalAddress) for HDMI_CEC_ReportPhysicalAddress
    stm32100e_eval_cec.o(i.HDMI_CEC_Init) refers to stm32100e_eval_cec.o(.data) for .data
    stm32100e_eval_cec.o(i.HDMI_CEC_ProcessIRQSrc) refers to stm32f10x_cec.o(i.CEC_GetFlagStatus) for CEC_GetFlagStatus
    stm32100e_eval_cec.o(i.HDMI_CEC_ProcessIRQSrc) refers to stm32100e_eval_cec.o(i.HDMI_CEC_GetErrorStatus) for HDMI_CEC_GetErrorStatus
    stm32100e_eval_cec.o(i.HDMI_CEC_ProcessIRQSrc) refers to stm32f10x_cec.o(i.CEC_ReceiveDataByte) for CEC_ReceiveDataByte
    stm32100e_eval_cec.o(i.HDMI_CEC_ProcessIRQSrc) refers to stm32f10x_cec.o(i.CEC_ClearFlag) for CEC_ClearFlag
    stm32100e_eval_cec.o(i.HDMI_CEC_ProcessIRQSrc) refers to stm32f10x_cec.o(i.CEC_EndOfMessageCmd) for CEC_EndOfMessageCmd
    stm32100e_eval_cec.o(i.HDMI_CEC_ProcessIRQSrc) refers to stm32f10x_cec.o(i.CEC_SendDataByte) for CEC_SendDataByte
    stm32100e_eval_cec.o(i.HDMI_CEC_ProcessIRQSrc) refers to stm32100e_eval_cec.o(.data) for .data
    stm32100e_eval_cec.o(i.HDMI_CEC_ProcessIRQSrc) refers to stm32100e_eval_cec.o(.bss) for .bss
    stm32100e_eval_cec.o(i.HDMI_CEC_ReportPhysicalAddress) refers to stm32100e_eval_cec.o(i.HDMI_CEC_TransmitMessage) for HDMI_CEC_TransmitMessage
    stm32100e_eval_cec.o(i.HDMI_CEC_ReportPhysicalAddress) refers to stm32100e_eval_cec.o(.data) for .data
    stm32100e_eval_cec.o(i.HDMI_CEC_TransmitMessage) refers to stm32f10x_cec.o(i.CEC_ClearFlag) for CEC_ClearFlag
    stm32100e_eval_cec.o(i.HDMI_CEC_TransmitMessage) refers to stm32f10x_cec.o(i.CEC_SendDataByte) for CEC_SendDataByte
    stm32100e_eval_cec.o(i.HDMI_CEC_TransmitMessage) refers to stm32f10x_cec.o(i.CEC_StartOfMessage) for CEC_StartOfMessage
    stm32100e_eval_cec.o(i.HDMI_CEC_TransmitMessage) refers to stm32100e_eval_cec.o(.data) for .data
    stm32100e_eval_cec.o(i.HDMI_CEC_TransmitMessage) refers to stm32100e_eval_cec.o(.bss) for .bss
    stm32100e_eval_cec.o(i.LogicalAddressAllocation) refers to stm32f10x_cec.o(i.CEC_OwnAddressConfig) for CEC_OwnAddressConfig
    stm32100e_eval_cec.o(i.LogicalAddressAllocation) refers to stm32f10x_cec.o(i.CEC_EndOfMessageCmd) for CEC_EndOfMessageCmd
    stm32100e_eval_cec.o(i.LogicalAddressAllocation) refers to stm32f10x_cec.o(i.CEC_SendDataByte) for CEC_SendDataByte
    stm32100e_eval_cec.o(i.LogicalAddressAllocation) refers to stm32f10x_cec.o(i.CEC_StartOfMessage) for CEC_StartOfMessage
    stm32100e_eval_cec.o(i.LogicalAddressAllocation) refers to stm32f10x_cec.o(i.CEC_GetFlagStatus) for CEC_GetFlagStatus
    stm32100e_eval_cec.o(i.LogicalAddressAllocation) refers to stm32100e_eval_cec.o(i.HDMI_CEC_GetErrorStatus) for HDMI_CEC_GetErrorStatus
    stm32100e_eval_cec.o(i.LogicalAddressAllocation) refers to stm32f10x_cec.o(i.CEC_ClearFlag) for CEC_ClearFlag
    stm32100e_eval_cec.o(i.LogicalAddressAllocation) refers to stm32100e_eval_cec.o(.data) for .data
    stm32100e_eval_cec.o(.data) refers to stm32100e_eval_cec.o(.conststring) for .conststring
    stm32100e_eval_fsmc_onenand.o(i.OneNAND_Init) refers to stm32f10x_rcc.o(i.RCC_AHBPeriphClockCmd) for RCC_AHBPeriphClockCmd
    stm32100e_eval_fsmc_onenand.o(i.OneNAND_Init) refers to stm32f10x_rcc.o(i.RCC_APB2PeriphClockCmd) for RCC_APB2PeriphClockCmd
    stm32100e_eval_fsmc_onenand.o(i.OneNAND_Init) refers to stm32f10x_gpio.o(i.GPIO_Init) for GPIO_Init
    stm32100e_eval_fsmc_onenand.o(i.OneNAND_Init) refers to stm32f10x_gpio.o(i.GPIO_PinRemapConfig) for GPIO_PinRemapConfig
    stm32100e_eval_fsmc_onenand.o(i.OneNAND_Init) refers to stm32f10x_fsmc.o(i.FSMC_NORSRAMInit) for FSMC_NORSRAMInit
    stm32100e_eval_fsmc_onenand.o(i.OneNAND_Init) refers to stm32f10x_fsmc.o(i.FSMC_NORSRAMCmd) for FSMC_NORSRAMCmd
    stm32100e_eval_fsmc_sram.o(i.SRAM_Init) refers to stm32f10x_rcc.o(i.RCC_APB2PeriphClockCmd) for RCC_APB2PeriphClockCmd
    stm32100e_eval_fsmc_sram.o(i.SRAM_Init) refers to stm32f10x_gpio.o(i.GPIO_Init) for GPIO_Init
    stm32100e_eval_fsmc_sram.o(i.SRAM_Init) refers to stm32f10x_fsmc.o(i.FSMC_NORSRAMInit) for FSMC_NORSRAMInit
    stm32100e_eval_fsmc_sram.o(i.SRAM_Init) refers to stm32f10x_fsmc.o(i.FSMC_NORSRAMCmd) for FSMC_NORSRAMCmd
    startup_stm32f10x_hd_vl.o(RESET) refers to startup_stm32f10x_hd_vl.o(STACK) for __initial_sp
    startup_stm32f10x_hd_vl.o(RESET) refers to startup_stm32f10x_hd_vl.o(.text) for Reset_Handler
    startup_stm32f10x_hd_vl.o(RESET) refers to stm32f10x_it.o(i.NMI_Handler) for NMI_Handler
    startup_stm32f10x_hd_vl.o(RESET) refers to stm32f10x_it.o(i.HardFault_Handler) for HardFault_Handler
    startup_stm32f10x_hd_vl.o(RESET) refers to stm32f10x_it.o(i.MemManage_Handler) for MemManage_Handler
    startup_stm32f10x_hd_vl.o(RESET) refers to stm32f10x_it.o(i.BusFault_Handler) for BusFault_Handler
    startup_stm32f10x_hd_vl.o(RESET) refers to stm32f10x_it.o(i.UsageFault_Handler) for UsageFault_Handler
    startup_stm32f10x_hd_vl.o(RESET) refers to stm32f10x_it.o(i.SVC_Handler) for SVC_Handler
    startup_stm32f10x_hd_vl.o(RESET) refers to stm32f10x_it.o(i.DebugMon_Handler) for DebugMon_Handler
    startup_stm32f10x_hd_vl.o(RESET) refers to stm32f10x_it.o(i.PendSV_Handler) for PendSV_Handler
    startup_stm32f10x_hd_vl.o(RESET) refers to stm32f10x_it.o(i.SysTick_Handler) for SysTick_Handler
    startup_stm32f10x_hd_vl.o(.text) refers to system_stm32f10x.o(i.SystemInit) for SystemInit
    startup_stm32f10x_hd_vl.o(.text) refers to entry.o(.ARM.Collect$$$$00000000) for __main
    entry.o(.ARM.Collect$$$$00000000) refers (Special) to entry10a.o(.ARM.Collect$$$$0000000D) for __rt_final_cpp
    entry.o(.ARM.Collect$$$$00000000) refers (Special) to entry11a.o(.ARM.Collect$$$$0000000F) for __rt_final_exit
    entry.o(.ARM.Collect$$$$00000000) refers (Special) to entry7b.o(.ARM.Collect$$$$00000008) for _main_clock
    entry.o(.ARM.Collect$$$$00000000) refers (Special) to entry8b.o(.ARM.Collect$$$$0000000A) for _main_cpp_init
    entry.o(.ARM.Collect$$$$00000000) refers (Special) to entry9a.o(.ARM.Collect$$$$0000000B) for _main_init
    entry.o(.ARM.Collect$$$$00000000) refers (Special) to entry5.o(.ARM.Collect$$$$00000004) for _main_scatterload
    entry.o(.ARM.Collect$$$$00000000) refers (Special) to entry2.o(.ARM.Collect$$$$00000001) for _main_stk
    dflti.o(.text) refers (Special) to iusefp.o(.text) for __I$use$fp
    dflti.o(.text) refers to depilogue.o(.text) for _double_epilogue
    dfltui.o(.text) refers (Special) to iusefp.o(.text) for __I$use$fp
    dfltui.o(.text) refers to depilogue.o(.text) for _double_epilogue
    cdcmple.o(.text) refers (Special) to iusefp.o(.text) for __I$use$fp
    cdrcmple.o(.text) refers (Special) to iusefp.o(.text) for __I$use$fp
    entry2.o(.ARM.Collect$$$$00000001) refers to entry2.o(.ARM.Collect$$$$00002712) for __lit__00000000
    entry2.o(.ARM.Collect$$$$00002712) refers to startup_stm32f10x_hd_vl.o(STACK) for __initial_sp
    entry2.o(__vectab_stack_and_reset_area) refers to startup_stm32f10x_hd_vl.o(STACK) for __initial_sp
    entry2.o(__vectab_stack_and_reset_area) refers to entry.o(.ARM.Collect$$$$00000000) for __main
    entry5.o(.ARM.Collect$$$$00000004) refers to init.o(.text) for __scatterload
    entry9a.o(.ARM.Collect$$$$0000000B) refers to main.o(i.main) for main
    entry9b.o(.ARM.Collect$$$$0000000C) refers to main.o(i.main) for main
    depilogue.o(.text) refers to llshl.o(.text) for __aeabi_llsl
    depilogue.o(.text) refers to llushr.o(.text) for __aeabi_llsr
    init.o(.text) refers to entry5.o(.ARM.Collect$$$$00000004) for __main_after_scatterload


==============================================================================

Removing Unused input sections from the image.

    Removing stm32f10x_rcc.o(i.RCC_ADCCLKConfig), (20 bytes).
    Removing stm32f10x_rcc.o(i.RCC_AHBPeriphClockCmd), (24 bytes).
    Removing stm32f10x_rcc.o(i.RCC_APB1PeriphClockCmd), (24 bytes).
    Removing stm32f10x_rcc.o(i.RCC_APB1PeriphResetCmd), (24 bytes).
    Removing stm32f10x_rcc.o(i.RCC_APB2PeriphResetCmd), (24 bytes).
    Removing stm32f10x_rcc.o(i.RCC_AdjustHSICalibrationValue), (20 bytes).
    Removing stm32f10x_rcc.o(i.RCC_BackupResetCmd), (12 bytes).
    Removing stm32f10x_rcc.o(i.RCC_ClearFlag), (16 bytes).
    Removing stm32f10x_rcc.o(i.RCC_ClearITPendingBit), (12 bytes).
    Removing stm32f10x_rcc.o(i.RCC_ClockSecuritySystemCmd), (12 bytes).
    Removing stm32f10x_rcc.o(i.RCC_DeInit), (68 bytes).
    Removing stm32f10x_rcc.o(i.RCC_GetClocksFreq), (152 bytes).
    Removing stm32f10x_rcc.o(i.RCC_GetFlagStatus), (48 bytes).
    Removing stm32f10x_rcc.o(i.RCC_GetITStatus), (20 bytes).
    Removing stm32f10x_rcc.o(i.RCC_GetSYSCLKSource), (16 bytes).
    Removing stm32f10x_rcc.o(i.RCC_HCLKConfig), (20 bytes).
    Removing stm32f10x_rcc.o(i.RCC_HSEConfig), (52 bytes).
    Removing stm32f10x_rcc.o(i.RCC_HSICmd), (12 bytes).
    Removing stm32f10x_rcc.o(i.RCC_ITConfig), (24 bytes).
    Removing stm32f10x_rcc.o(i.RCC_LSEConfig), (32 bytes).
    Removing stm32f10x_rcc.o(i.RCC_LSICmd), (12 bytes).
    Removing stm32f10x_rcc.o(i.RCC_MCOConfig), (12 bytes).
    Removing stm32f10x_rcc.o(i.RCC_PCLK1Config), (20 bytes).
    Removing stm32f10x_rcc.o(i.RCC_PCLK2Config), (20 bytes).
    Removing stm32f10x_rcc.o(i.RCC_PLLCmd), (12 bytes).
    Removing stm32f10x_rcc.o(i.RCC_PLLConfig), (20 bytes).
    Removing stm32f10x_rcc.o(i.RCC_PREDIV1Config), (28 bytes).
    Removing stm32f10x_rcc.o(i.RCC_RTCCLKCmd), (12 bytes).
    Removing stm32f10x_rcc.o(i.RCC_RTCCLKConfig), (16 bytes).
    Removing stm32f10x_rcc.o(i.RCC_SYSCLKConfig), (20 bytes).
    Removing stm32f10x_rcc.o(i.RCC_USBCLKConfig), (12 bytes).
    Removing stm32f10x_rcc.o(i.RCC_WaitForHSEStartUp), (44 bytes).
    Removing stm32f10x_rcc.o(.data), (20 bytes).
    Removing stm32f10x_gpio.o(i.GPIO_AFIODeInit), (22 bytes).
    Removing stm32f10x_gpio.o(i.GPIO_DeInit), (180 bytes).
    Removing stm32f10x_gpio.o(i.GPIO_ETH_MediaInterfaceConfig), (12 bytes).
    Removing stm32f10x_gpio.o(i.GPIO_EXTILineConfig), (40 bytes).
    Removing stm32f10x_gpio.o(i.GPIO_EventOutputCmd), (12 bytes).
    Removing stm32f10x_gpio.o(i.GPIO_EventOutputConfig), (28 bytes).
    Removing stm32f10x_gpio.o(i.GPIO_PinLockConfig), (16 bytes).
    Removing stm32f10x_gpio.o(i.GPIO_PinRemapConfig), (88 bytes).
    Removing stm32f10x_gpio.o(i.GPIO_ReadInputData), (6 bytes).
    Removing stm32f10x_gpio.o(i.GPIO_ReadInputDataBit), (14 bytes).
    Removing stm32f10x_gpio.o(i.GPIO_ReadOutputData), (6 bytes).
    Removing stm32f10x_gpio.o(i.GPIO_ReadOutputDataBit), (14 bytes).
    Removing stm32f10x_gpio.o(i.GPIO_StructInit), (16 bytes).
    Removing stm32f10x_gpio.o(i.GPIO_Write), (4 bytes).
    Removing stm32f10x_gpio.o(i.GPIO_WriteBit), (10 bytes).
    Removing misc.o(i.NVIC_Init), (100 bytes).
    Removing misc.o(i.NVIC_PriorityGroupConfig), (20 bytes).
    Removing misc.o(i.NVIC_SetVectorTable), (20 bytes).
    Removing misc.o(i.NVIC_SystemLPConfig), (24 bytes).
    Removing misc.o(i.SysTick_CLKSourceConfig), (24 bytes).
    Removing stm32f10x_exti.o(i.EXTI_ClearFlag), (12 bytes).
    Removing stm32f10x_exti.o(i.EXTI_ClearITPendingBit), (12 bytes).
    Removing stm32f10x_exti.o(i.EXTI_DeInit), (36 bytes).
    Removing stm32f10x_exti.o(i.EXTI_GenerateSWInterrupt), (16 bytes).
    Removing stm32f10x_exti.o(i.EXTI_GetFlagStatus), (20 bytes).
    Removing stm32f10x_exti.o(i.EXTI_GetITStatus), (32 bytes).
    Removing stm32f10x_exti.o(i.EXTI_Init), (112 bytes).
    Removing stm32f10x_exti.o(i.EXTI_StructInit), (14 bytes).
    Removing stm32f10x_spi.o(i.I2S_Cmd), (20 bytes).
    Removing stm32f10x_spi.o(i.I2S_Init), (152 bytes).
    Removing stm32f10x_spi.o(i.I2S_StructInit), (18 bytes).
    Removing stm32f10x_spi.o(i.SPI_BiDirectionalLineConfig), (22 bytes).
    Removing stm32f10x_spi.o(i.SPI_CalculateCRC), (20 bytes).
    Removing stm32f10x_spi.o(i.SPI_DataSizeConfig), (16 bytes).
    Removing stm32f10x_spi.o(i.SPI_GetCRC), (12 bytes).
    Removing stm32f10x_spi.o(i.SPI_GetCRCPolynomial), (4 bytes).
    Removing stm32f10x_spi.o(i.SPI_I2S_ClearFlag), (6 bytes).
    Removing stm32f10x_spi.o(i.SPI_I2S_ClearITPendingBit), (14 bytes).
    Removing stm32f10x_spi.o(i.SPI_I2S_DMACmd), (16 bytes).
    Removing stm32f10x_spi.o(i.SPI_I2S_DeInit), (84 bytes).
    Removing stm32f10x_spi.o(i.SPI_I2S_GetITStatus), (42 bytes).
    Removing stm32f10x_spi.o(i.SPI_I2S_ITConfig), (24 bytes).
    Removing stm32f10x_spi.o(i.SPI_NSSInternalSoftwareConfig), (24 bytes).
    Removing stm32f10x_spi.o(i.SPI_SSOutputCmd), (20 bytes).
    Removing stm32f10x_spi.o(i.SPI_StructInit), (24 bytes).
    Removing stm32f10x_spi.o(i.SPI_TransmitCRC), (10 bytes).
    Removing stm32f10x_fsmc.o(i.FSMC_ClearFlag), (38 bytes).
    Removing stm32f10x_fsmc.o(i.FSMC_ClearITPendingBit), (44 bytes).
    Removing stm32f10x_fsmc.o(i.FSMC_GetECC), (18 bytes).
    Removing stm32f10x_fsmc.o(i.FSMC_GetFlagStatus), (40 bytes).
    Removing stm32f10x_fsmc.o(i.FSMC_GetITStatus), (48 bytes).
    Removing stm32f10x_fsmc.o(i.FSMC_ITConfig), (72 bytes).
    Removing stm32f10x_fsmc.o(i.FSMC_NANDCmd), (56 bytes).
    Removing stm32f10x_fsmc.o(i.FSMC_NANDDeInit), (40 bytes).
    Removing stm32f10x_fsmc.o(i.FSMC_NANDECCCmd), (56 bytes).
    Removing stm32f10x_fsmc.o(i.FSMC_NANDInit), (104 bytes).
    Removing stm32f10x_fsmc.o(i.FSMC_NANDStructInit), (54 bytes).
    Removing stm32f10x_fsmc.o(i.FSMC_NORSRAMCmd), (32 bytes).
    Removing stm32f10x_fsmc.o(i.FSMC_NORSRAMDeInit), (40 bytes).
    Removing stm32f10x_fsmc.o(i.FSMC_NORSRAMInit), (200 bytes).
    Removing stm32f10x_fsmc.o(i.FSMC_NORSRAMStructInit), (98 bytes).
    Removing stm32f10x_fsmc.o(i.FSMC_PCCARDCmd), (32 bytes).
    Removing stm32f10x_fsmc.o(i.FSMC_PCCARDDeInit), (26 bytes).
    Removing stm32f10x_fsmc.o(i.FSMC_PCCARDInit), (102 bytes).
    Removing stm32f10x_fsmc.o(i.FSMC_PCCARDStructInit), (60 bytes).
    Removing stm32f10x_usart.o(i.USART_ClearFlag), (6 bytes).
    Removing stm32f10x_usart.o(i.USART_ClearITPendingBit), (12 bytes).
    Removing stm32f10x_usart.o(i.USART_ClockInit), (30 bytes).
    Removing stm32f10x_usart.o(i.USART_ClockStructInit), (12 bytes).
    Removing stm32f10x_usart.o(i.USART_Cmd), (20 bytes).
    Removing stm32f10x_usart.o(i.USART_DMACmd), (16 bytes).
    Removing stm32f10x_usart.o(i.USART_DeInit), (116 bytes).
    Removing stm32f10x_usart.o(i.USART_GetFlagStatus), (14 bytes).
    Removing stm32f10x_usart.o(i.USART_GetITStatus), (62 bytes).
    Removing stm32f10x_usart.o(i.USART_HalfDuplexCmd), (20 bytes).
    Removing stm32f10x_usart.o(i.USART_ITConfig), (48 bytes).
    Removing stm32f10x_usart.o(i.USART_Init), (172 bytes).
    Removing stm32f10x_usart.o(i.USART_IrDACmd), (20 bytes).
    Removing stm32f10x_usart.o(i.USART_IrDAConfig), (16 bytes).
    Removing stm32f10x_usart.o(i.USART_LINBreakDetectLengthConfig), (16 bytes).
    Removing stm32f10x_usart.o(i.USART_LINCmd), (20 bytes).
    Removing stm32f10x_usart.o(i.USART_OneBitMethodCmd), (20 bytes).
    Removing stm32f10x_usart.o(i.USART_OverSampling8Cmd), (20 bytes).
    Removing stm32f10x_usart.o(i.USART_ReceiveData), (8 bytes).
    Removing stm32f10x_usart.o(i.USART_ReceiverWakeUpCmd), (20 bytes).
    Removing stm32f10x_usart.o(i.USART_SendBreak), (10 bytes).
    Removing stm32f10x_usart.o(i.USART_SendData), (8 bytes).
    Removing stm32f10x_usart.o(i.USART_SetAddress), (16 bytes).
    Removing stm32f10x_usart.o(i.USART_SetGuardTime), (16 bytes).
    Removing stm32f10x_usart.o(i.USART_SetPrescaler), (16 bytes).
    Removing stm32f10x_usart.o(i.USART_SmartCardCmd), (20 bytes).
    Removing stm32f10x_usart.o(i.USART_SmartCardNACKCmd), (20 bytes).
    Removing stm32f10x_usart.o(i.USART_StructInit), (22 bytes).
    Removing stm32f10x_usart.o(i.USART_WakeUpConfig), (16 bytes).
    Removing stm32f10x_sdio.o(i.SDIO_CEATAITCmd), (16 bytes).
    Removing stm32f10x_sdio.o(i.SDIO_ClearFlag), (12 bytes).
    Removing stm32f10x_sdio.o(i.SDIO_ClearITPendingBit), (12 bytes).
    Removing stm32f10x_sdio.o(i.SDIO_ClockCmd), (12 bytes).
    Removing stm32f10x_sdio.o(i.SDIO_CmdStructInit), (14 bytes).
    Removing stm32f10x_sdio.o(i.SDIO_CommandCompletionCmd), (12 bytes).
    Removing stm32f10x_sdio.o(i.SDIO_DMACmd), (12 bytes).
    Removing stm32f10x_sdio.o(i.SDIO_DataConfig), (44 bytes).
    Removing stm32f10x_sdio.o(i.SDIO_DataStructInit), (20 bytes).
    Removing stm32f10x_sdio.o(i.SDIO_DeInit), (36 bytes).
    Removing stm32f10x_sdio.o(i.SDIO_GetCommandResponse), (12 bytes).
    Removing stm32f10x_sdio.o(i.SDIO_GetDataCounter), (12 bytes).
    Removing stm32f10x_sdio.o(i.SDIO_GetFIFOCount), (12 bytes).
    Removing stm32f10x_sdio.o(i.SDIO_GetFlagStatus), (20 bytes).
    Removing stm32f10x_sdio.o(i.SDIO_GetITStatus), (20 bytes).
    Removing stm32f10x_sdio.o(i.SDIO_GetPowerState), (16 bytes).
    Removing stm32f10x_sdio.o(i.SDIO_GetResponse), (16 bytes).
    Removing stm32f10x_sdio.o(i.SDIO_ITConfig), (24 bytes).
    Removing stm32f10x_sdio.o(i.SDIO_Init), (44 bytes).
    Removing stm32f10x_sdio.o(i.SDIO_ReadData), (12 bytes).
    Removing stm32f10x_sdio.o(i.SDIO_SendCEATACmd), (12 bytes).
    Removing stm32f10x_sdio.o(i.SDIO_SendCommand), (40 bytes).
    Removing stm32f10x_sdio.o(i.SDIO_SendSDIOSuspendCmd), (12 bytes).
    Removing stm32f10x_sdio.o(i.SDIO_SetPowerState), (24 bytes).
    Removing stm32f10x_sdio.o(i.SDIO_SetSDIOOperation), (12 bytes).
    Removing stm32f10x_sdio.o(i.SDIO_SetSDIOReadWaitMode), (12 bytes).
    Removing stm32f10x_sdio.o(i.SDIO_StartSDIOReadWait), (12 bytes).
    Removing stm32f10x_sdio.o(i.SDIO_StopSDIOReadWait), (12 bytes).
    Removing stm32f10x_sdio.o(i.SDIO_StructInit), (16 bytes).
    Removing stm32f10x_sdio.o(i.SDIO_WriteData), (12 bytes).
    Removing stm32f10x_dma.o(i.DMA_ClearFlag), (24 bytes).
    Removing stm32f10x_dma.o(i.DMA_ClearITPendingBit), (24 bytes).
    Removing stm32f10x_dma.o(i.DMA_Cmd), (22 bytes).
    Removing stm32f10x_dma.o(i.DMA_DeInit), (228 bytes).
    Removing stm32f10x_dma.o(i.DMA_GetCurrDataCounter), (6 bytes).
    Removing stm32f10x_dma.o(i.DMA_GetFlagStatus), (32 bytes).
    Removing stm32f10x_dma.o(i.DMA_GetITStatus), (32 bytes).
    Removing stm32f10x_dma.o(i.DMA_ITConfig), (16 bytes).
    Removing stm32f10x_dma.o(i.DMA_Init), (58 bytes).
    Removing stm32f10x_dma.o(i.DMA_SetCurrDataCounter), (4 bytes).
    Removing stm32f10x_dma.o(i.DMA_StructInit), (26 bytes).
    Removing stm32f10x_i2c.o(i.I2C_ARPCmd), (20 bytes).
    Removing stm32f10x_i2c.o(i.I2C_AcknowledgeConfig), (20 bytes).
    Removing stm32f10x_i2c.o(i.I2C_CalculatePEC), (20 bytes).
    Removing stm32f10x_i2c.o(i.I2C_CheckEvent), (24 bytes).
    Removing stm32f10x_i2c.o(i.I2C_ClearFlag), (6 bytes).
    Removing stm32f10x_i2c.o(i.I2C_ClearITPendingBit), (6 bytes).
    Removing stm32f10x_i2c.o(i.I2C_Cmd), (20 bytes).
    Removing stm32f10x_i2c.o(i.I2C_DMACmd), (20 bytes).
    Removing stm32f10x_i2c.o(i.I2C_DMALastTransferCmd), (20 bytes).
    Removing stm32f10x_i2c.o(i.I2C_DeInit), (44 bytes).
    Removing stm32f10x_i2c.o(i.I2C_DualAddressCmd), (20 bytes).
    Removing stm32f10x_i2c.o(i.I2C_FastModeDutyCycleConfig), (22 bytes).
    Removing stm32f10x_i2c.o(i.I2C_GeneralCallCmd), (20 bytes).
    Removing stm32f10x_i2c.o(i.I2C_GenerateSTART), (20 bytes).
    Removing stm32f10x_i2c.o(i.I2C_GenerateSTOP), (20 bytes).
    Removing stm32f10x_i2c.o(i.I2C_GetFlagStatus), (42 bytes).
    Removing stm32f10x_i2c.o(i.I2C_GetITStatus), (36 bytes).
    Removing stm32f10x_i2c.o(i.I2C_GetLastEvent), (14 bytes).
    Removing stm32f10x_i2c.o(i.I2C_GetPEC), (6 bytes).
    Removing stm32f10x_i2c.o(i.I2C_ITConfig), (16 bytes).
    Removing stm32f10x_i2c.o(i.I2C_Init), (188 bytes).
    Removing stm32f10x_i2c.o(i.I2C_NACKPositionConfig), (22 bytes).
    Removing stm32f10x_i2c.o(i.I2C_OwnAddress2Config), (16 bytes).
    Removing stm32f10x_i2c.o(i.I2C_PECPositionConfig), (22 bytes).
    Removing stm32f10x_i2c.o(i.I2C_ReadRegister), (10 bytes).
    Removing stm32f10x_i2c.o(i.I2C_ReceiveData), (6 bytes).
    Removing stm32f10x_i2c.o(i.I2C_SMBusAlertConfig), (22 bytes).
    Removing stm32f10x_i2c.o(i.I2C_Send7bitAddress), (16 bytes).
    Removing stm32f10x_i2c.o(i.I2C_SendData), (4 bytes).
    Removing stm32f10x_i2c.o(i.I2C_SoftwareResetCmd), (20 bytes).
    Removing stm32f10x_i2c.o(i.I2C_StretchClockCmd), (20 bytes).
    Removing stm32f10x_i2c.o(i.I2C_StructInit), (28 bytes).
    Removing stm32f10x_i2c.o(i.I2C_TransmitPEC), (20 bytes).
    Removing stm32f10x_adc.o(i.ADC_AnalogWatchdogCmd), (16 bytes).
    Removing stm32f10x_adc.o(i.ADC_AnalogWatchdogSingleChannelConfig), (12 bytes).
    Removing stm32f10x_adc.o(i.ADC_AnalogWatchdogThresholdsConfig), (6 bytes).
    Removing stm32f10x_adc.o(i.ADC_AutoInjectedConvCmd), (20 bytes).
    Removing stm32f10x_adc.o(i.ADC_ClearFlag), (6 bytes).
    Removing stm32f10x_adc.o(i.ADC_ClearITPendingBit), (8 bytes).
    Removing stm32f10x_adc.o(i.ADC_Cmd), (20 bytes).
    Removing stm32f10x_adc.o(i.ADC_DMACmd), (20 bytes).
    Removing stm32f10x_adc.o(i.ADC_DeInit), (68 bytes).
    Removing stm32f10x_adc.o(i.ADC_DiscModeChannelCountConfig), (16 bytes).
    Removing stm32f10x_adc.o(i.ADC_DiscModeCmd), (20 bytes).
    Removing stm32f10x_adc.o(i.ADC_ExternalTrigConvCmd), (20 bytes).
    Removing stm32f10x_adc.o(i.ADC_ExternalTrigInjectedConvCmd), (20 bytes).
    Removing stm32f10x_adc.o(i.ADC_ExternalTrigInjectedConvConfig), (12 bytes).
    Removing stm32f10x_adc.o(i.ADC_GetCalibrationStatus), (14 bytes).
    Removing stm32f10x_adc.o(i.ADC_GetConversionValue), (6 bytes).
    Removing stm32f10x_adc.o(i.ADC_GetDualModeConversionValue), (12 bytes).
    Removing stm32f10x_adc.o(i.ADC_GetFlagStatus), (14 bytes).
    Removing stm32f10x_adc.o(i.ADC_GetITStatus), (28 bytes).
    Removing stm32f10x_adc.o(i.ADC_GetInjectedConversionValue), (14 bytes).
    Removing stm32f10x_adc.o(i.ADC_GetResetCalibrationStatus), (14 bytes).
    Removing stm32f10x_adc.o(i.ADC_GetSoftwareStartConvStatus), (14 bytes).
    Removing stm32f10x_adc.o(i.ADC_GetSoftwareStartInjectedConvCmdStatus), (14 bytes).
    Removing stm32f10x_adc.o(i.ADC_ITConfig), (18 bytes).
    Removing stm32f10x_adc.o(i.ADC_Init), (72 bytes).
    Removing stm32f10x_adc.o(i.ADC_InjectedChannelConfig), (74 bytes).
    Removing stm32f10x_adc.o(i.ADC_InjectedDiscModeCmd), (20 bytes).
    Removing stm32f10x_adc.o(i.ADC_InjectedSequencerLengthConfig), (16 bytes).
    Removing stm32f10x_adc.o(i.ADC_RegularChannelConfig), (116 bytes).
    Removing stm32f10x_adc.o(i.ADC_ResetCalibration), (10 bytes).
    Removing stm32f10x_adc.o(i.ADC_SetInjectedOffset), (10 bytes).
    Removing stm32f10x_adc.o(i.ADC_SoftwareStartConvCmd), (20 bytes).
    Removing stm32f10x_adc.o(i.ADC_SoftwareStartInjectedConvCmd), (20 bytes).
    Removing stm32f10x_adc.o(i.ADC_StartCalibration), (10 bytes).
    Removing stm32f10x_adc.o(i.ADC_StructInit), (18 bytes).
    Removing stm32f10x_adc.o(i.ADC_TempSensorVrefintCmd), (28 bytes).
    Removing stm32f10x_bkp.o(i.BKP_ClearFlag), (16 bytes).
    Removing stm32f10x_bkp.o(i.BKP_ClearITPendingBit), (16 bytes).
    Removing stm32f10x_bkp.o(i.BKP_DeInit), (18 bytes).
    Removing stm32f10x_bkp.o(i.BKP_GetFlagStatus), (12 bytes).
    Removing stm32f10x_bkp.o(i.BKP_GetITStatus), (12 bytes).
    Removing stm32f10x_bkp.o(i.BKP_ITConfig), (12 bytes).
    Removing stm32f10x_bkp.o(i.BKP_RTCOutputConfig), (20 bytes).
    Removing stm32f10x_bkp.o(i.BKP_ReadBackupRegister), (16 bytes).
    Removing stm32f10x_bkp.o(i.BKP_SetRTCCalibrationValue), (20 bytes).
    Removing stm32f10x_bkp.o(i.BKP_TamperPinCmd), (12 bytes).
    Removing stm32f10x_bkp.o(i.BKP_TamperPinLevelConfig), (12 bytes).
    Removing stm32f10x_bkp.o(i.BKP_WriteBackupRegister), (16 bytes).
    Removing stm32f10x_can.o(i.CAN_CancelTransmit), (36 bytes).
    Removing stm32f10x_can.o(i.CAN_ClearFlag), (48 bytes).
    Removing stm32f10x_can.o(i.CAN_ClearITPendingBit), (120 bytes).
    Removing stm32f10x_can.o(i.CAN_DBGFreeze), (20 bytes).
    Removing stm32f10x_can.o(i.CAN_DeInit), (44 bytes).
    Removing stm32f10x_can.o(i.CAN_FIFORelease), (22 bytes).
    Removing stm32f10x_can.o(i.CAN_FilterInit), (204 bytes).
    Removing stm32f10x_can.o(i.CAN_GetFlagStatus), (52 bytes).
    Removing stm32f10x_can.o(i.CAN_GetITStatus), (168 bytes).
    Removing stm32f10x_can.o(i.CAN_GetLSBTransmitErrorCounter), (8 bytes).
    Removing stm32f10x_can.o(i.CAN_GetLastErrorCode), (10 bytes).
    Removing stm32f10x_can.o(i.CAN_GetReceiveErrorCounter), (6 bytes).
    Removing stm32f10x_can.o(i.CAN_ITConfig), (16 bytes).
    Removing stm32f10x_can.o(i.CAN_Init), (232 bytes).
    Removing stm32f10x_can.o(i.CAN_MessagePending), (22 bytes).
    Removing stm32f10x_can.o(i.CAN_OperatingModeRequest), (140 bytes).
    Removing stm32f10x_can.o(i.CAN_Receive), (144 bytes).
    Removing stm32f10x_can.o(i.CAN_SlaveStartBank), (44 bytes).
    Removing stm32f10x_can.o(i.CAN_Sleep), (30 bytes).
    Removing stm32f10x_can.o(i.CAN_StructInit), (32 bytes).
    Removing stm32f10x_can.o(i.CAN_TTComModeCmd), (90 bytes).
    Removing stm32f10x_can.o(i.CAN_Transmit), (164 bytes).
    Removing stm32f10x_can.o(i.CAN_TransmitStatus), (108 bytes).
    Removing stm32f10x_can.o(i.CAN_WakeUp), (40 bytes).
    Removing stm32f10x_can.o(i.CheckITStatus), (12 bytes).
    Removing stm32f10x_cec.o(i.CEC_ClearFlag), (32 bytes).
    Removing stm32f10x_cec.o(i.CEC_ClearITPendingBit), (32 bytes).
    Removing stm32f10x_cec.o(i.CEC_Cmd), (28 bytes).
    Removing stm32f10x_cec.o(i.CEC_DeInit), (24 bytes).
    Removing stm32f10x_cec.o(i.CEC_EndOfMessageCmd), (12 bytes).
    Removing stm32f10x_cec.o(i.CEC_GetFlagStatus), (36 bytes).
    Removing stm32f10x_cec.o(i.CEC_GetITStatus), (36 bytes).
    Removing stm32f10x_cec.o(i.CEC_ITConfig), (12 bytes).
    Removing stm32f10x_cec.o(i.CEC_Init), (24 bytes).
    Removing stm32f10x_cec.o(i.CEC_OwnAddressConfig), (12 bytes).
    Removing stm32f10x_cec.o(i.CEC_ReceiveDataByte), (12 bytes).
    Removing stm32f10x_cec.o(i.CEC_SendDataByte), (12 bytes).
    Removing stm32f10x_cec.o(i.CEC_SetPrescaler), (12 bytes).
    Removing stm32f10x_cec.o(i.CEC_StartOfMessage), (16 bytes).
    Removing stm32f10x_crc.o(i.CRC_CalcBlockCRC), (28 bytes).
    Removing stm32f10x_crc.o(i.CRC_CalcCRC), (12 bytes).
    Removing stm32f10x_crc.o(i.CRC_GetCRC), (12 bytes).
    Removing stm32f10x_crc.o(i.CRC_GetIDRegister), (12 bytes).
    Removing stm32f10x_crc.o(i.CRC_ResetDR), (12 bytes).
    Removing stm32f10x_crc.o(i.CRC_SetIDRegister), (12 bytes).
    Removing stm32f10x_dac.o(i.DAC_ClearFlag), (12 bytes).
    Removing stm32f10x_dac.o(i.DAC_ClearITPendingBit), (12 bytes).
    Removing stm32f10x_dac.o(i.DAC_Cmd), (24 bytes).
    Removing stm32f10x_dac.o(i.DAC_DMACmd), (24 bytes).
    Removing stm32f10x_dac.o(i.DAC_DeInit), (24 bytes).
    Removing stm32f10x_dac.o(i.DAC_DualSoftwareTriggerCmd), (28 bytes).
    Removing stm32f10x_dac.o(i.DAC_GetDataOutputValue), (24 bytes).
    Removing stm32f10x_dac.o(i.DAC_GetFlagStatus), (24 bytes).
    Removing stm32f10x_dac.o(i.DAC_GetITStatus), (36 bytes).
    Removing stm32f10x_dac.o(i.DAC_ITConfig), (24 bytes).
    Removing stm32f10x_dac.o(i.DAC_Init), (40 bytes).
    Removing stm32f10x_dac.o(i.DAC_SetChannel1Data), (20 bytes).
    Removing stm32f10x_dac.o(i.DAC_SetChannel2Data), (20 bytes).
    Removing stm32f10x_dac.o(i.DAC_SetDualChannelData), (28 bytes).
    Removing stm32f10x_dac.o(i.DAC_SoftwareTriggerCmd), (28 bytes).
    Removing stm32f10x_dac.o(i.DAC_StructInit), (12 bytes).
    Removing stm32f10x_dac.o(i.DAC_WaveGenerationCmd), (24 bytes).
    Removing stm32f10x_dbgmcu.o(i.DBGMCU_Config), (24 bytes).
    Removing stm32f10x_dbgmcu.o(i.DBGMCU_GetDEVID), (16 bytes).
    Removing stm32f10x_dbgmcu.o(i.DBGMCU_GetREVID), (12 bytes).
    Removing stm32f10x_flash.o(i.FLASH_ClearFlag), (12 bytes).
    Removing stm32f10x_flash.o(i.FLASH_EnableWriteProtection), (172 bytes).
    Removing stm32f10x_flash.o(i.FLASH_EraseAllBank1Pages), (56 bytes).
    Removing stm32f10x_flash.o(i.FLASH_EraseAllPages), (56 bytes).
    Removing stm32f10x_flash.o(i.FLASH_EraseOptionBytes), (124 bytes).
    Removing stm32f10x_flash.o(i.FLASH_ErasePage), (60 bytes).
    Removing stm32f10x_flash.o(i.FLASH_GetBank1Status), (40 bytes).
    Removing stm32f10x_flash.o(i.FLASH_GetFlagStatus), (32 bytes).
    Removing stm32f10x_flash.o(i.FLASH_GetPrefetchBufferStatus), (20 bytes).
    Removing stm32f10x_flash.o(i.FLASH_GetReadOutProtectionStatus), (20 bytes).
    Removing stm32f10x_flash.o(i.FLASH_GetStatus), (40 bytes).
    Removing stm32f10x_flash.o(i.FLASH_GetUserOptionByte), (12 bytes).
    Removing stm32f10x_flash.o(i.FLASH_GetWriteProtectionOptionByte), (12 bytes).
    Removing stm32f10x_flash.o(i.FLASH_HalfCycleAccessCmd), (24 bytes).
    Removing stm32f10x_flash.o(i.FLASH_ITConfig), (24 bytes).
    Removing stm32f10x_flash.o(i.FLASH_Lock), (16 bytes).
    Removing stm32f10x_flash.o(i.FLASH_LockBank1), (16 bytes).
    Removing stm32f10x_flash.o(i.FLASH_PrefetchBufferCmd), (24 bytes).
    Removing stm32f10x_flash.o(i.FLASH_ProgramHalfWord), (52 bytes).
    Removing stm32f10x_flash.o(i.FLASH_ProgramOptionByteData), (76 bytes).
    Removing stm32f10x_flash.o(i.FLASH_ProgramWord), (80 bytes).
    Removing stm32f10x_flash.o(i.FLASH_ReadOutProtection), (136 bytes).
    Removing stm32f10x_flash.o(i.FLASH_SetLatency), (20 bytes).
    Removing stm32f10x_flash.o(i.FLASH_Unlock), (24 bytes).
    Removing stm32f10x_flash.o(i.FLASH_UnlockBank1), (24 bytes).
    Removing stm32f10x_flash.o(i.FLASH_UserOptionByteConfig), (96 bytes).
    Removing stm32f10x_flash.o(i.FLASH_WaitForLastBank1Operation), (36 bytes).
    Removing stm32f10x_flash.o(i.FLASH_WaitForLastOperation), (36 bytes).
    Removing stm32f10x_iwdg.o(i.IWDG_Enable), (16 bytes).
    Removing stm32f10x_iwdg.o(i.IWDG_GetFlagStatus), (20 bytes).
    Removing stm32f10x_iwdg.o(i.IWDG_ReloadCounter), (16 bytes).
    Removing stm32f10x_iwdg.o(i.IWDG_SetPrescaler), (12 bytes).
    Removing stm32f10x_iwdg.o(i.IWDG_SetReload), (12 bytes).
    Removing stm32f10x_iwdg.o(i.IWDG_WriteAccessCmd), (12 bytes).
    Removing stm32f10x_pwr.o(i.PWR_BackupAccessCmd), (12 bytes).
    Removing stm32f10x_pwr.o(i.PWR_ClearFlag), (16 bytes).
    Removing stm32f10x_pwr.o(i.PWR_DeInit), (24 bytes).
    Removing stm32f10x_pwr.o(i.PWR_EnterSTANDBYMode), (40 bytes).
    Removing stm32f10x_pwr.o(i.PWR_EnterSTOPMode), (52 bytes).
    Removing stm32f10x_pwr.o(i.PWR_GetFlagStatus), (20 bytes).
    Removing stm32f10x_pwr.o(i.PWR_PVDCmd), (12 bytes).
    Removing stm32f10x_pwr.o(i.PWR_PVDLevelConfig), (20 bytes).
    Removing stm32f10x_pwr.o(i.PWR_WakeUpPinCmd), (12 bytes).
    Removing stm32f10x_rtc.o(i.RTC_ClearFlag), (16 bytes).
    Removing stm32f10x_rtc.o(i.RTC_ClearITPendingBit), (16 bytes).
    Removing stm32f10x_rtc.o(i.RTC_EnterConfigMode), (16 bytes).
    Removing stm32f10x_rtc.o(i.RTC_ExitConfigMode), (16 bytes).
    Removing stm32f10x_rtc.o(i.RTC_GetCounter), (20 bytes).
    Removing stm32f10x_rtc.o(i.RTC_GetDivider), (24 bytes).
    Removing stm32f10x_rtc.o(i.RTC_GetFlagStatus), (20 bytes).
    Removing stm32f10x_rtc.o(i.RTC_GetITStatus), (32 bytes).
    Removing stm32f10x_rtc.o(i.RTC_ITConfig), (24 bytes).
    Removing stm32f10x_rtc.o(i.RTC_SetAlarm), (32 bytes).
    Removing stm32f10x_rtc.o(i.RTC_SetCounter), (32 bytes).
    Removing stm32f10x_rtc.o(i.RTC_SetPrescaler), (32 bytes).
    Removing stm32f10x_rtc.o(i.RTC_WaitForLastTask), (16 bytes).
    Removing stm32f10x_rtc.o(i.RTC_WaitForSynchro), (24 bytes).
    Removing stm32f10x_tim.o(i.TI1_Config), (108 bytes).
    Removing stm32f10x_tim.o(i.TI2_Config), (124 bytes).
    Removing stm32f10x_tim.o(i.TIM_ARRPreloadConfig), (20 bytes).
    Removing stm32f10x_tim.o(i.TIM_BDTRConfig), (34 bytes).
    Removing stm32f10x_tim.o(i.TIM_BDTRStructInit), (18 bytes).
    Removing stm32f10x_tim.o(i.TIM_CCPreloadControl), (20 bytes).
    Removing stm32f10x_tim.o(i.TIM_CCxCmd), (22 bytes).
    Removing stm32f10x_tim.o(i.TIM_CCxNCmd), (22 bytes).
    Removing stm32f10x_tim.o(i.TIM_ClearFlag), (6 bytes).
    Removing stm32f10x_tim.o(i.TIM_ClearITPendingBit), (6 bytes).
    Removing stm32f10x_tim.o(i.TIM_ClearOC1Ref), (12 bytes).
    Removing stm32f10x_tim.o(i.TIM_ClearOC2Ref), (20 bytes).
    Removing stm32f10x_tim.o(i.TIM_ClearOC3Ref), (12 bytes).
    Removing stm32f10x_tim.o(i.TIM_ClearOC4Ref), (20 bytes).
    Removing stm32f10x_tim.o(i.TIM_Cmd), (20 bytes).
    Removing stm32f10x_tim.o(i.TIM_CounterModeConfig), (12 bytes).
    Removing stm32f10x_tim.o(i.TIM_CtrlPWMOutputs), (22 bytes).
    Removing stm32f10x_tim.o(i.TIM_DMACmd), (16 bytes).
    Removing stm32f10x_tim.o(i.TIM_DMAConfig), (8 bytes).
    Removing stm32f10x_tim.o(i.TIM_DeInit), (368 bytes).
    Removing stm32f10x_tim.o(i.TIM_ETRClockMode1Config), (18 bytes).
    Removing stm32f10x_tim.o(i.TIM_ETRClockMode2Config), (18 bytes).
    Removing stm32f10x_tim.o(i.TIM_ETRConfig), (24 bytes).
    Removing stm32f10x_tim.o(i.TIM_EncoderInterfaceConfig), (50 bytes).
    Removing stm32f10x_tim.o(i.TIM_ForcedOC1Config), (12 bytes).
    Removing stm32f10x_tim.o(i.TIM_ForcedOC2Config), (20 bytes).
    Removing stm32f10x_tim.o(i.TIM_ForcedOC3Config), (12 bytes).
    Removing stm32f10x_tim.o(i.TIM_ForcedOC4Config), (20 bytes).
    Removing stm32f10x_tim.o(i.TIM_GenerateEvent), (4 bytes).
    Removing stm32f10x_tim.o(i.TIM_GetCapture1), (4 bytes).
    Removing stm32f10x_tim.o(i.TIM_GetCapture2), (4 bytes).
    Removing stm32f10x_tim.o(i.TIM_GetCapture3), (4 bytes).
    Removing stm32f10x_tim.o(i.TIM_GetCapture4), (6 bytes).
    Removing stm32f10x_tim.o(i.TIM_GetCounter), (4 bytes).
    Removing stm32f10x_tim.o(i.TIM_GetFlagStatus), (14 bytes).
    Removing stm32f10x_tim.o(i.TIM_GetITStatus), (24 bytes).
    Removing stm32f10x_tim.o(i.TIM_GetPrescaler), (4 bytes).
    Removing stm32f10x_tim.o(i.TIM_ICInit), (300 bytes).
    Removing stm32f10x_tim.o(i.TIM_ICStructInit), (16 bytes).
    Removing stm32f10x_tim.o(i.TIM_ITConfig), (16 bytes).
    Removing stm32f10x_tim.o(i.TIM_ITRxExternalClockConfig), (18 bytes).
    Removing stm32f10x_tim.o(i.TIM_InternalClockConfig), (10 bytes).
    Removing stm32f10x_tim.o(i.TIM_OC1FastConfig), (12 bytes).
    Removing stm32f10x_tim.o(i.TIM_OC1Init), (128 bytes).
    Removing stm32f10x_tim.o(i.TIM_OC1NPolarityConfig), (12 bytes).
    Removing stm32f10x_tim.o(i.TIM_OC1PolarityConfig), (12 bytes).
    Removing stm32f10x_tim.o(i.TIM_OC1PreloadConfig), (12 bytes).
    Removing stm32f10x_tim.o(i.TIM_OC2FastConfig), (20 bytes).
    Removing stm32f10x_tim.o(i.TIM_OC2Init), (128 bytes).
    Removing stm32f10x_tim.o(i.TIM_OC2NPolarityConfig), (20 bytes).
    Removing stm32f10x_tim.o(i.TIM_OC2PolarityConfig), (20 bytes).
    Removing stm32f10x_tim.o(i.TIM_OC2PreloadConfig), (20 bytes).
    Removing stm32f10x_tim.o(i.TIM_OC3FastConfig), (12 bytes).
    Removing stm32f10x_tim.o(i.TIM_OC3Init), (124 bytes).
    Removing stm32f10x_tim.o(i.TIM_OC3NPolarityConfig), (20 bytes).
    Removing stm32f10x_tim.o(i.TIM_OC3PolarityConfig), (20 bytes).
    Removing stm32f10x_tim.o(i.TIM_OC3PreloadConfig), (12 bytes).
    Removing stm32f10x_tim.o(i.TIM_OC4FastConfig), (20 bytes).
    Removing stm32f10x_tim.o(i.TIM_OC4Init), (100 bytes).
    Removing stm32f10x_tim.o(i.TIM_OC4PolarityConfig), (20 bytes).
    Removing stm32f10x_tim.o(i.TIM_OC4PreloadConfig), (20 bytes).
    Removing stm32f10x_tim.o(i.TIM_OCStructInit), (20 bytes).
    Removing stm32f10x_tim.o(i.TIM_PWMIConfig), (108 bytes).
    Removing stm32f10x_tim.o(i.TIM_PrescalerConfig), (6 bytes).
    Removing stm32f10x_tim.o(i.TIM_SelectCCDMA), (20 bytes).
    Removing stm32f10x_tim.o(i.TIM_SelectCOM), (20 bytes).
    Removing stm32f10x_tim.o(i.TIM_SelectHallSensor), (20 bytes).
    Removing stm32f10x_tim.o(i.TIM_SelectInputTrigger), (12 bytes).
    Removing stm32f10x_tim.o(i.TIM_SelectMasterSlaveMode), (16 bytes).
    Removing stm32f10x_tim.o(i.TIM_SelectOCxM), (70 bytes).
    Removing stm32f10x_tim.o(i.TIM_SelectOnePulseMode), (16 bytes).
    Removing stm32f10x_tim.o(i.TIM_SelectOutputTrigger), (16 bytes).
    Removing stm32f10x_tim.o(i.TIM_SelectSlaveMode), (16 bytes).
    Removing stm32f10x_tim.o(i.TIM_SetAutoreload), (4 bytes).
    Removing stm32f10x_tim.o(i.TIM_SetClockDivision), (16 bytes).
    Removing stm32f10x_tim.o(i.TIM_SetCompare1), (4 bytes).
    Removing stm32f10x_tim.o(i.TIM_SetCompare2), (4 bytes).
    Removing stm32f10x_tim.o(i.TIM_SetCompare3), (4 bytes).
    Removing stm32f10x_tim.o(i.TIM_SetCompare4), (6 bytes).
    Removing stm32f10x_tim.o(i.TIM_SetCounter), (4 bytes).
    Removing stm32f10x_tim.o(i.TIM_SetIC1Prescaler), (16 bytes).
    Removing stm32f10x_tim.o(i.TIM_SetIC2Prescaler), (24 bytes).
    Removing stm32f10x_tim.o(i.TIM_SetIC3Prescaler), (16 bytes).
    Removing stm32f10x_tim.o(i.TIM_SetIC4Prescaler), (24 bytes).
    Removing stm32f10x_tim.o(i.TIM_TIxExternalClockConfig), (46 bytes).
    Removing stm32f10x_tim.o(i.TIM_TimeBaseInit), (156 bytes).
    Removing stm32f10x_tim.o(i.TIM_TimeBaseStructInit), (18 bytes).
    Removing stm32f10x_tim.o(i.TIM_UpdateDisableConfig), (20 bytes).
    Removing stm32f10x_tim.o(i.TIM_UpdateRequestConfig), (20 bytes).
    Removing stm32f10x_wwdg.o(i.WWDG_ClearFlag), (12 bytes).
    Removing stm32f10x_wwdg.o(i.WWDG_DeInit), (24 bytes).
    Removing stm32f10x_wwdg.o(i.WWDG_Enable), (16 bytes).
    Removing stm32f10x_wwdg.o(i.WWDG_EnableIT), (16 bytes).
    Removing stm32f10x_wwdg.o(i.WWDG_GetFlagStatus), (12 bytes).
    Removing stm32f10x_wwdg.o(i.WWDG_SetCounter), (16 bytes).
    Removing stm32f10x_wwdg.o(i.WWDG_SetPrescaler), (20 bytes).
    Removing stm32f10x_wwdg.o(i.WWDG_SetWindowValue), (28 bytes).
    Removing core_cm3.o(.emb_text), (32 bytes).
    Removing system_stm32f10x.o(i.SystemCoreClockUpdate), (108 bytes).
    Removing system_stm32f10x.o(.data), (20 bytes).
    Removing stm32_eval.o(i.LM75_LowLevel_DeInit), (88 bytes).
    Removing stm32_eval.o(i.LM75_LowLevel_Init), (88 bytes).
    Removing stm32_eval.o(i.SD_LowLevel_DeInit), (124 bytes).
    Removing stm32_eval.o(i.SD_LowLevel_Init), (208 bytes).
    Removing stm32_eval.o(i.STM_EVAL_COMInit), (164 bytes).
    Removing stm32_eval.o(i.STM_EVAL_LEDOff), (24 bytes).
    Removing stm32_eval.o(i.STM_EVAL_LEDToggle), (28 bytes).
    Removing stm32_eval.o(i.STM_EVAL_PBGetState), (24 bytes).
    Removing stm32_eval.o(i.STM_EVAL_PBInit), (156 bytes).
    Removing stm32_eval.o(i.sEE_LowLevel_DMAConfig), (44 bytes).
    Removing stm32_eval.o(i.sEE_LowLevel_DeInit), (160 bytes).
    Removing stm32_eval.o(i.sEE_LowLevel_Init), (228 bytes).
    Removing stm32_eval.o(i.sFLASH_LowLevel_DeInit), (104 bytes).
    Removing stm32_eval.o(.bss), (44 bytes).
    Removing stm32_eval_spi_sd.o(i.SD_DeInit), (4 bytes).
    Removing stm32_eval_spi_sd.o(i.SD_Detect), (36 bytes).
    Removing stm32_eval_spi_sd.o(i.SD_GetCIDRegister), (260 bytes).
    Removing stm32_eval_spi_sd.o(i.SD_GetCSDRegister), (424 bytes).
    Removing stm32_eval_spi_sd.o(i.SD_GetCardInfo), (44 bytes).
    Removing stm32_eval_spi_sd.o(i.SD_GetDataResponse), (50 bytes).
    Removing stm32_eval_spi_sd.o(i.SD_GetResponse), (36 bytes).
    Removing stm32_eval_spi_sd.o(i.SD_GetStatus), (60 bytes).
    Removing stm32_eval_spi_sd.o(i.SD_GoIdleState), (100 bytes).
    Removing stm32_eval_spi_sd.o(i.SD_Init), (40 bytes).
    Removing stm32_eval_spi_sd.o(i.SD_ReadBlock), (104 bytes).
    Removing stm32_eval_spi_sd.o(i.SD_ReadByte), (52 bytes).
    Removing stm32_eval_spi_sd.o(i.SD_ReadMultiBlocks), (132 bytes).
    Removing stm32_eval_spi_sd.o(i.SD_SendCmd), (54 bytes).
    Removing stm32_eval_spi_sd.o(i.SD_WriteBlock), (116 bytes).
    Removing stm32_eval_spi_sd.o(i.SD_WriteByte), (52 bytes).
    Removing stm32_eval_spi_sd.o(i.SD_WriteMultiBlocks), (140 bytes).
    Removing stm32_eval_i2c_tsensor.o(i.LM75_DMA_Config), (100 bytes).
    Removing stm32_eval_i2c_tsensor.o(i.LM75_DeInit), (4 bytes).
    Removing stm32_eval_i2c_tsensor.o(i.LM75_GetStatus), (136 bytes).
    Removing stm32_eval_i2c_tsensor.o(i.LM75_Init), (88 bytes).
    Removing stm32_eval_i2c_tsensor.o(i.LM75_ReadConfReg), (380 bytes).
    Removing stm32_eval_i2c_tsensor.o(i.LM75_ReadReg), (392 bytes).
    Removing stm32_eval_i2c_tsensor.o(i.LM75_ReadTemp), (392 bytes).
    Removing stm32_eval_i2c_tsensor.o(i.LM75_ShutDown), (720 bytes).
    Removing stm32_eval_i2c_tsensor.o(i.LM75_WriteConfReg), (316 bytes).
    Removing stm32_eval_i2c_tsensor.o(i.LM75_WriteReg), (328 bytes).
    Removing stm32_eval_i2c_tsensor.o(.data), (4 bytes).
    Removing stm32_eval_spi_flash.o(i.sFLASH_DeInit), (4 bytes).
    Removing stm32_eval_spi_flash.o(i.sFLASH_EraseBulk), (44 bytes).
    Removing stm32_eval_spi_flash.o(i.sFLASH_ReadByte), (6 bytes).
    Removing stm32_eval_spi_flash.o(i.sFLASH_SendHalfWord), (52 bytes).
    Removing stm32_eval_spi_flash.o(i.sFLASH_StartReadSequence), (48 bytes).
    Removing stm32100e_eval_lcd.o(i.LCD_Clear), (38 bytes).
    Removing stm32100e_eval_lcd.o(i.LCD_ClearLine), (48 bytes).
    Removing stm32100e_eval_lcd.o(i.LCD_ClosedPolyLine), (34 bytes).
    Removing stm32100e_eval_lcd.o(i.LCD_ClosedPolyLineRelative), (6 bytes).
    Removing stm32100e_eval_lcd.o(i.LCD_CtrlLinesConfig), (112 bytes).
    Removing stm32100e_eval_lcd.o(i.LCD_DeInit), (108 bytes).
    Removing stm32100e_eval_lcd.o(i.LCD_DisplayChar), (32 bytes).
    Removing stm32100e_eval_lcd.o(i.LCD_DisplayOff), (8 bytes).
    Removing stm32100e_eval_lcd.o(i.LCD_DisplayOn), (10 bytes).
    Removing stm32100e_eval_lcd.o(i.LCD_DisplayStringLine), (56 bytes).
    Removing stm32100e_eval_lcd.o(i.LCD_DrawChar), (124 bytes).
    Removing stm32100e_eval_lcd.o(i.LCD_DrawCircle), (264 bytes).
    Removing stm32100e_eval_lcd.o(i.LCD_DrawFullCircle), (196 bytes).
    Removing stm32100e_eval_lcd.o(i.LCD_DrawFullRect), (152 bytes).
    Removing stm32100e_eval_lcd.o(i.LCD_DrawLine), (92 bytes).
    Removing stm32100e_eval_lcd.o(i.LCD_DrawMonoPict), (76 bytes).
    Removing stm32100e_eval_lcd.o(i.LCD_DrawRect), (64 bytes).
    Removing stm32100e_eval_lcd.o(i.LCD_DrawUniLine), (188 bytes).
    Removing stm32100e_eval_lcd.o(i.LCD_FSMCConfig), (80 bytes).
    Removing stm32100e_eval_lcd.o(i.LCD_FillPolyLine), (484 bytes).
    Removing stm32100e_eval_lcd.o(i.LCD_GetColors), (16 bytes).
    Removing stm32100e_eval_lcd.o(i.LCD_GetFont), (12 bytes).
    Removing stm32100e_eval_lcd.o(i.LCD_PolyLine), (42 bytes).
    Removing stm32100e_eval_lcd.o(i.LCD_PolyLineRelative), (6 bytes).
    Removing stm32100e_eval_lcd.o(i.LCD_PolyLineRelativeClosed), (98 bytes).
    Removing stm32100e_eval_lcd.o(i.LCD_PowerOn), (120 bytes).
    Removing stm32100e_eval_lcd.o(i.LCD_ReadRAM), (12 bytes).
    Removing stm32100e_eval_lcd.o(i.LCD_ReadReg), (10 bytes).
    Removing stm32100e_eval_lcd.o(i.LCD_SetBackColor), (16 bytes).
    Removing stm32100e_eval_lcd.o(i.LCD_SetColors), (24 bytes).
    Removing stm32100e_eval_lcd.o(i.LCD_SetCursor), (24 bytes).
    Removing stm32100e_eval_lcd.o(i.LCD_SetDisplayWindow), (74 bytes).
    Removing stm32100e_eval_lcd.o(i.LCD_SetFont), (12 bytes).
    Removing stm32100e_eval_lcd.o(i.LCD_SetTextColor), (16 bytes).
    Removing stm32100e_eval_lcd.o(i.LCD_WindowModeDisable), (30 bytes).
    Removing stm32100e_eval_lcd.o(i.LCD_WriteBMP), (74 bytes).
    Removing stm32100e_eval_lcd.o(i.LCD_WriteRAM), (8 bytes).
    Removing stm32100e_eval_lcd.o(i.LCD_WriteRAM_Prepare), (10 bytes).
    Removing stm32100e_eval_lcd.o(i.LCD_WriteReg), (10 bytes).
    Removing stm32100e_eval_lcd.o(i.PutPixel), (28 bytes).
    Removing stm32100e_eval_lcd.o(i.STM32100E_LCD_Init), (1584 bytes).
    Removing stm32100e_eval_lcd.o(i.delay), (24 bytes).
    Removing stm32100e_eval_lcd.o(.constdata), (4560 bytes).
    Removing stm32100e_eval_lcd.o(.constdata), (2304 bytes).
    Removing stm32100e_eval_lcd.o(.constdata), (2304 bytes).
    Removing stm32100e_eval_lcd.o(.constdata), (1536 bytes).
    Removing stm32100e_eval_lcd.o(.data), (16 bytes).
    Removing stm32100e_eval_lcd.o(.data), (8 bytes).
    Removing stm32100e_eval_lcd.o(.data), (8 bytes).
    Removing stm32100e_eval_lcd.o(.data), (8 bytes).
    Removing stm32100e_eval_ioe.o(i.I2C_ReadDataBuffer), (380 bytes).
    Removing stm32100e_eval_ioe.o(i.I2C_ReadDeviceRegister), (360 bytes).
    Removing stm32100e_eval_ioe.o(i.I2C_WriteDeviceRegister), (292 bytes).
    Removing stm32100e_eval_ioe.o(i.IOE_ClearGITPending), (14 bytes).
    Removing stm32100e_eval_ioe.o(i.IOE_ClearIOITPending), (48 bytes).
    Removing stm32100e_eval_ioe.o(i.IOE_Config), (100 bytes).
    Removing stm32100e_eval_ioe.o(i.IOE_DMA_Config), (100 bytes).
    Removing stm32100e_eval_ioe.o(i.IOE_FnctCmd), (36 bytes).
    Removing stm32100e_eval_ioe.o(i.IOE_GITCmd), (32 bytes).
    Removing stm32100e_eval_ioe.o(i.IOE_GITConfig), (36 bytes).
    Removing stm32100e_eval_ioe.o(i.IOE_GPIO_Config), (116 bytes).
    Removing stm32100e_eval_ioe.o(i.IOE_GetGITStatus), (32 bytes).
    Removing stm32100e_eval_ioe.o(i.IOE_GetIOITStatus), (18 bytes).
    Removing stm32100e_eval_ioe.o(i.IOE_IOAFConfig), (36 bytes).
    Removing stm32100e_eval_ioe.o(i.IOE_IOEdgeConfig), (74 bytes).
    Removing stm32100e_eval_ioe.o(i.IOE_IOITConfig), (36 bytes).
    Removing stm32100e_eval_ioe.o(i.IOE_IOPinConfig), (36 bytes).
    Removing stm32100e_eval_ioe.o(i.IOE_ITConfig), (144 bytes).
    Removing stm32100e_eval_ioe.o(i.IOE_ITOutConfig), (38 bytes).
    Removing stm32100e_eval_ioe.o(i.IOE_IsOperational), (36 bytes).
    Removing stm32100e_eval_ioe.o(i.IOE_ReadID), (30 bytes).
    Removing stm32100e_eval_ioe.o(i.IOE_ReadIOPin), (30 bytes).
    Removing stm32100e_eval_ioe.o(i.IOE_Reset), (32 bytes).
    Removing stm32100e_eval_ioe.o(i.IOE_TS_Config), (188 bytes).
    Removing stm32100e_eval_ioe.o(i.IOE_TS_GetState), (176 bytes).
    Removing stm32100e_eval_ioe.o(i.IOE_TempSens_Config), (68 bytes).
    Removing stm32100e_eval_ioe.o(i.IOE_TempSens_GetData), (80 bytes).
    Removing stm32100e_eval_ioe.o(i.IOE_WriteIOPin), (30 bytes).
    Removing stm32100e_eval_ioe.o(i.delay), (28 bytes).
    Removing stm32100e_eval_ioe.o(.data), (24 bytes).
    Removing stm32100e_eval_cec.o(i.HDMI_CEC_CheckConnectedDevices), (1104 bytes).
    Removing stm32100e_eval_cec.o(i.HDMI_CEC_CommandCallBack), (684 bytes).
    Removing stm32100e_eval_cec.o(i.HDMI_CEC_GetErrorStatus), (116 bytes).
    Removing stm32100e_eval_cec.o(i.HDMI_CEC_Init), (164 bytes).
    Removing stm32100e_eval_cec.o(i.HDMI_CEC_ProcessIRQSrc), (260 bytes).
    Removing stm32100e_eval_cec.o(i.HDMI_CEC_ReportPhysicalAddress), (64 bytes).
    Removing stm32100e_eval_cec.o(i.HDMI_CEC_TransmitMessage), (212 bytes).
    Removing stm32100e_eval_cec.o(i.LogicalAddressAllocation), (1122 bytes).
    Removing stm32100e_eval_cec.o(.bss), (135 bytes).
    Removing stm32100e_eval_cec.o(.bss), (18 bytes).
    Removing stm32100e_eval_cec.o(.conststring), (318 bytes).
    Removing stm32100e_eval_cec.o(.data), (152 bytes).
    Removing stm32100e_eval_fsmc_onenand.o(i.OneNAND_AsynchronousRead), (104 bytes).
    Removing stm32100e_eval_fsmc_onenand.o(i.OneNAND_EraseBlock), (56 bytes).
    Removing stm32100e_eval_fsmc_onenand.o(i.OneNAND_Init), (276 bytes).
    Removing stm32100e_eval_fsmc_onenand.o(i.OneNAND_ReadControllerStatus), (24 bytes).
    Removing stm32100e_eval_fsmc_onenand.o(i.OneNAND_ReadID), (40 bytes).
    Removing stm32100e_eval_fsmc_onenand.o(i.OneNAND_ReadStatus), (24 bytes).
    Removing stm32100e_eval_fsmc_onenand.o(i.OneNAND_Reset), (10 bytes).
    Removing stm32100e_eval_fsmc_onenand.o(i.OneNAND_SynchronousRead), (100 bytes).
    Removing stm32100e_eval_fsmc_onenand.o(i.OneNAND_UnlockBlock), (44 bytes).
    Removing stm32100e_eval_fsmc_onenand.o(i.OneNAND_WriteBuffer), (100 bytes).
    Removing stm32100e_eval_fsmc_sram.o(i.SRAM_Init), (240 bytes).
    Removing stm32100e_eval_fsmc_sram.o(i.SRAM_ReadBuffer), (22 bytes).
    Removing stm32100e_eval_fsmc_sram.o(i.SRAM_WriteBuffer), (26 bytes).
    Removing startup_stm32f10x_hd_vl.o(HEAP), (512 bytes).
    Removing dflti.o(.text), (34 bytes).
    Removing dfltui.o(.text), (26 bytes).
    Removing cdcmple.o(.text), (48 bytes).
    Removing cdrcmple.o(.text), (48 bytes).
    Removing depilogue.o(.text), (186 bytes).

629 unused section(s) (total 45271 bytes) removed from the image.

==============================================================================

Image Symbol Table

    Local Symbols

    Symbol Name                              Value     Ov Type        Size  Object(Section)

    ../clib/microlib/init/entry.s            0x00000000   Number         0  entry7a.o ABSOLUTE
    ../clib/microlib/init/entry.s            0x00000000   Number         0  entry9a.o ABSOLUTE
    ../clib/microlib/init/entry.s            0x00000000   Number         0  entry8b.o ABSOLUTE
    ../clib/microlib/init/entry.s            0x00000000   Number         0  entry8a.o ABSOLUTE
    ../clib/microlib/init/entry.s            0x00000000   Number         0  entry7b.o ABSOLUTE
    ../clib/microlib/init/entry.s            0x00000000   Number         0  entry2.o ABSOLUTE
    ../clib/microlib/init/entry.s            0x00000000   Number         0  entry11b.o ABSOLUTE
    ../clib/microlib/init/entry.s            0x00000000   Number         0  entry.o ABSOLUTE
    ../clib/microlib/init/entry.s            0x00000000   Number         0  entry5.o ABSOLUTE
    ../clib/microlib/init/entry.s            0x00000000   Number         0  entry10b.o ABSOLUTE
    ../clib/microlib/init/entry.s            0x00000000   Number         0  entry10a.o ABSOLUTE
    ../clib/microlib/init/entry.s            0x00000000   Number         0  entry9b.o ABSOLUTE
    ../clib/microlib/init/entry.s            0x00000000   Number         0  entry11a.o ABSOLUTE
    ../clib/microlib/longlong.c              0x00000000   Number         0  llushr.o ABSOLUTE
    ../clib/microlib/longlong.c              0x00000000   Number         0  llshl.o ABSOLUTE
    ../clib/microlib/stubs.s                 0x00000000   Number         0  iusefp.o ABSOLUTE
    ../fplib/microlib/fpepilogue.c           0x00000000   Number         0  depilogue.o ABSOLUTE
    ../fplib/microlib/fpflt.c                0x00000000   Number         0  dflti.o ABSOLUTE
    ../fplib/microlib/fpflt.c                0x00000000   Number         0  dfltui.o ABSOLUTE
    ..\..\..\Libraries\CMSIS\CM3\CoreSupport\core_cm3.c 0x00000000   Number         0  core_cm3.o ABSOLUTE
    ..\..\..\Libraries\CMSIS\CM3\DeviceSupport\ST\STM32F10x\startup\arm\startup_stm32f10x_hd_vl.s 0x00000000   Number         0  startup_stm32f10x_hd_vl.o ABSOLUTE
    ..\..\..\Libraries\STM32F10x_StdPeriph_Driver\src\misc.c 0x00000000   Number         0  misc.o ABSOLUTE
    ..\..\..\Libraries\STM32F10x_StdPeriph_Driver\src\stm32f10x_adc.c 0x00000000   Number         0  stm32f10x_adc.o ABSOLUTE
    ..\..\..\Libraries\STM32F10x_StdPeriph_Driver\src\stm32f10x_bkp.c 0x00000000   Number         0  stm32f10x_bkp.o ABSOLUTE
    ..\..\..\Libraries\STM32F10x_StdPeriph_Driver\src\stm32f10x_can.c 0x00000000   Number         0  stm32f10x_can.o ABSOLUTE
    ..\..\..\Libraries\STM32F10x_StdPeriph_Driver\src\stm32f10x_cec.c 0x00000000   Number         0  stm32f10x_cec.o ABSOLUTE
    ..\..\..\Libraries\STM32F10x_StdPeriph_Driver\src\stm32f10x_crc.c 0x00000000   Number         0  stm32f10x_crc.o ABSOLUTE
    ..\..\..\Libraries\STM32F10x_StdPeriph_Driver\src\stm32f10x_dac.c 0x00000000   Number         0  stm32f10x_dac.o ABSOLUTE
    ..\..\..\Libraries\STM32F10x_StdPeriph_Driver\src\stm32f10x_dbgmcu.c 0x00000000   Number         0  stm32f10x_dbgmcu.o ABSOLUTE
    ..\..\..\Libraries\STM32F10x_StdPeriph_Driver\src\stm32f10x_dma.c 0x00000000   Number         0  stm32f10x_dma.o ABSOLUTE
    ..\..\..\Libraries\STM32F10x_StdPeriph_Driver\src\stm32f10x_exti.c 0x00000000   Number         0  stm32f10x_exti.o ABSOLUTE
    ..\..\..\Libraries\STM32F10x_StdPeriph_Driver\src\stm32f10x_flash.c 0x00000000   Number         0  stm32f10x_flash.o ABSOLUTE
    ..\..\..\Libraries\STM32F10x_StdPeriph_Driver\src\stm32f10x_fsmc.c 0x00000000   Number         0  stm32f10x_fsmc.o ABSOLUTE
    ..\..\..\Libraries\STM32F10x_StdPeriph_Driver\src\stm32f10x_gpio.c 0x00000000   Number         0  stm32f10x_gpio.o ABSOLUTE
    ..\..\..\Libraries\STM32F10x_StdPeriph_Driver\src\stm32f10x_i2c.c 0x00000000   Number         0  stm32f10x_i2c.o ABSOLUTE
    ..\..\..\Libraries\STM32F10x_StdPeriph_Driver\src\stm32f10x_iwdg.c 0x00000000   Number         0  stm32f10x_iwdg.o ABSOLUTE
    ..\..\..\Libraries\STM32F10x_StdPeriph_Driver\src\stm32f10x_pwr.c 0x00000000   Number         0  stm32f10x_pwr.o ABSOLUTE
    ..\..\..\Libraries\STM32F10x_StdPeriph_Driver\src\stm32f10x_rcc.c 0x00000000   Number         0  stm32f10x_rcc.o ABSOLUTE
    ..\..\..\Libraries\STM32F10x_StdPeriph_Driver\src\stm32f10x_rtc.c 0x00000000   Number         0  stm32f10x_rtc.o ABSOLUTE
    ..\..\..\Libraries\STM32F10x_StdPeriph_Driver\src\stm32f10x_sdio.c 0x00000000   Number         0  stm32f10x_sdio.o ABSOLUTE
    ..\..\..\Libraries\STM32F10x_StdPeriph_Driver\src\stm32f10x_spi.c 0x00000000   Number         0  stm32f10x_spi.o ABSOLUTE
    ..\..\..\Libraries\STM32F10x_StdPeriph_Driver\src\stm32f10x_tim.c 0x00000000   Number         0  stm32f10x_tim.o ABSOLUTE
    ..\..\..\Libraries\STM32F10x_StdPeriph_Driver\src\stm32f10x_usart.c 0x00000000   Number         0  stm32f10x_usart.o ABSOLUTE
    ..\..\..\Libraries\STM32F10x_StdPeriph_Driver\src\stm32f10x_wwdg.c 0x00000000   Number         0  stm32f10x_wwdg.o ABSOLUTE
    ..\..\..\Utilities\STM32_EVAL\Common\stm32_eval_i2c_tsensor.c 0x00000000   Number         0  stm32_eval_i2c_tsensor.o ABSOLUTE
    ..\..\..\Utilities\STM32_EVAL\Common\stm32_eval_spi_flash.c 0x00000000   Number         0  stm32_eval_spi_flash.o ABSOLUTE
    ..\..\..\Utilities\STM32_EVAL\Common\stm32_eval_spi_sd.c 0x00000000   Number         0  stm32_eval_spi_sd.o ABSOLUTE
    ..\..\..\Utilities\STM32_EVAL\STM32100E_EVAL\stm32100e_eval_cec.c 0x00000000   Number         0  stm32100e_eval_cec.o ABSOLUTE
    ..\..\..\Utilities\STM32_EVAL\STM32100E_EVAL\stm32100e_eval_fsmc_onenand.c 0x00000000   Number         0  stm32100e_eval_fsmc_onenand.o ABSOLUTE
    ..\..\..\Utilities\STM32_EVAL\STM32100E_EVAL\stm32100e_eval_fsmc_sram.c 0x00000000   Number         0  stm32100e_eval_fsmc_sram.o ABSOLUTE
    ..\..\..\Utilities\STM32_EVAL\STM32100E_EVAL\stm32100e_eval_ioe.c 0x00000000   Number         0  stm32100e_eval_ioe.o ABSOLUTE
    ..\..\..\Utilities\STM32_EVAL\STM32100E_EVAL\stm32100e_eval_lcd.c 0x00000000   Number         0  stm32100e_eval_lcd.o ABSOLUTE
    ..\..\..\Utilities\STM32_EVAL\stm32_eval.c 0x00000000   Number         0  stm32_eval.o ABSOLUTE
    ..\\..\\..\\Libraries\\CMSIS\\CM3\\CoreSupport\\core_cm3.c 0x00000000   Number         0  core_cm3.o ABSOLUTE
    ..\main.c                                0x00000000   Number         0  main.o ABSOLUTE
    ..\stm32f10x_it.c                        0x00000000   Number         0  stm32f10x_it.o ABSOLUTE
    ..\system_stm32f10x.c                    0x00000000   Number         0  system_stm32f10x.o ABSOLUTE
    cdcmple.s                                0x00000000   Number         0  cdcmple.o ABSOLUTE
    cdrcmple.s                               0x00000000   Number         0  cdrcmple.o ABSOLUTE
    dc.s                                     0x00000000   Number         0  dc.o ABSOLUTE
    handlers.s                               0x00000000   Number         0  handlers.o ABSOLUTE
    init.s                                   0x00000000   Number         0  init.o ABSOLUTE
    RESET                                    0x08000000   Section      308  startup_stm32f10x_hd_vl.o(RESET)
    .ARM.Collect$$$$00000000                 0x08000134   Section        0  entry.o(.ARM.Collect$$$$00000000)
    .ARM.Collect$$$$00000001                 0x08000134   Section        4  entry2.o(.ARM.Collect$$$$00000001)
    .ARM.Collect$$$$00000004                 0x08000138   Section        4  entry5.o(.ARM.Collect$$$$00000004)
    .ARM.Collect$$$$00000008                 0x0800013c   Section        0  entry7b.o(.ARM.Collect$$$$00000008)
    .ARM.Collect$$$$0000000A                 0x0800013c   Section        0  entry8b.o(.ARM.Collect$$$$0000000A)
    .ARM.Collect$$$$0000000B                 0x0800013c   Section        8  entry9a.o(.ARM.Collect$$$$0000000B)
    .ARM.Collect$$$$0000000D                 0x08000144   Section        0  entry10a.o(.ARM.Collect$$$$0000000D)
    .ARM.Collect$$$$0000000F                 0x08000144   Section        0  entry11a.o(.ARM.Collect$$$$0000000F)
    .ARM.Collect$$$$00002712                 0x08000144   Section        4  entry2.o(.ARM.Collect$$$$00002712)
    __lit__00000000                          0x08000144   Data           4  entry2.o(.ARM.Collect$$$$00002712)
    .text                                    0x08000148   Section       36  startup_stm32f10x_hd_vl.o(.text)
    .text                                    0x0800016c   Section       36  init.o(.text)
    i.Buffercmp                              0x08000190   Section        0  main.o(i.Buffercmp)
    i.BusFault_Handler                       0x080001ae   Section        0  stm32f10x_it.o(i.BusFault_Handler)
    i.DebugMon_Handler                       0x080001b0   Section        0  stm32f10x_it.o(i.DebugMon_Handler)
    i.GPIO_Init                              0x080001b4   Section        0  stm32f10x_gpio.o(i.GPIO_Init)
    i.GPIO_ResetBits                         0x08000256   Section        0  stm32f10x_gpio.o(i.GPIO_ResetBits)
    i.GPIO_SetBits                           0x0800025a   Section        0  stm32f10x_gpio.o(i.GPIO_SetBits)
    i.HardFault_Handler                      0x0800025e   Section        0  stm32f10x_it.o(i.HardFault_Handler)
    i.MemManage_Handler                      0x08000260   Section        0  stm32f10x_it.o(i.MemManage_Handler)
    i.NMI_Handler                            0x08000262   Section        0  stm32f10x_it.o(i.NMI_Handler)
    i.PendSV_Handler                         0x08000264   Section        0  stm32f10x_it.o(i.PendSV_Handler)
    i.RCC_APB2PeriphClockCmd                 0x08000268   Section        0  stm32f10x_rcc.o(i.RCC_APB2PeriphClockCmd)
    i.SPI_Cmd                                0x08000280   Section        0  stm32f10x_spi.o(i.SPI_Cmd)
    i.SPI_I2S_GetFlagStatus                  0x08000294   Section        0  stm32f10x_spi.o(i.SPI_I2S_GetFlagStatus)
    i.SPI_I2S_ReceiveData                    0x080002a2   Section        0  stm32f10x_spi.o(i.SPI_I2S_ReceiveData)
    i.SPI_I2S_SendData                       0x080002a6   Section        0  stm32f10x_spi.o(i.SPI_I2S_SendData)
    i.SPI_Init                               0x080002aa   Section        0  stm32f10x_spi.o(i.SPI_Init)
    i.STM_EVAL_LEDInit                       0x080002e4   Section        0  stm32_eval.o(i.STM_EVAL_LEDInit)
    i.STM_EVAL_LEDOn                         0x08000324   Section        0  stm32_eval.o(i.STM_EVAL_LEDOn)
    i.SVC_Handler                            0x0800033c   Section        0  stm32f10x_it.o(i.SVC_Handler)
    i.SetSysClockTo24                        0x08000340   Section        0  system_stm32f10x.o(i.SetSysClockTo24)
    SetSysClockTo24                          0x08000341   Thumb Code   130  system_stm32f10x.o(i.SetSysClockTo24)
    i.SysTick_Handler                        0x080003c8   Section        0  stm32f10x_it.o(i.SysTick_Handler)
    i.SystemInit                             0x080003cc   Section        0  system_stm32f10x.o(i.SystemInit)
    i.UsageFault_Handler                     0x08000420   Section        0  stm32f10x_it.o(i.UsageFault_Handler)
    i.__scatterload_copy                     0x08000422   Section       14  handlers.o(i.__scatterload_copy)
    i.__scatterload_null                     0x08000430   Section        2  handlers.o(i.__scatterload_null)
    i.__scatterload_zeroinit                 0x08000432   Section       14  handlers.o(i.__scatterload_zeroinit)
    i.main                                   0x08000440   Section        0  main.o(i.main)
    i.sFLASH_EraseSector                     0x080004d8   Section        0  stm32_eval_spi_flash.o(i.sFLASH_EraseSector)
    i.sFLASH_Init                            0x0800051c   Section        0  stm32_eval_spi_flash.o(i.sFLASH_Init)
    i.sFLASH_LowLevel_Init                   0x0800057c   Section        0  stm32_eval.o(i.sFLASH_LowLevel_Init)
    i.sFLASH_ReadBuffer                      0x080005e8   Section        0  stm32_eval_spi_flash.o(i.sFLASH_ReadBuffer)
    i.sFLASH_ReadID                          0x0800063c   Section        0  stm32_eval_spi_flash.o(i.sFLASH_ReadID)
    i.sFLASH_SendByte                        0x08000680   Section        0  stm32_eval_spi_flash.o(i.sFLASH_SendByte)
    i.sFLASH_WaitForWriteEnd                 0x080006b4   Section        0  stm32_eval_spi_flash.o(i.sFLASH_WaitForWriteEnd)
    i.sFLASH_WriteBuffer                     0x080006e0   Section        0  stm32_eval_spi_flash.o(i.sFLASH_WriteBuffer)
    i.sFLASH_WriteEnable                     0x0800079c   Section        0  stm32_eval_spi_flash.o(i.sFLASH_WriteEnable)
    i.sFLASH_WritePage                       0x080007c0   Section        0  stm32_eval_spi_flash.o(i.sFLASH_WritePage)
    .constdata                               0x08000818   Section      168  stm32_eval.o(.constdata)
    .data                                    0x20000000   Section       85  main.o(.data)
    .data                                    0x20000058   Section       72  stm32_eval.o(.data)
    .bss                                     0x200000a0   Section       76  main.o(.bss)
    STACK                                    0x200000f0   Section     1024  startup_stm32f10x_hd_vl.o(STACK)

    Global Symbols

    Symbol Name                              Value     Ov Type        Size  Object(Section)

    BuildAttributes$$THM_ISAv4$P$D$K$B$S$PE$A:L22UL41UL21$X:L11$S22US41US21$IEEE1$IW$USESV6$~STKCKD$USESV7$~SHL$OSPACE$ROPI$EBA8$MICROLIB$REQ8$PRES8$EABIv2 0x00000000   Number         0  anon$$obj.o ABSOLUTE
    __ARM_use_no_argv                        0x00000000   Number         0  main.o ABSOLUTE
    __cpp_initialize__aeabi_                  - Undefined Weak Reference
    __cxa_finalize                            - Undefined Weak Reference
    __decompress                              - Undefined Weak Reference
    _clock_init                               - Undefined Weak Reference
    _microlib_exit                            - Undefined Weak Reference
    __Vectors_Size                           0x00000134   Number         0  startup_stm32f10x_hd_vl.o ABSOLUTE
    __Vectors                                0x08000000   Data           4  startup_stm32f10x_hd_vl.o(RESET)
    __Vectors_End                            0x08000134   Data           0  startup_stm32f10x_hd_vl.o(RESET)
    __main                                   0x08000135   Thumb Code     0  entry.o(.ARM.Collect$$$$00000000)
    _main_stk                                0x08000135   Thumb Code     0  entry2.o(.ARM.Collect$$$$00000001)
    _main_scatterload                        0x08000139   Thumb Code     0  entry5.o(.ARM.Collect$$$$00000004)
    __main_after_scatterload                 0x0800013d   Thumb Code     0  entry5.o(.ARM.Collect$$$$00000004)
    _main_clock                              0x0800013d   Thumb Code     0  entry7b.o(.ARM.Collect$$$$00000008)
    _main_cpp_init                           0x0800013d   Thumb Code     0  entry8b.o(.ARM.Collect$$$$0000000A)
    _main_init                               0x0800013d   Thumb Code     0  entry9a.o(.ARM.Collect$$$$0000000B)
    __rt_final_cpp                           0x08000145   Thumb Code     0  entry10a.o(.ARM.Collect$$$$0000000D)
    __rt_final_exit                          0x08000145   Thumb Code     0  entry11a.o(.ARM.Collect$$$$0000000F)
    Reset_Handler                            0x08000149   Thumb Code     8  startup_stm32f10x_hd_vl.o(.text)
    ADC1_IRQHandler                          0x08000163   Thumb Code     0  startup_stm32f10x_hd_vl.o(.text)
    CEC_IRQHandler                           0x08000163   Thumb Code     0  startup_stm32f10x_hd_vl.o(.text)
    DMA1_Channel1_IRQHandler                 0x08000163   Thumb Code     0  startup_stm32f10x_hd_vl.o(.text)
    DMA1_Channel2_IRQHandler                 0x08000163   Thumb Code     0  startup_stm32f10x_hd_vl.o(.text)
    DMA1_Channel3_IRQHandler                 0x08000163   Thumb Code     0  startup_stm32f10x_hd_vl.o(.text)
    DMA1_Channel4_IRQHandler                 0x08000163   Thumb Code     0  startup_stm32f10x_hd_vl.o(.text)
    DMA1_Channel5_IRQHandler                 0x08000163   Thumb Code     0  startup_stm32f10x_hd_vl.o(.text)
    DMA1_Channel6_IRQHandler                 0x08000163   Thumb Code     0  startup_stm32f10x_hd_vl.o(.text)
    DMA1_Channel7_IRQHandler                 0x08000163   Thumb Code     0  startup_stm32f10x_hd_vl.o(.text)
    DMA2_Channel1_IRQHandler                 0x08000163   Thumb Code     0  startup_stm32f10x_hd_vl.o(.text)
    DMA2_Channel2_IRQHandler                 0x08000163   Thumb Code     0  startup_stm32f10x_hd_vl.o(.text)
    DMA2_Channel3_IRQHandler                 0x08000163   Thumb Code     0  startup_stm32f10x_hd_vl.o(.text)
    DMA2_Channel4_5_IRQHandler               0x08000163   Thumb Code     0  startup_stm32f10x_hd_vl.o(.text)
    DMA2_Channel5_IRQHandler                 0x08000163   Thumb Code     0  startup_stm32f10x_hd_vl.o(.text)
    EXTI0_IRQHandler                         0x08000163   Thumb Code     0  startup_stm32f10x_hd_vl.o(.text)
    EXTI15_10_IRQHandler                     0x08000163   Thumb Code     0  startup_stm32f10x_hd_vl.o(.text)
    EXTI1_IRQHandler                         0x08000163   Thumb Code     0  startup_stm32f10x_hd_vl.o(.text)
    EXTI2_IRQHandler                         0x08000163   Thumb Code     0  startup_stm32f10x_hd_vl.o(.text)
    EXTI3_IRQHandler                         0x08000163   Thumb Code     0  startup_stm32f10x_hd_vl.o(.text)
    EXTI4_IRQHandler                         0x08000163   Thumb Code     0  startup_stm32f10x_hd_vl.o(.text)
    EXTI9_5_IRQHandler                       0x08000163   Thumb Code     0  startup_stm32f10x_hd_vl.o(.text)
    FLASH_IRQHandler                         0x08000163   Thumb Code     0  startup_stm32f10x_hd_vl.o(.text)
    I2C1_ER_IRQHandler                       0x08000163   Thumb Code     0  startup_stm32f10x_hd_vl.o(.text)
    I2C1_EV_IRQHandler                       0x08000163   Thumb Code     0  startup_stm32f10x_hd_vl.o(.text)
    I2C2_ER_IRQHandler                       0x08000163   Thumb Code     0  startup_stm32f10x_hd_vl.o(.text)
    I2C2_EV_IRQHandler                       0x08000163   Thumb Code     0  startup_stm32f10x_hd_vl.o(.text)
    PVD_IRQHandler                           0x08000163   Thumb Code     0  startup_stm32f10x_hd_vl.o(.text)
    RCC_IRQHandler                           0x08000163   Thumb Code     0  startup_stm32f10x_hd_vl.o(.text)
    RTCAlarm_IRQHandler                      0x08000163   Thumb Code     0  startup_stm32f10x_hd_vl.o(.text)
    RTC_IRQHandler                           0x08000163   Thumb Code     0  startup_stm32f10x_hd_vl.o(.text)
    SPI1_IRQHandler                          0x08000163   Thumb Code     0  startup_stm32f10x_hd_vl.o(.text)
    SPI2_IRQHandler                          0x08000163   Thumb Code     0  startup_stm32f10x_hd_vl.o(.text)
    SPI3_IRQHandler                          0x08000163   Thumb Code     0  startup_stm32f10x_hd_vl.o(.text)
    TAMPER_IRQHandler                        0x08000163   Thumb Code     0  startup_stm32f10x_hd_vl.o(.text)
    TIM12_IRQHandler                         0x08000163   Thumb Code     0  startup_stm32f10x_hd_vl.o(.text)
    TIM13_IRQHandler                         0x08000163   Thumb Code     0  startup_stm32f10x_hd_vl.o(.text)
    TIM14_IRQHandler                         0x08000163   Thumb Code     0  startup_stm32f10x_hd_vl.o(.text)
    TIM1_BRK_TIM15_IRQHandler                0x08000163   Thumb Code     0  startup_stm32f10x_hd_vl.o(.text)
    TIM1_CC_IRQHandler                       0x08000163   Thumb Code     0  startup_stm32f10x_hd_vl.o(.text)
    TIM1_TRG_COM_TIM17_IRQHandler            0x08000163   Thumb Code     0  startup_stm32f10x_hd_vl.o(.text)
    TIM1_UP_TIM16_IRQHandler                 0x08000163   Thumb Code     0  startup_stm32f10x_hd_vl.o(.text)
    TIM2_IRQHandler                          0x08000163   Thumb Code     0  startup_stm32f10x_hd_vl.o(.text)
    TIM3_IRQHandler                          0x08000163   Thumb Code     0  startup_stm32f10x_hd_vl.o(.text)
    TIM4_IRQHandler                          0x08000163   Thumb Code     0  startup_stm32f10x_hd_vl.o(.text)
    TIM5_IRQHandler                          0x08000163   Thumb Code     0  startup_stm32f10x_hd_vl.o(.text)
    TIM6_DAC_IRQHandler                      0x08000163   Thumb Code     0  startup_stm32f10x_hd_vl.o(.text)
    TIM7_IRQHandler                          0x08000163   Thumb Code     0  startup_stm32f10x_hd_vl.o(.text)
    UART4_IRQHandler                         0x08000163   Thumb Code     0  startup_stm32f10x_hd_vl.o(.text)
    UART5_IRQHandler                         0x08000163   Thumb Code     0  startup_stm32f10x_hd_vl.o(.text)
    USART1_IRQHandler                        0x08000163   Thumb Code     0  startup_stm32f10x_hd_vl.o(.text)
    USART2_IRQHandler                        0x08000163   Thumb Code     0  startup_stm32f10x_hd_vl.o(.text)
    USART3_IRQHandler                        0x08000163   Thumb Code     0  startup_stm32f10x_hd_vl.o(.text)
    WWDG_IRQHandler                          0x08000163   Thumb Code     0  startup_stm32f10x_hd_vl.o(.text)
    __scatterload                            0x0800016d   Thumb Code    28  init.o(.text)
    __scatterload_rt2                        0x0800016d   Thumb Code     0  init.o(.text)
    Buffercmp                                0x08000191   Thumb Code    30  main.o(i.Buffercmp)
    BusFault_Handler                         0x080001af   Thumb Code     2  stm32f10x_it.o(i.BusFault_Handler)
    DebugMon_Handler                         0x080001b1   Thumb Code     2  stm32f10x_it.o(i.DebugMon_Handler)
    GPIO_Init                                0x080001b5   Thumb Code   162  stm32f10x_gpio.o(i.GPIO_Init)
    GPIO_ResetBits                           0x08000257   Thumb Code     4  stm32f10x_gpio.o(i.GPIO_ResetBits)
    GPIO_SetBits                             0x0800025b   Thumb Code     4  stm32f10x_gpio.o(i.GPIO_SetBits)
    HardFault_Handler                        0x0800025f   Thumb Code     2  stm32f10x_it.o(i.HardFault_Handler)
    MemManage_Handler                        0x08000261   Thumb Code     2  stm32f10x_it.o(i.MemManage_Handler)
    NMI_Handler                              0x08000263   Thumb Code     2  stm32f10x_it.o(i.NMI_Handler)
    PendSV_Handler                           0x08000265   Thumb Code     2  stm32f10x_it.o(i.PendSV_Handler)
    RCC_APB2PeriphClockCmd                   0x08000269   Thumb Code    18  stm32f10x_rcc.o(i.RCC_APB2PeriphClockCmd)
    SPI_Cmd                                  0x08000281   Thumb Code    20  stm32f10x_spi.o(i.SPI_Cmd)
    SPI_I2S_GetFlagStatus                    0x08000295   Thumb Code    14  stm32f10x_spi.o(i.SPI_I2S_GetFlagStatus)
    SPI_I2S_ReceiveData                      0x080002a3   Thumb Code     4  stm32f10x_spi.o(i.SPI_I2S_ReceiveData)
    SPI_I2S_SendData                         0x080002a7   Thumb Code     4  stm32f10x_spi.o(i.SPI_I2S_SendData)
    SPI_Init                                 0x080002ab   Thumb Code    56  stm32f10x_spi.o(i.SPI_Init)
    STM_EVAL_LEDInit                         0x080002e5   Thumb Code    54  stm32_eval.o(i.STM_EVAL_LEDInit)
    STM_EVAL_LEDOn                           0x08000325   Thumb Code    16  stm32_eval.o(i.STM_EVAL_LEDOn)
    SVC_Handler                              0x0800033d   Thumb Code     2  stm32f10x_it.o(i.SVC_Handler)
    SysTick_Handler                          0x080003c9   Thumb Code     2  stm32f10x_it.o(i.SysTick_Handler)
    SystemInit                               0x080003cd   Thumb Code    68  system_stm32f10x.o(i.SystemInit)
    UsageFault_Handler                       0x08000421   Thumb Code     2  stm32f10x_it.o(i.UsageFault_Handler)
    __scatterload_copy                       0x08000423   Thumb Code    14  handlers.o(i.__scatterload_copy)
    __scatterload_null                       0x08000431   Thumb Code     2  handlers.o(i.__scatterload_null)
    __scatterload_zeroinit                   0x08000433   Thumb Code    14  handlers.o(i.__scatterload_zeroinit)
    main                                     0x08000441   Thumb Code   140  main.o(i.main)
    sFLASH_EraseSector                       0x080004d9   Thumb Code    62  stm32_eval_spi_flash.o(i.sFLASH_EraseSector)
    sFLASH_Init                              0x0800051d   Thumb Code    88  stm32_eval_spi_flash.o(i.sFLASH_Init)
    sFLASH_LowLevel_Init                     0x0800057d   Thumb Code   100  stm32_eval.o(i.sFLASH_LowLevel_Init)
    sFLASH_ReadBuffer                        0x080005e9   Thumb Code    78  stm32_eval_spi_flash.o(i.sFLASH_ReadBuffer)
    sFLASH_ReadID                            0x0800063d   Thumb Code    64  stm32_eval_spi_flash.o(i.sFLASH_ReadID)
    sFLASH_SendByte                          0x08000681   Thumb Code    48  stm32_eval_spi_flash.o(i.sFLASH_SendByte)
    sFLASH_WaitForWriteEnd                   0x080006b5   Thumb Code    40  stm32_eval_spi_flash.o(i.sFLASH_WaitForWriteEnd)
    sFLASH_WriteBuffer                       0x080006e1   Thumb Code   188  stm32_eval_spi_flash.o(i.sFLASH_WriteBuffer)
    sFLASH_WriteEnable                       0x0800079d   Thumb Code    30  stm32_eval_spi_flash.o(i.sFLASH_WriteEnable)
    sFLASH_WritePage                         0x080007c1   Thumb Code    84  stm32_eval_spi_flash.o(i.sFLASH_WritePage)
    COM_TX_PIN                               0x08000818   Data           4  stm32_eval.o(.constdata)
    COM_RX_PIN                               0x0800081c   Data           4  stm32_eval.o(.constdata)
    GPIO_PIN                                 0x08000820   Data           8  stm32_eval.o(.constdata)
    COM_USART_CLK                            0x08000828   Data           8  stm32_eval.o(.constdata)
    COM_TX_PORT_CLK                          0x08000830   Data           8  stm32_eval.o(.constdata)
    COM_RX_PORT_CLK                          0x08000838   Data           8  stm32_eval.o(.constdata)
    GPIO_CLK                                 0x08000840   Data          16  stm32_eval.o(.constdata)
    BUTTON_PIN                               0x08000850   Data          16  stm32_eval.o(.constdata)
    BUTTON_CLK                               0x08000860   Data          32  stm32_eval.o(.constdata)
    BUTTON_EXTI_LINE                         0x08000880   Data          16  stm32_eval.o(.constdata)
    BUTTON_PORT_SOURCE                       0x08000890   Data          16  stm32_eval.o(.constdata)
    BUTTON_PIN_SOURCE                        0x080008a0   Data          16  stm32_eval.o(.constdata)
    BUTTON_IRQn                              0x080008b0   Data          16  stm32_eval.o(.constdata)
    Region$$Table$$Base                      0x080008c0   Number         0  anon$$obj.o(Region$$Table)
    Region$$Table$$Limit                     0x080008e0   Number         0  anon$$obj.o(Region$$Table)
    Index                                    0x20000000   Data           1  main.o(.data)
    TransferStatus1                          0x20000001   Data           1  main.o(.data)
    TransferStatus2                          0x20000002   Data           1  main.o(.data)
    FlashID                                  0x20000004   Data           4  main.o(.data)
    Tx_Buffer                                0x20000008   Data          77  main.o(.data)
    COM_USART                                0x20000058   Data           8  stm32_eval.o(.data)
    COM_TX_PORT                              0x20000060   Data           8  stm32_eval.o(.data)
    COM_RX_PORT                              0x20000068   Data           8  stm32_eval.o(.data)
    GPIO_PORT                                0x20000070   Data          16  stm32_eval.o(.data)
    BUTTON_PORT                              0x20000080   Data          32  stm32_eval.o(.data)
    Rx_Buffer                                0x200000a0   Data          76  main.o(.bss)
    __initial_sp                             0x200004f0   Data           0  startup_stm32f10x_hd_vl.o(STACK)



==============================================================================

Memory Map of the image

  Image Entry point : 0x08000135

  Load Region LR_IROM1 (Base: 0x08000000, Size: 0x00000980, Max: 0x00080000, ABSOLUTE)

    Execution Region ER_IROM1 (Exec base: 0x08000000, Load base: 0x08000000, Size: 0x000008e0, Max: 0x00080000, ABSOLUTE)

    Exec Addr    Load Addr    Size         Type   Attr      Idx    E Section Name        Object

    0x08000000   0x08000000   0x00000134   Data   RO         4328    RESET               startup_stm32f10x_hd_vl.o
    0x08000134   0x08000134   0x00000000   Code   RO         4333  * .ARM.Collect$$$$00000000  mc_w.l(entry.o)
    0x08000134   0x08000134   0x00000004   Code   RO         4344    .ARM.Collect$$$$00000001  mc_w.l(entry2.o)
    0x08000138   0x08000138   0x00000004   Code   RO         4347    .ARM.Collect$$$$00000004  mc_w.l(entry5.o)
    0x0800013c   0x0800013c   0x00000000   Code   RO         4349    .ARM.Collect$$$$00000008  mc_w.l(entry7b.o)
    0x0800013c   0x0800013c   0x00000000   Code   RO         4351    .ARM.Collect$$$$0000000A  mc_w.l(entry8b.o)
    0x0800013c   0x0800013c   0x00000008   Code   RO         4352    .ARM.Collect$$$$0000000B  mc_w.l(entry9a.o)
    0x08000144   0x08000144   0x00000000   Code   RO         4354    .ARM.Collect$$$$0000000D  mc_w.l(entry10a.o)
    0x08000144   0x08000144   0x00000000   Code   RO         4356    .ARM.Collect$$$$0000000F  mc_w.l(entry11a.o)
    0x08000144   0x08000144   0x00000004   Code   RO         4345    .ARM.Collect$$$$00002712  mc_w.l(entry2.o)
    0x08000148   0x08000148   0x00000024   Code   RO         4329    .text               startup_stm32f10x_hd_vl.o
    0x0800016c   0x0800016c   0x00000024   Code   RO         4361    .text               mc_w.l(init.o)
    0x08000190   0x08000190   0x0000001e   Code   RO          152    i.Buffercmp         main.o
    0x080001ae   0x080001ae   0x00000002   Code   RO            1    i.BusFault_Handler  stm32f10x_it.o
    0x080001b0   0x080001b0   0x00000002   Code   RO            2    i.DebugMon_Handler  stm32f10x_it.o
    0x080001b2   0x080001b2   0x00000002   PAD
    0x080001b4   0x080001b4   0x000000a2   Code   RO          483    i.GPIO_Init         stm32f10x_gpio.o
    0x08000256   0x08000256   0x00000004   Code   RO          490    i.GPIO_ResetBits    stm32f10x_gpio.o
    0x0800025a   0x0800025a   0x00000004   Code   RO          491    i.GPIO_SetBits      stm32f10x_gpio.o
    0x0800025e   0x0800025e   0x00000002   Code   RO            3    i.HardFault_Handler  stm32f10x_it.o
    0x08000260   0x08000260   0x00000002   Code   RO            4    i.MemManage_Handler  stm32f10x_it.o
    0x08000262   0x08000262   0x00000002   Code   RO            5    i.NMI_Handler       stm32f10x_it.o
    0x08000264   0x08000264   0x00000002   Code   RO            6    i.PendSV_Handler    stm32f10x_it.o
    0x08000266   0x08000266   0x00000002   PAD
    0x08000268   0x08000268   0x00000018   Code   RO          206    i.RCC_APB2PeriphClockCmd  stm32f10x_rcc.o
    0x08000280   0x08000280   0x00000014   Code   RO          698    i.SPI_Cmd           stm32f10x_spi.o
    0x08000294   0x08000294   0x0000000e   Code   RO          706    i.SPI_I2S_GetFlagStatus  stm32f10x_spi.o
    0x080002a2   0x080002a2   0x00000004   Code   RO          709    i.SPI_I2S_ReceiveData  stm32f10x_spi.o
    0x080002a6   0x080002a6   0x00000004   Code   RO          710    i.SPI_I2S_SendData  stm32f10x_spi.o
    0x080002aa   0x080002aa   0x00000038   Code   RO          711    i.SPI_Init          stm32f10x_spi.o
    0x080002e2   0x080002e2   0x00000002   PAD
    0x080002e4   0x080002e4   0x00000040   Code   RO         3349    i.STM_EVAL_LEDInit  stm32_eval.o
    0x08000324   0x08000324   0x00000018   Code   RO         3351    i.STM_EVAL_LEDOn    stm32_eval.o
    0x0800033c   0x0800033c   0x00000002   Code   RO            7    i.SVC_Handler       stm32f10x_it.o
    0x0800033e   0x0800033e   0x00000002   PAD
    0x08000340   0x08000340   0x00000088   Code   RO         3315    i.SetSysClockTo24   system_stm32f10x.o
    0x080003c8   0x080003c8   0x00000002   Code   RO            8    i.SysTick_Handler   stm32f10x_it.o
    0x080003ca   0x080003ca   0x00000002   PAD
    0x080003cc   0x080003cc   0x00000054   Code   RO         3317    i.SystemInit        system_stm32f10x.o
    0x08000420   0x08000420   0x00000002   Code   RO            9    i.UsageFault_Handler  stm32f10x_it.o
    0x08000422   0x08000422   0x0000000e   Code   RO         4369    i.__scatterload_copy  mc_w.l(handlers.o)
    0x08000430   0x08000430   0x00000002   Code   RO         4370    i.__scatterload_null  mc_w.l(handlers.o)
    0x08000432   0x08000432   0x0000000e   Code   RO         4371    i.__scatterload_zeroinit  mc_w.l(handlers.o)
    0x08000440   0x08000440   0x00000098   Code   RO          153    i.main              main.o
    0x080004d8   0x080004d8   0x00000044   Code   RO         3638    i.sFLASH_EraseSector  stm32_eval_spi_flash.o
    0x0800051c   0x0800051c   0x00000060   Code   RO         3639    i.sFLASH_Init       stm32_eval_spi_flash.o
    0x0800057c   0x0800057c   0x0000006c   Code   RO         3359    i.sFLASH_LowLevel_Init  stm32_eval.o
    0x080005e8   0x080005e8   0x00000054   Code   RO         3640    i.sFLASH_ReadBuffer  stm32_eval_spi_flash.o
    0x0800063c   0x0800063c   0x00000044   Code   RO         3642    i.sFLASH_ReadID     stm32_eval_spi_flash.o
    0x08000680   0x08000680   0x00000034   Code   RO         3643    i.sFLASH_SendByte   stm32_eval_spi_flash.o
    0x080006b4   0x080006b4   0x0000002c   Code   RO         3646    i.sFLASH_WaitForWriteEnd  stm32_eval_spi_flash.o
    0x080006e0   0x080006e0   0x000000bc   Code   RO         3647    i.sFLASH_WriteBuffer  stm32_eval_spi_flash.o
    0x0800079c   0x0800079c   0x00000024   Code   RO         3648    i.sFLASH_WriteEnable  stm32_eval_spi_flash.o
    0x080007c0   0x080007c0   0x00000058   Code   RO         3649    i.sFLASH_WritePage  stm32_eval_spi_flash.o
    0x08000818   0x08000818   0x000000a8   Data   RO         3361    .constdata          stm32_eval.o
    0x080008c0   0x080008c0   0x00000020   Data   RO         4367    Region$$Table       anon$$obj.o


    Execution Region RW_IRAM1 (Exec base: 0x20000000, Load base: 0x080008e0, Size: 0x000004f0, Max: 0x00008000, ABSOLUTE)

    Exec Addr    Load Addr    Size         Type   Attr      Idx    E Section Name        Object

    0x20000000   0x080008e0   0x00000055   Data   RW          155    .data               main.o
    0x20000055   0x08000935   0x00000003   PAD
    0x20000058   0x08000938   0x00000048   Data   RW         3362    .data               stm32_eval.o
    0x200000a0        -       0x0000004c   Zero   RW          154    .bss                main.o
    0x200000ec   0x08000980   0x00000004   PAD
    0x200000f0        -       0x00000400   Zero   RW         4326    STACK               startup_stm32f10x_hd_vl.o


==============================================================================

Image component sizes


      Code (inc. data)   RO Data    RW Data    ZI Data      Debug   Object Name

         0          0          0          0          0         32   core_cm3.o
       182         12          0         85         76     211315   main.o
        36          8        308          0       1024        952   startup_stm32f10x_hd_vl.o
       196         26        168         72          0       3676   stm32_eval.o
       724         42          0          0          0       7033   stm32_eval_spi_flash.o
       170          0          0          0          0      11896   stm32f10x_gpio.o
        18          0          0          0          0      40290   stm32f10x_it.o
        24          6          0          0          0        677   stm32f10x_rcc.o
        98          0          0          0          0      11542   stm32f10x_spi.o
       220         22          0          0          0       1657   system_stm32f10x.o

    ----------------------------------------------------------------------
      1678        116        508        160       1104     289070   Object Totals
         0          0         32          0          0          0   (incl. Generated)
        10          0          0          3          4          0   (incl. Padding)

    ----------------------------------------------------------------------

      Code (inc. data)   RO Data    RW Data    ZI Data      Debug   Library Member Name

         0          0          0          0          0          0   entry.o
         0          0          0          0          0          0   entry10a.o
         0          0          0          0          0          0   entry11a.o
         8          4          0          0          0          0   entry2.o
         4          0          0          0          0          0   entry5.o
         0          0          0          0          0          0   entry7b.o
         0          0          0          0          0          0   entry8b.o
         8          4          0          0          0          0   entry9a.o
        30          0          0          0          0          0   handlers.o
        36          8          0          0          0         68   init.o

    ----------------------------------------------------------------------
        86         16          0          0          0         68   Library Totals
         0          0          0          0          0          0   (incl. Padding)

    ----------------------------------------------------------------------

      Code (inc. data)   RO Data    RW Data    ZI Data      Debug   Library Name

        86         16          0          0          0         68   mc_w.l

    ----------------------------------------------------------------------
        86         16          0          0          0         68   Library Totals

    ----------------------------------------------------------------------

==============================================================================


      Code (inc. data)   RO Data    RW Data    ZI Data      Debug   

      1764        132        508        160       1104     287834   Grand Totals
      1764        132        508        160       1104     287834   ELF Image Totals
      1764        132        508        160          0          0   ROM Totals

==============================================================================

    Total RO  Size (Code + RO Data)                 2272 (   2.22kB)
    Total RW  Size (RW Data + ZI Data)              1264 (   1.23kB)
    Total ROM Size (Code + RO Data + RW Data)       2432 (   2.38kB)

==============================================================================

