<html>
<body>
<pre>
<h1>礦ision Build Log</h1>
<h2>Tool Versions:</h2>
IDE-Version: μVision V5.29.0.0
Copyright (C) 2019 ARM Ltd and ARM Germany GmbH. All rights reserved.
License Information: Jason Pei, zzuli, LIC=TIVNB-2RQWJ-2Z5W4-FR8WL-44UUS-IHSYN
 
Tool Versions:
Toolchain:       MDK-ARM Plus  Version: 5.29.0.0
Toolchain Path:  D:\apps\Keil_v5\ARM\ARMCC\Bin
C Compiler:      Armcc.exe V5.06 update 6 (build 750)
Assembler:       Armasm.exe V5.06 update 6 (build 750)
Linker/Locator:  ArmLink.exe V5.06 update 6 (build 750)
Library Manager: ArmAr.exe V5.06 update 6 (build 750)
Hex Converter:   FromElf.exe V5.06 update 6 (build 750)
CPU DLL:         SARMCM3.DLL V5.29.0.0
Dialog DLL:      DCM.DLL V1.17.3.0
Target DLL:      UL2CM3.DLL V1.163.0.0
Dialog DLL:      TCM.DLL V1.36.5.0
 
<h2>Project:</h2>
E:\code\embedded-systems-learning\基于ARM内核的智能手环\项目文件\STM32\project\STM32.uvprojx
Project File Date:  04/06/2024

<h2>Output:</h2>
*** Using Compiler 'V5.06 update 6 (build 750)', folder: 'D:\apps\Keil_v5\ARM\ARMCC\Bin'
Rebuild target 'Target 1'
assembling startup_stm32f10x_hd.s...
compiling system_stm32f10x.c...
compiling ADC2.c...
..\user\api\key.h(8): warning:  #1295-D: Deprecated declaration KEY_Config - give arg types
  void KEY_Config();
..\user\api\beep.h(12): warning:  #1295-D: Deprecated declaration BEEP_Config - give arg types
  void BEEP_Config();
..\user\api\draw.h(16): warning:  #1-D: last line of file ends without a newline
  #endif
..\user\api\daiji1.h(9): warning:  #1-D: last line of file ends without a newline
  #endif
..\user\api\ADC2.h(6): warning:  #1295-D: Deprecated declaration ADC2_Config - give arg types
  void ADC2_Config();
..\user\api\ADC2.h(7): warning:  #1295-D: Deprecated declaration ADC2_GetValue - give arg types
  void ADC2_GetValue();
..\user\api\ADC2.c: 6 warnings, 0 errors
compiling beep.c...
..\user\api\key.h(8): warning:  #1295-D: Deprecated declaration KEY_Config - give arg types
  void KEY_Config();
..\user\api\ADC2.h(6): warning:  #1295-D: Deprecated declaration ADC2_Config - give arg types
  void ADC2_Config();
..\user\api\ADC2.h(7): warning:  #1295-D: Deprecated declaration ADC2_GetValue - give arg types
  void ADC2_GetValue();
..\user\api\draw.h(16): warning:  #1-D: last line of file ends without a newline
  #endif
..\user\api\daiji1.h(9): warning:  #1-D: last line of file ends without a newline
  #endif
..\user\api\beep.h(12): warning:  #1295-D: Deprecated declaration BEEP_Config - give arg types
  void BEEP_Config();
..\user\api\beep.c: 6 warnings, 0 errors
compiling led.c...
..\user\api\key.h(8): warning:  #1295-D: Deprecated declaration KEY_Config - give arg types
  void KEY_Config();
..\user\api\beep.h(12): warning:  #1295-D: Deprecated declaration BEEP_Config - give arg types
  void BEEP_Config();
..\user\api\ADC2.h(6): warning:  #1295-D: Deprecated declaration ADC2_Config - give arg types
  void ADC2_Config();
..\user\api\ADC2.h(7): warning:  #1295-D: Deprecated declaration ADC2_GetValue - give arg types
  void ADC2_GetValue();
..\user\api\draw.h(16): warning:  #1-D: last line of file ends without a newline
  #endif
..\user\api\daiji1.h(9): warning:  #1-D: last line of file ends without a newline
  #endif
..\user\api\led.c: 6 warnings, 0 errors
compiling delay.c...
..\user\api\key.h(8): warning:  #1295-D: Deprecated declaration KEY_Config - give arg types
  void KEY_Config();
..\user\api\beep.h(12): warning:  #1295-D: Deprecated declaration BEEP_Config - give arg types
  void BEEP_Config();
..\user\api\ADC2.h(6): warning:  #1295-D: Deprecated declaration ADC2_Config - give arg types
  void ADC2_Config();
..\user\api\ADC2.h(7): warning:  #1295-D: Deprecated declaration ADC2_GetValue - give arg types
  void ADC2_GetValue();
..\user\api\draw.h(16): warning:  #1-D: last line of file ends without a newline
  #endif
..\user\api\daiji1.h(9): warning:  #1-D: last line of file ends without a newline
  #endif
..\user\api\delay.c: 6 warnings, 0 errors
compiling stm32f10x_it.c...
compiling adc.c...
compiling key.c...
..\user\api\beep.h(12): warning:  #1295-D: Deprecated declaration BEEP_Config - give arg types
  void BEEP_Config();
..\user\api\ADC2.h(6): warning:  #1295-D: Deprecated declaration ADC2_Config - give arg types
  void ADC2_Config();
..\user\api\ADC2.h(7): warning:  #1295-D: Deprecated declaration ADC2_GetValue - give arg types
  void ADC2_GetValue();
..\user\api\draw.h(16): warning:  #1-D: last line of file ends without a newline
  #endif
..\user\api\daiji1.h(9): warning:  #1-D: last line of file ends without a newline
  #endif
..\user\api\key.h(8): warning:  #1295-D: Deprecated declaration KEY_Config - give arg types
  void KEY_Config();
..\user\api\key.c: 6 warnings, 0 errors
compiling usart1.c...
..\user\api\key.h(8): warning:  #1295-D: Deprecated declaration KEY_Config - give arg types
  void KEY_Config();
..\user\api\beep.h(12): warning:  #1295-D: Deprecated declaration BEEP_Config - give arg types
  void BEEP_Config();
..\user\api\ADC2.h(6): warning:  #1295-D: Deprecated declaration ADC2_Config - give arg types
  void ADC2_Config();
..\user\api\ADC2.h(7): warning:  #1295-D: Deprecated declaration ADC2_GetValue - give arg types
  void ADC2_GetValue();
..\user\api\draw.h(16): warning:  #1-D: last line of file ends without a newline
  #endif
..\user\api\daiji1.h(9): warning:  #1-D: last line of file ends without a newline
  #endif
..\user\api\usart1.c: 6 warnings, 0 errors
compiling dht11.c...
..\user\api\key.h(8): warning:  #1295-D: Deprecated declaration KEY_Config - give arg types
  void KEY_Config();
..\user\api\beep.h(12): warning:  #1295-D: Deprecated declaration BEEP_Config - give arg types
  void BEEP_Config();
..\user\api\ADC2.h(6): warning:  #1295-D: Deprecated declaration ADC2_Config - give arg types
  void ADC2_Config();
..\user\api\ADC2.h(7): warning:  #1295-D: Deprecated declaration ADC2_GetValue - give arg types
  void ADC2_GetValue();
..\user\api\draw.h(16): warning:  #1-D: last line of file ends without a newline
  #endif
..\user\api\daiji1.h(9): warning:  #1-D: last line of file ends without a newline
  #endif
..\user\api\dht11.c: 6 warnings, 0 errors
compiling rtc.c...
..\user\api\key.h(8): warning:  #1295-D: Deprecated declaration KEY_Config - give arg types
  void KEY_Config();
..\user\api\beep.h(12): warning:  #1295-D: Deprecated declaration BEEP_Config - give arg types
  void BEEP_Config();
..\user\api\ADC2.h(6): warning:  #1295-D: Deprecated declaration ADC2_Config - give arg types
  void ADC2_Config();
..\user\api\ADC2.h(7): warning:  #1295-D: Deprecated declaration ADC2_GetValue - give arg types
  void ADC2_GetValue();
..\user\api\draw.h(16): warning:  #1-D: last line of file ends without a newline
  #endif
..\user\api\daiji1.h(9): warning:  #1-D: last line of file ends without a newline
  #endif
..\user\api\rtc.c: 6 warnings, 0 errors
compiling main.c...
..\user\api\key.h(8): warning:  #1295-D: Deprecated declaration KEY_Config - give arg types
  void KEY_Config();
..\user\api\beep.h(12): warning:  #1295-D: Deprecated declaration BEEP_Config - give arg types
  void BEEP_Config();
..\user\api\ADC2.h(6): warning:  #1295-D: Deprecated declaration ADC2_Config - give arg types
  void ADC2_Config();
..\user\api\ADC2.h(7): warning:  #1295-D: Deprecated declaration ADC2_GetValue - give arg types
  void ADC2_GetValue();
..\user\api\draw.h(16): warning:  #1-D: last line of file ends without a newline
  #endif
..\user\api\daiji1.h(9): warning:  #1-D: last line of file ends without a newline
  #endif
..\user\main.c: 6 warnings, 0 errors
compiling draw.c...
..\user\api\key.h(8): warning:  #1295-D: Deprecated declaration KEY_Config - give arg types
  void KEY_Config();
..\user\api\beep.h(12): warning:  #1295-D: Deprecated declaration BEEP_Config - give arg types
  void BEEP_Config();
..\user\api\ADC2.h(6): warning:  #1295-D: Deprecated declaration ADC2_Config - give arg types
  void ADC2_Config();
..\user\api\ADC2.h(7): warning:  #1295-D: Deprecated declaration ADC2_GetValue - give arg types
  void ADC2_GetValue();
..\user\api\draw.h(16): warning:  #1-D: last line of file ends without a newline
  #endif
..\user\api\daiji1.h(9): warning:  #1-D: last line of file ends without a newline
  #endif
..\user\api\draw.h(16): warning:  #1-D: last line of file ends without a newline
  #endif
..\user\api\draw.c: 7 warnings, 0 errors
compiling timer.c...
..\user\api\key.h(8): warning:  #1295-D: Deprecated declaration KEY_Config - give arg types
  void KEY_Config();
..\user\api\beep.h(12): warning:  #1295-D: Deprecated declaration BEEP_Config - give arg types
  void BEEP_Config();
..\user\api\ADC2.h(6): warning:  #1295-D: Deprecated declaration ADC2_Config - give arg types
  void ADC2_Config();
..\user\api\ADC2.h(7): warning:  #1295-D: Deprecated declaration ADC2_GetValue - give arg types
  void ADC2_GetValue();
..\user\api\draw.h(16): warning:  #1-D: last line of file ends without a newline
  #endif
..\user\api\daiji1.h(9): warning:  #1-D: last line of file ends without a newline
  #endif
..\user\api\timer.c: 6 warnings, 0 errors
compiling daiji.c...
compiling ymxl.c...
compiling bsp_lcd.c...
..\user\api\key.h(8): warning:  #1295-D: Deprecated declaration KEY_Config - give arg types
  void KEY_Config();
..\user\api\beep.h(12): warning:  #1295-D: Deprecated declaration BEEP_Config - give arg types
  void BEEP_Config();
..\user\api\ADC2.h(6): warning:  #1295-D: Deprecated declaration ADC2_Config - give arg types
  void ADC2_Config();
..\user\api\ADC2.h(7): warning:  #1295-D: Deprecated declaration ADC2_GetValue - give arg types
  void ADC2_GetValue();
..\user\api\draw.h(16): warning:  #1-D: last line of file ends without a newline
  #endif
..\user\api\daiji1.h(9): warning:  #1-D: last line of file ends without a newline
  #endif
..\user\api\bsp_lcd.c: 6 warnings, 0 errors
compiling xinlv.c...
..\user\api\key.h(8): warning:  #1295-D: Deprecated declaration KEY_Config - give arg types
  void KEY_Config();
..\user\api\beep.h(12): warning:  #1295-D: Deprecated declaration BEEP_Config - give arg types
  void BEEP_Config();
..\user\api\ADC2.h(6): warning:  #1295-D: Deprecated declaration ADC2_Config - give arg types
  void ADC2_Config();
..\user\api\ADC2.h(7): warning:  #1295-D: Deprecated declaration ADC2_GetValue - give arg types
  void ADC2_GetValue();
..\user\api\draw.h(16): warning:  #1-D: last line of file ends without a newline
  #endif
..\user\api\daiji1.h(9): warning:  #1-D: last line of file ends without a newline
  #endif
..\user\api\xinlv.c: 6 warnings, 0 errors
compiling zhuye.c...
compiling ymyd.c...
compiling biaopan1.c...
..\user\api\key.h(8): warning:  #1295-D: Deprecated declaration KEY_Config - give arg types
  void KEY_Config();
..\user\api\beep.h(12): warning:  #1295-D: Deprecated declaration BEEP_Config - give arg types
  void BEEP_Config();
..\user\api\ADC2.h(6): warning:  #1295-D: Deprecated declaration ADC2_Config - give arg types
  void ADC2_Config();
..\user\api\ADC2.h(7): warning:  #1295-D: Deprecated declaration ADC2_GetValue - give arg types
  void ADC2_GetValue();
..\user\api\draw.h(16): warning:  #1-D: last line of file ends without a newline
  #endif
..\user\api\daiji1.h(9): warning:  #1-D: last line of file ends without a newline
  #endif
..\user\api\biaopan1.c(58): warning:  #223-D: function "showyemian1" declared implicitly
  					showyemian1(HOUR,MIN,CHOUR,CMIN);
..\user\api\biaopan1.c(60): warning:  #223-D: function "showyemian2" declared implicitly
  					showyemian2();
..\user\api\biaopan1.c(62): warning:  #223-D: function "showyemian3" declared implicitly
  					showyemian3(100);
..\user\api\biaopan1.c(64): warning:  #223-D: function "showyemian4" declared implicitly
  					showyemian4();
..\user\api\biaopan1.c(136): warning:  #1-D: last line of file ends without a newline
  }
..\user\api\biaopan1.c(19): warning:  #177-D: variable "sx1"  was declared but never referenced
      int sx1 = 0;
..\user\api\biaopan1.c(20): warning:  #177-D: variable "sx2"  was declared but never referenced
      int sx2 = 0;
..\user\api\biaopan1.c(21): warning:  #177-D: variable "sy1"  was declared but never referenced
      int sy1 = 0;
..\user\api\biaopan1.c(22): warning:  #177-D: variable "sy2"  was declared but never referenced
      int sy2 = 0;
..\user\api\biaopan1.c: 15 warnings, 0 errors
compiling StepCount.c...
compiling mpu6050.c...
..\user\api\key.h(8): warning:  #1295-D: Deprecated declaration KEY_Config - give arg types
  void KEY_Config();
..\user\api\beep.h(12): warning:  #1295-D: Deprecated declaration BEEP_Config - give arg types
  void BEEP_Config();
..\user\api\ADC2.h(6): warning:  #1295-D: Deprecated declaration ADC2_Config - give arg types
  void ADC2_Config();
..\user\api\ADC2.h(7): warning:  #1295-D: Deprecated declaration ADC2_GetValue - give arg types
  void ADC2_GetValue();
..\user\api\draw.h(16): warning:  #1-D: last line of file ends without a newline
  #endif
..\user\api\daiji1.h(9): warning:  #1-D: last line of file ends without a newline
  #endif
..\user\api\mpu6050.c: 6 warnings, 0 errors
compiling daiji1.c...
..\user\api\key.h(8): warning:  #1295-D: Deprecated declaration KEY_Config - give arg types
  void KEY_Config();
..\user\api\beep.h(12): warning:  #1295-D: Deprecated declaration BEEP_Config - give arg types
  void BEEP_Config();
..\user\api\ADC2.h(6): warning:  #1295-D: Deprecated declaration ADC2_Config - give arg types
  void ADC2_Config();
..\user\api\ADC2.h(7): warning:  #1295-D: Deprecated declaration ADC2_GetValue - give arg types
  void ADC2_GetValue();
..\user\api\draw.h(16): warning:  #1-D: last line of file ends without a newline
  #endif
..\user\api\daiji1.h(9): warning:  #1-D: last line of file ends without a newline
  #endif
..\user\api\daiji1.h(9): warning:  #1-D: last line of file ends without a newline
  #endif
..\user\api\daiji1.c(46): warning:  #1-D: last line of file ends without a newline
  }
..\user\api\daiji1.c: 8 warnings, 0 errors
compiling yemian1.c...
..\user\api\key.h(8): warning:  #1295-D: Deprecated declaration KEY_Config - give arg types
  void KEY_Config();
..\user\api\beep.h(12): warning:  #1295-D: Deprecated declaration BEEP_Config - give arg types
  void BEEP_Config();
..\user\api\ADC2.h(6): warning:  #1295-D: Deprecated declaration ADC2_Config - give arg types
  void ADC2_Config();
..\user\api\ADC2.h(7): warning:  #1295-D: Deprecated declaration ADC2_GetValue - give arg types
  void ADC2_GetValue();
..\user\api\draw.h(16): warning:  #1-D: last line of file ends without a newline
  #endif
..\user\api\daiji1.h(9): warning:  #1-D: last line of file ends without a newline
  #endif
..\user\api\yemian1.h(6): warning:  #1295-D: Deprecated declaration showyemian1 - give arg types
  void showyemian1();
..\user\api\yemian1.h(7): warning:  #1295-D: Deprecated declaration showyemian2 - give arg types
  void showyemian2();
..\user\api\yemian1.h(9): warning:  #1295-D: Deprecated declaration showyemian4 - give arg types
  void showyemian4();
..\user\api\yemian1.h(11): warning:  #1-D: last line of file ends without a newline
  #endif
..\user\api\yemian1.c(37): warning:  #167-D: argument of type "u8 *" is incompatible with parameter of type "char *__restrict__"
  		sprintf(buf,"%d°C",(int)dht11.tem);
..\user\api\yemian1.c(88): warning:  #167-D: argument of type "u8 *" is incompatible with parameter of type "char *__restrict__"
  		sprintf(buf,"%d°C",(int)dht11.tem);
..\user\api\yemian1.c(188): warning:  #167-D: argument of type "u8 *" is incompatible with parameter of type "char *__restrict__"
  			sprintf(arr,"%.2f M",StepCount*0.3);
..\user\api\yemian1.c(216): warning:  #177-D: variable "buf"  was declared but never referenced
  	u8 buf[24] = {0};
..\user\api\yemian1.c(217): warning:  #177-D: variable "buf1"  was declared but never referenced
  	u8 buf1[24] = {0};
..\user\api\yemian1.c: 15 warnings, 0 errors
compiling ymwd.c...
compiling misc.c...
compiling stm32f10x_adc.c...
compiling stm32f10x_bkp.c...
compiling stm32f10x_crc.c...
compiling stm32f10x_can.c...
compiling stm32f10x_dac.c...
compiling stm32f10x_dbgmcu.c...
compiling stm32f10x_dma.c...
compiling stm32f10x_exti.c...
compiling stm32f10x_fsmc.c...
compiling stm32f10x_flash.c...
compiling stm32f10x_gpio.c...
compiling stm32f10x_cec.c...
compiling stm32f10x_iwdg.c...
compiling stm32f10x_i2c.c...
compiling stm32f10x_pwr.c...
compiling stm32f10x_rcc.c...
compiling stm32f10x_rtc.c...
compiling stm32f10x_sdio.c...
compiling stm32f10x_spi.c...
compiling stm32f10x_wwdg.c...
compiling stm32f10x_usart.c...
compiling stm32f10x_tim.c...
linking...
Program Size: Code=35376 RO-data=361484 RW-data=268 ZI-data=1396  
FromELF: creating hex file...
".\Objects\STM32.axf" - 0 Error(s), 123 Warning(s).

<h2>Software Packages used:</h2>

Package Vendor: ARM
                http://www.keil.com/pack/ARM.CMSIS.5.6.0.pack
                ARM.CMSIS.5.6.0
                CMSIS (Cortex Microcontroller Software Interface Standard)
   * Component: CORE Version: 5.3.0

Package Vendor: Keil
                http://www.keil.com/pack/Keil.STM32F1xx_DFP.2.4.0.pack
                Keil.STM32F1xx_DFP.2.4.0
                STMicroelectronics STM32F1 Series Device Support, Drivers and Examples

<h2>Collection of Component include folders:</h2>
  .\RTE\_Target_1
  D:\apps\Keil_v5\Arm\Packs\ARM\CMSIS\5.6.0\CMSIS\Core\Include
  D:\apps\Keil_v5\Arm\Packs\Keil\STM32F1xx_DFP\2.4.0\Device\Include

<h2>Collection of Component Files used:</h2>

   * Component: ARM::CMSIS:CORE:5.3.0
Build Time Elapsed:  00:00:07
</pre>
</body>
</html>
